
 Start         Length     Name                   Class
 0001:00401000 0000B9E08H _TEXT                  CODE
 0002:004BB000 00001535CH _DATA                  DATA
 0003:004D035C 0000159E8H _BSS                   BSS
 0004:00000000 0000000BCH _TLS                   TLS


Detailed map of segments
 0001:00000000 0000014F C=CODE    S=_TEXT    G=(none)   M=C:\ARCHIVOS DE PROGRAMA\BORLAND\CBUILDER4\LIB\C0W32.OBJ ACBP=A9
 0001:0000014F 00000171 C=CODE    S=_TEXT    G=(none)   M=C:\ARCHIVOS DE PROGRAMA\BORLAND\CBUILDER4\LIB\OBJ\SYSINIT.OBJ ACBP=A9
 0001:000002C0 00000428 C=CODE    S=_TEXT    G=(none)   M=C:\ANTO\PROYECTO\WINSUPERDLX\SUPERDLX.OBJ ACBP=A9
 0001:000006E8 00007BE8 C=CODE    S=_TEXT    G=(none)   M=C:\ANTO\PROYECTO\WINSUPERDLX\UNIT1.OBJ ACBP=A9
 0001:000082D0 00000350 C=CODE    S=_TEXT    G=(none)   M=C:\ANTO\PROYECTO\WINSUPERDLX\UNIT2.OBJ ACBP=A9
 0001:00008620 00000340 C=CODE    S=_TEXT    G=(none)   M=C:\ANTO\PROYECTO\WINSUPERDLX\UNIT3.OBJ ACBP=A9
 0001:00008960 000022DC C=CODE    S=_TEXT    G=(none)   M=C:\ANTO\PROYECTO\WINSUPERDLX\ASM.OBJ ACBP=A9
 0001:0000AC3C 00000415 C=CODE    S=_TEXT    G=(none)   M=C:\ANTO\PROYECTO\WINSUPERDLX\GETPUT.OBJ ACBP=A9
 0001:0000B054 000004BD C=CODE    S=_TEXT    G=(none)   M=C:\ANTO\PROYECTO\WINSUPERDLX\HASH.OBJ ACBP=A9
 0001:0000B514 00000CCC C=CODE    S=_TEXT    G=(none)   M=C:\ANTO\PROYECTO\WINSUPERDLX\INSPECT.OBJ ACBP=A9
 0001:0000C1E0 000003FC C=CODE    S=_TEXT    G=(none)   M=C:\ANTO\PROYECTO\WINSUPERDLX\MALLTRAP.OBJ ACBP=A9
 0001:0000C5DC 00000D55 C=CODE    S=_TEXT    G=(none)   M=C:\ANTO\PROYECTO\WINSUPERDLX\READ.OBJ ACBP=A9
 0001:0000D334 00002A77 C=CODE    S=_TEXT    G=(none)   M=C:\ANTO\PROYECTO\WINSUPERDLX\SIM.OBJ ACBP=A9
 0001:0000FDAC 00000C86 C=CODE    S=_TEXT    G=(none)   M=C:\ANTO\PROYECTO\WINSUPERDLX\STRTRAP.OBJ ACBP=A9
 0001:00010A34 00001908 C=CODE    S=_TEXT    G=(none)   M=C:\ANTO\PROYECTO\WINSUPERDLX\SUPERCALC.OBJ ACBP=A9
 0001:0001233C 00000788 C=CODE    S=_TEXT    G=(none)   M=C:\ANTO\PROYECTO\WINSUPERDLX\SUPERDECODE.OBJ ACBP=A9
 0001:00012AC4 00000373 C=CODE    S=_TEXT    G=(none)   M=C:\ANTO\PROYECTO\WINSUPERDLX\SUPERFETCH.OBJ ACBP=A9
 0001:00012E38 00000E5C C=CODE    S=_TEXT    G=(none)   M=C:\ANTO\PROYECTO\WINSUPERDLX\SUPERSIM.OBJ ACBP=A9
 0001:00013C94 00000BA7 C=CODE    S=_TEXT    G=(none)   M=C:\ANTO\PROYECTO\WINSUPERDLX\SYM.OBJ ACBP=A9
 0001:0001483C 0000136A C=CODE    S=_TEXT    G=(none)   M=C:\ANTO\PROYECTO\WINSUPERDLX\TRAP.OBJ ACBP=A9
 0001:00015BA6 000002B6 C=CODE    S=_TEXT    G=(none)   M=C:\ANTO\PROYECTO\WINSUPERDLX\UNIT4.OBJ ACBP=A9
 0001:00015E5C 00003BDC C=CODE    S=_TEXT    G=(none)   M=C:\ARCHIVOS DE PROGRAMA\BORLAND\CBUILDER4\LIB\RELEASE\VCLX40.LIB|Outline ACBP=A9
 0001:00019A38 00001EAC C=CODE    S=_TEXT    G=(none)   M=C:\ANTO\PROYECTO\WINSUPERDLX\CONFIGURACION.OBJ ACBP=A9
 0001:0001B8E4 0000033C C=CODE    S=_TEXT    G=(none)   M=C:\ANTO\PROYECTO\WINSUPERDLX\UNIT5.OBJ ACBP=A9
 0001:0001BC20 0000037C C=CODE    S=_TEXT    G=(none)   M=C:\ANTO\PROYECTO\WINSUPERDLX\FLOATINSTRUCTIONWINDOW.OBJ ACBP=A9
 0001:0001BF9C 00000374 C=CODE    S=_TEXT    G=(none)   M=C:\ANTO\PROYECTO\WINSUPERDLX\INTINSTRUCTIONWINDOW.OBJ ACBP=A9
 0001:0001C310 00000344 C=CODE    S=_TEXT    G=(none)   M=C:\ANTO\PROYECTO\WINSUPERDLX\RBINT.OBJ ACBP=A9
 0001:0001C654 0000034C C=CODE    S=_TEXT    G=(none)   M=C:\ANTO\PROYECTO\WINSUPERDLX\LOADBUFFER.OBJ ACBP=A9
 0001:0001C9A0 00000354 C=CODE    S=_TEXT    G=(none)   M=C:\ANTO\PROYECTO\WINSUPERDLX\STOREBUFFER.OBJ ACBP=A9
 0001:0001CCF4 00000364 C=CODE    S=_TEXT    G=(none)   M=C:\ANTO\PROYECTO\WINSUPERDLX\INSTRUCTIONQUEUE.OBJ ACBP=A9
 0001:0001D058 000005CC C=CODE    S=_TEXT    G=(none)   M=C:\ANTO\PROYECTO\WINSUPERDLX\GOTOADDRESS.OBJ ACBP=A9
 0001:0001D624 000015BC C=CODE    S=_TEXT    G=(none)   M=C:\ANTO\PROYECTO\WINSUPERDLX\NEXT.OBJ ACBP=A9
 0001:0001EBE0 000005B8 C=CODE    S=_TEXT    G=(none)   M=C:\ANTO\PROYECTO\WINSUPERDLX\FICHREG.OBJ ACBP=A9
 0001:0001F198 000003AC C=CODE    S=_TEXT    G=(none)   M=C:\ANTO\PROYECTO\WINSUPERDLX\ESTADISTICAS.OBJ ACBP=A9
 0001:0001F544 000003DE C=CODE    S=_TEXT    G=(none)   M=C:\ANTO\PROYECTO\WINSUPERDLX\COLAHISTORIA.OBJ ACBP=A9
 0001:0001F8D6 00000D0A C=CODE    S=_TEXT    G=(none)   M=C:\ANTO\PROYECTO\WINSUPERDLX\HISTORIA.OBJ ACBP=A9
 0001:000205E0 00000EFC C=CODE    S=_TEXT    G=(none)   M=C:\ANTO\PROYECTO\WINSUPERDLX\BRANCHFORM.OBJ ACBP=A9
 0001:000214DC 00000157 C=CODE    S=_TEXT    G=(none)   M=C:\ANTO\PROYECTO\WINSUPERDLX\BRANCHPRED.OBJ ACBP=A9
 0001:00021633 000005BD C=CODE    S=_TEXT    G=(none)   M=C:\ANTO\PROYECTO\WINSUPERDLX\LEGEND.OBJ ACBP=A9
 0001:00021BF0 0000004B C=CODE    S=_TEXT    G=(none)   M=C:\ANTO\PROYECTO\WINSUPERDLX\TCL.LIB|list_remove ACBP=A9
 0001:00021C3C 00000023 C=CODE    S=_TEXT    G=(none)   M=C:\ANTO\PROYECTO\WINSUPERDLX\TCL.LIB|list_init ACBP=A9
 0001:00021C60 000011C3 C=CODE    S=_TEXT    G=(none)   M=C:\ANTO\PROYECTO\WINSUPERDLX\TCL.LIB|tclmini ACBP=A9
 0001:00022E24 0000004F C=CODE    S=_TEXT    G=(none)   M=C:\ANTO\PROYECTO\WINSUPERDLX\TCL.LIB|list_insert ACBP=A9
 0001:00022E73 0000162D C=CODE    S=_TEXT    G=(none)   M=C:\ARCHIVOS DE PROGRAMA\BORLAND\CBUILDER4\LIB\BCBSMP40.LIB|CCALENDR.CPP ACBP=A9
 0001:000244A0 00001D44 C=CODE    S=_TEXT    G=(none)   M=C:\ARCHIVOS DE PROGRAMA\BORLAND\CBUILDER4\LIB\BCBSMP40.LIB|CGRID.CPP ACBP=A9
 0001:000261E4 00001F64 C=CODE    S=_TEXT    G=(none)   M=C:\ARCHIVOS DE PROGRAMA\BORLAND\CBUILDER4\LIB\BCBSMP40.LIB|cdiroutl.cpp ACBP=A9
 0001:00028148 00001C70 C=CODE    S=_TEXT    G=(none)   M=C:\ARCHIVOS DE PROGRAMA\BORLAND\CBUILDER4\LIB\BCBSMP40.LIB|CGAUGES.CPP ACBP=A9
 0001:00029DB8 000023C0 C=CODE    S=_TEXT    G=(none)   M=C:\ARCHIVOS DE PROGRAMA\BORLAND\CBUILDER4\LIB\BCBSMP40.LIB|CSPIN.CPP ACBP=A9
 0001:0002C178 00001D88 C=CODE    S=_TEXT    G=(none)   M=C:\ARCHIVOS DE PROGRAMA\BORLAND\CBUILDER4\LIB\BCBSMP40.LIB|PERFGRAP.CPP ACBP=A9
 0001:0002DF00 00000050 C=CODE    S=_TEXT    G=(none)   M=C:\ARCHIVOS DE PROGRAMA\BORLAND\CBUILDER4\LIB\VCLJPG40.LIB|jconsts ACBP=A9
 0001:0002DF50 0001386C C=CODE    S=_TEXT    G=(none)   M=C:\ARCHIVOS DE PROGRAMA\BORLAND\CBUILDER4\LIB\VCLJPG40.LIB|jpeg ACBP=A9
 0001:000417BC 0000042C C=CODE    S=_TEXT    G=(none)   M=C:\ARCHIVOS DE PROGRAMA\BORLAND\CBUILDER4\PROJECTS\LIB\DCLUSR40.LIB|C:\componentes\CTListBox.cpp ACBP=A9
 0001:00041BE8 00000038 C=CODE    S=_TEXT    G=(none)   M=C:\ARCHIVOS DE PROGRAMA\BORLAND\CBUILDER4\LIB\RELEASE\VCL40.LIB|UrlMon ACBP=A9
 0001:00041C20 0000015C C=CODE    S=_TEXT    G=(none)   M=C:\ARCHIVOS DE PROGRAMA\BORLAND\CBUILDER4\LIB\RELEASE\VCL40.LIB|StdActns ACBP=A9
 0001:00041D7C 00001994 C=CODE    S=_TEXT    G=(none)   M=C:\ARCHIVOS DE PROGRAMA\BORLAND\CBUILDER4\LIB\RELEASE\VCL40.LIB|ImgList ACBP=A9
 0001:00043710 00000E44 C=CODE    S=_TEXT    G=(none)   M=C:\ARCHIVOS DE PROGRAMA\BORLAND\CBUILDER4\LIB\RELEASE\VCL40.LIB|ActnList ACBP=A9
 0001:00044554 00000A88 C=CODE    S=_TEXT    G=(none)   M=C:\ARCHIVOS DE PROGRAMA\BORLAND\CBUILDER4\LIB\RELEASE\VCL40.LIB|ToolWin ACBP=A9
 0001:00044FDC 00000544 C=CODE    S=_TEXT    G=(none)   M=C:\ARCHIVOS DE PROGRAMA\BORLAND\CBUILDER4\LIB\RELEASE\VCL40.LIB|TypInfo ACBP=A9
 0001:00045520 00006BDC C=CODE    S=_TEXT    G=(none)   M=C:\ARCHIVOS DE PROGRAMA\BORLAND\CBUILDER4\LIB\RELEASE\VCL40.LIB|StdCtrls ACBP=A9
 0001:0004C0FC 00000044 C=CODE    S=_TEXT    G=(none)   M=C:\ARCHIVOS DE PROGRAMA\BORLAND\CBUILDER4\LIB\RELEASE\VCL40.LIB|Printers ACBP=A9
 0001:0004C140 00004526 C=CODE    S=_TEXT    G=(none)   M=C:\ARCHIVOS DE PROGRAMA\BORLAND\CBUILDER4\LIB\RELEASE\VCL40.LIB|Menus ACBP=A9
 0001:00050666 000029C6 C=CODE    S=_TEXT    G=(none)   M=C:\ARCHIVOS DE PROGRAMA\BORLAND\CBUILDER4\LIB\RELEASE\VCL40.LIB|Mask ACBP=A9
 0001:0005302C 00008E4C C=CODE    S=_TEXT    G=(none)   M=C:\ARCHIVOS DE PROGRAMA\BORLAND\CBUILDER4\LIB\RELEASE\VCL40.LIB|Grids ACBP=A9
 0001:0005BE78 0000943B C=CODE    S=_TEXT    G=(none)   M=C:\ARCHIVOS DE PROGRAMA\BORLAND\CBUILDER4\LIB\RELEASE\VCL40.LIB|Graphics ACBP=A9
 0001:000652B4 0000C8FF C=CODE    S=_TEXT    G=(none)   M=C:\ARCHIVOS DE PROGRAMA\BORLAND\CBUILDER4\LIB\RELEASE\VCL40.LIB|Forms ACBP=A9
 0001:00071BB4 000035C0 C=CODE    S=_TEXT    G=(none)   M=C:\ARCHIVOS DE PROGRAMA\BORLAND\CBUILDER4\LIB\RELEASE\VCL40.LIB|ExtCtrls ACBP=A9
 0001:00075174 00001DE1 C=CODE    S=_TEXT    G=(none)   M=C:\ARCHIVOS DE PROGRAMA\BORLAND\CBUILDER4\LIB\RELEASE\VCL40.LIB|Dialogs ACBP=A9
 0001:00076F58 0000F21F C=CODE    S=_TEXT    G=(none)   M=C:\ARCHIVOS DE PROGRAMA\BORLAND\CBUILDER4\LIB\RELEASE\VCL40.LIB|Controls ACBP=A9
 0001:00086177 00000489 C=CODE    S=_TEXT    G=(none)   M=C:\ARCHIVOS DE PROGRAMA\BORLAND\CBUILDER4\LIB\RELEASE\VCL40.LIB|Consts ACBP=A9
 0001:00086600 00000080 C=CODE    S=_TEXT    G=(none)   M=C:\ARCHIVOS DE PROGRAMA\BORLAND\CBUILDER4\LIB\RELEASE\VCL40.LIB|ComStrs ACBP=A9
 0001:00086680 0000CCC8 C=CODE    S=_TEXT    G=(none)   M=C:\ARCHIVOS DE PROGRAMA\BORLAND\CBUILDER4\LIB\RELEASE\VCL40.LIB|ComCtrls ACBP=A9
 0001:00093348 00000674 C=CODE    S=_TEXT    G=(none)   M=C:\ARCHIVOS DE PROGRAMA\BORLAND\CBUILDER4\LIB\RELEASE\VCL40.LIB|ClipBrd ACBP=A9
 0001:000939BC 000080A1 C=CODE    S=_TEXT    G=(none)   M=C:\ARCHIVOS DE PROGRAMA\BORLAND\CBUILDER4\LIB\RELEASE\VCL40.LIB|Classes ACBP=A9
 0001:0009BA5D 0000306C C=CODE    S=_TEXT    G=(none)   M=C:\ARCHIVOS DE PROGRAMA\BORLAND\CBUILDER4\LIB\RELEASE\VCL40.LIB|Buttons ACBP=A9
 0001:0009EAC9 00000792 C=CODE    S=_TEXT    G=(none)   M=C:\ARCHIVOS DE PROGRAMA\BORLAND\CBUILDER4\LIB\RELEASE\VCL40.LIB|MultiMon ACBP=A9
 0001:0009F25B 00000320 C=CODE    S=_TEXT    G=(none)   M=C:\ARCHIVOS DE PROGRAMA\BORLAND\CBUILDER4\LIB\RELEASE\VCL40.LIB|FlatSB ACBP=A9
 0001:0009F57B 00000039 C=CODE    S=_TEXT    G=(none)   M=C:\ARCHIVOS DE PROGRAMA\BORLAND\CBUILDER4\LIB\RELEASE\VCL40.LIB|Winspool ACBP=A9
 0001:0009F5B4 00000208 C=CODE    S=_TEXT    G=(none)   M=C:\ARCHIVOS DE PROGRAMA\BORLAND\CBUILDER4\LIB\RELEASE\VCL40.LIB|Windows ACBP=A9
 0001:0009F7BC 00000038 C=CODE    S=_TEXT    G=(none)   M=C:\ARCHIVOS DE PROGRAMA\BORLAND\CBUILDER4\LIB\RELEASE\VCL40.LIB|RichEdit ACBP=A9
 0001:0009F7F4 00000038 C=CODE    S=_TEXT    G=(none)   M=C:\ARCHIVOS DE PROGRAMA\BORLAND\CBUILDER4\LIB\RELEASE\VCL40.LIB|ActiveX ACBP=A9
 0001:0009F82C 00000038 C=CODE    S=_TEXT    G=(none)   M=C:\ARCHIVOS DE PROGRAMA\BORLAND\CBUILDER4\LIB\RELEASE\VCL40.LIB|Messages ACBP=A9
 0001:0009F864 00000038 C=CODE    S=_TEXT    G=(none)   M=C:\ARCHIVOS DE PROGRAMA\BORLAND\CBUILDER4\LIB\RELEASE\VCL40.LIB|Imm ACBP=A9
 0001:0009F89C 00000038 C=CODE    S=_TEXT    G=(none)   M=C:\ARCHIVOS DE PROGRAMA\BORLAND\CBUILDER4\LIB\RELEASE\VCL40.LIB|Dlgs ACBP=A9
 0001:0009F8D4 00000038 C=CODE    S=_TEXT    G=(none)   M=C:\ARCHIVOS DE PROGRAMA\BORLAND\CBUILDER4\LIB\RELEASE\VCL40.LIB|CommDlg ACBP=A9
 0001:0009F90C 00000204 C=CODE    S=_TEXT    G=(none)   M=C:\ARCHIVOS DE PROGRAMA\BORLAND\CBUILDER4\LIB\RELEASE\VCL40.LIB|CommCtrl ACBP=A9
 0001:0009FB10 00000048 C=CODE    S=_TEXT    G=(none)   M=C:\ARCHIVOS DE PROGRAMA\BORLAND\CBUILDER4\LIB\RELEASE\VCL40.LIB|Math ACBP=A9
 0001:0009FB58 000002C8 C=CODE    S=_TEXT    G=(none)   M=C:\ARCHIVOS DE PROGRAMA\BORLAND\CBUILDER4\LIB\RELEASE\VCL40.LIB|SysConst ACBP=A9
 0001:0009FE20 00004704 C=CODE    S=_TEXT    G=(none)   M=C:\ARCHIVOS DE PROGRAMA\BORLAND\CBUILDER4\LIB\RELEASE\VCL40.LIB|SysUtils ACBP=A9
 0001:000A4524 00005064 C=CODE    S=_TEXT    G=(none)   M=C:\ARCHIVOS DE PROGRAMA\BORLAND\CBUILDER4\LIB\RELEASE\VCL40.LIB|System ACBP=A9
 0001:000A9588 0000002B C=CODE    S=_TEXT    G=(none)   M=C:\ARCHIVOS DE PROGRAMA\BORLAND\CBUILDER4\LIB\CP32MT.LIB|calloc ACBP=A9
 0001:000A95B4 0000000F C=CODE    S=_TEXT    G=(none)   M=C:\ARCHIVOS DE PROGRAMA\BORLAND\CBUILDER4\LIB\CP32MT.LIB|del ACBP=A9
 0001:000A95C4 0000000F C=CODE    S=_TEXT    G=(none)   M=C:\ARCHIVOS DE PROGRAMA\BORLAND\CBUILDER4\LIB\CP32MT.LIB|delarray ACBP=A9
 0001:000A95D4 00000048 C=CODE    S=_TEXT    G=(none)   M=C:\ARCHIVOS DE PROGRAMA\BORLAND\CBUILDER4\LIB\CP32MT.LIB|new ACBP=A9
 0001:000A961C 0000000F C=CODE    S=_TEXT    G=(none)   M=C:\ARCHIVOS DE PROGRAMA\BORLAND\CBUILDER4\LIB\CP32MT.LIB|newarray ACBP=A9
 0001:000A962C 000001DA C=CODE    S=_TEXT    G=(none)   M=C:\ARCHIVOS DE PROGRAMA\BORLAND\CBUILDER4\LIB\CP32MT.LIB|setnew ACBP=A9
 0001:000A9808 0000015F C=CODE    S=_TEXT    G=(none)   M=C:\ARCHIVOS DE PROGRAMA\BORLAND\CBUILDER4\LIB\CP32MT.LIB|vdelldtc ACBP=A9
 0001:000A9968 000001BA C=CODE    S=_TEXT    G=(none)   M=C:\ARCHIVOS DE PROGRAMA\BORLAND\CBUILDER4\LIB\CP32MT.LIB|vnewldtc ACBP=A9
 0001:000A9B24 000001CD C=CODE    S=_TEXT    G=(none)   M=C:\ARCHIVOS DE PROGRAMA\BORLAND\CBUILDER4\LIB\CP32MT.LIB|hrdir_b ACBP=A9
 0001:000A9CF4 0000006F C=CODE    S=_TEXT    G=(none)   M=C:\ARCHIVOS DE PROGRAMA\BORLAND\CBUILDER4\LIB\CP32MT.LIB|hrdir_bh ACBP=A9
 0001:000A9D64 00000020 C=CODE    S=_TEXT    G=(none)   M=C:\ARCHIVOS DE PROGRAMA\BORLAND\CBUILDER4\LIB\CP32MT.LIB|hrdir_mf ACBP=A9
 0001:000A9D84 00000016 C=CODE    S=_TEXT    G=(none)   M=C:\ARCHIVOS DE PROGRAMA\BORLAND\CBUILDER4\LIB\CP32MT.LIB|hrdir_r ACBP=A9
 0001:000A9D9C 000000B8 C=CODE    S=_TEXT    G=(none)   M=C:\ARCHIVOS DE PROGRAMA\BORLAND\CBUILDER4\LIB\CP32MT.LIB|hrdir_s ACBP=A9
 0001:000A9E54 00000001 C=CODE    S=_TEXT    G=(none)   M=C:\ARCHIVOS DE PROGRAMA\BORLAND\CBUILDER4\LIB\CP32MT.LIB|hrdir_us ACBP=A9
 0001:000A9E58 00000095 C=CODE    S=_TEXT    G=(none)   M=C:\ARCHIVOS DE PROGRAMA\BORLAND\CBUILDER4\LIB\CP32MT.LIB|pheap ACBP=A9
 0001:000A9EED 00000042 C=CODE    S=_TEXT    G=(none)   M=C:\ARCHIVOS DE PROGRAMA\BORLAND\CBUILDER4\LIB\CP32MT.LIB|crtlvcl ACBP=A9
 0001:000A9F30 00000001 C=CODE    S=_TEXT    G=(none)   M=C:\ARCHIVOS DE PROGRAMA\BORLAND\CBUILDER4\LIB\CP32MT.LIB|vlibstub ACBP=A9
 0001:000A9F31 00000030 C=CODE    S=_TEXT    G=(none)   M=C:\ARCHIVOS DE PROGRAMA\BORLAND\CBUILDER4\LIB\CP32MT.LIB|syshook ACBP=A9
 0001:000A9F64 00000154 C=CODE    S=_TEXT    G=(none)   M=C:\ARCHIVOS DE PROGRAMA\BORLAND\CBUILDER4\LIB\CP32MT.LIB|predecl ACBP=A9
 0001:000AA0B8 00000143 C=CODE    S=_TEXT    G=(none)   M=C:\ARCHIVOS DE PROGRAMA\BORLAND\CBUILDER4\LIB\CP32MT.LIB|stdexcpt ACBP=A9
 0001:000AA1AC 0000001E C=CODE    S=_TEXT    G=(none)   M=C:\ARCHIVOS DE PROGRAMA\BORLAND\CBUILDER4\LIB\CP32MT.LIB|memchr ACBP=A9
 0001:000AA1CC 00000024 C=CODE    S=_TEXT    G=(none)   M=C:\ARCHIVOS DE PROGRAMA\BORLAND\CBUILDER4\LIB\CP32MT.LIB|memcpy ACBP=A9
 0001:000AA1F0 0000004A C=CODE    S=_TEXT    G=(none)   M=C:\ARCHIVOS DE PROGRAMA\BORLAND\CBUILDER4\LIB\CP32MT.LIB|memmove ACBP=A9
 0001:000AA23C 0000008A C=CODE    S=_TEXT    G=(none)   M=C:\ARCHIVOS DE PROGRAMA\BORLAND\CBUILDER4\LIB\CP32MT.LIB|memset ACBP=A9
 0001:000AA2C8 00000018 C=CODE    S=_TEXT    G=(none)   M=C:\ARCHIVOS DE PROGRAMA\BORLAND\CBUILDER4\LIB\CP32MT.LIB|wmemset ACBP=A9
 0001:000AA2E0 0000003C C=CODE    S=_TEXT    G=(none)   M=C:\ARCHIVOS DE PROGRAMA\BORLAND\CBUILDER4\LIB\CP32MT.LIB|strcat ACBP=A9
 0001:000AA31C 00000053 C=CODE    S=_TEXT    G=(none)   M=C:\ARCHIVOS DE PROGRAMA\BORLAND\CBUILDER4\LIB\CP32MT.LIB|strchr ACBP=A9
 0001:000AA370 0000004B C=CODE    S=_TEXT    G=(none)   M=C:\ARCHIVOS DE PROGRAMA\BORLAND\CBUILDER4\LIB\CP32MT.LIB|strcmp ACBP=A9
 0001:000AA3BC 0000002F C=CODE    S=_TEXT    G=(none)   M=C:\ARCHIVOS DE PROGRAMA\BORLAND\CBUILDER4\LIB\CP32MT.LIB|strcpy ACBP=A9
 0001:000AA3EC 0000005A C=CODE    S=_TEXT    G=(none)   M=C:\ARCHIVOS DE PROGRAMA\BORLAND\CBUILDER4\LIB\CP32MT.LIB|strlen ACBP=A9
 0001:000AA448 0000006E C=CODE    S=_TEXT    G=(none)   M=C:\ARCHIVOS DE PROGRAMA\BORLAND\CBUILDER4\LIB\CP32MT.LIB|strncat ACBP=A9
 0001:000AA4B8 00000027 C=CODE    S=_TEXT    G=(none)   M=C:\ARCHIVOS DE PROGRAMA\BORLAND\CBUILDER4\LIB\CP32MT.LIB|strncmp ACBP=A9
 0001:000AA4E0 0000006C C=CODE    S=_TEXT    G=(none)   M=C:\ARCHIVOS DE PROGRAMA\BORLAND\CBUILDER4\LIB\CP32MT.LIB|memcmp ACBP=A9
 0001:000AA54C 0000002B C=CODE    S=_TEXT    G=(none)   M=C:\ARCHIVOS DE PROGRAMA\BORLAND\CBUILDER4\LIB\CP32MT.LIB|strcspn ACBP=A9
 0001:000AA578 00000032 C=CODE    S=_TEXT    G=(none)   M=C:\ARCHIVOS DE PROGRAMA\BORLAND\CBUILDER4\LIB\CP32MT.LIB|strdup ACBP=A9
 0001:000AA5AC 000000C7 C=CODE    S=_TEXT    G=(none)   M=C:\ARCHIVOS DE PROGRAMA\BORLAND\CBUILDER4\LIB\CP32MT.LIB|strerror ACBP=A9
 0001:000AA674 0000004F C=CODE    S=_TEXT    G=(none)   M=C:\ARCHIVOS DE PROGRAMA\BORLAND\CBUILDER4\LIB\CP32MT.LIB|strncpy ACBP=A9
 0001:000AA6C4 0000002B C=CODE    S=_TEXT    G=(none)   M=C:\ARCHIVOS DE PROGRAMA\BORLAND\CBUILDER4\LIB\CP32MT.LIB|strpbrk ACBP=A9
 0001:000AA6F0 00000029 C=CODE    S=_TEXT    G=(none)   M=C:\ARCHIVOS DE PROGRAMA\BORLAND\CBUILDER4\LIB\CP32MT.LIB|strrchr ACBP=A9
 0001:000AA71C 00000030 C=CODE    S=_TEXT    G=(none)   M=C:\ARCHIVOS DE PROGRAMA\BORLAND\CBUILDER4\LIB\CP32MT.LIB|strspn ACBP=A9
 0001:000AA74C 000000A2 C=CODE    S=_TEXT    G=(none)   M=C:\ARCHIVOS DE PROGRAMA\BORLAND\CBUILDER4\LIB\CP32MT.LIB|strstr ACBP=A9
 0001:000AA7F0 0000006E C=CODE    S=_TEXT    G=(none)   M=C:\ARCHIVOS DE PROGRAMA\BORLAND\CBUILDER4\LIB\CP32MT.LIB|strtok ACBP=A9
 0001:000AA860 00000037 C=CODE    S=_TEXT    G=(none)   M=C:\ARCHIVOS DE PROGRAMA\BORLAND\CBUILDER4\LIB\CP32MT.LIB|_stpcpy ACBP=A9
 0001:000AA898 00000018 C=CODE    S=_TEXT    G=(none)   M=C:\ARCHIVOS DE PROGRAMA\BORLAND\CBUILDER4\LIB\CP32MT.LIB|wcslen ACBP=A9
 0001:000AA8B0 0000003F C=CODE    S=_TEXT    G=(none)   M=C:\ARCHIVOS DE PROGRAMA\BORLAND\CBUILDER4\LIB\CP32MT.LIB|wcscpy ACBP=A9
 0001:000AA8EF 00000042 C=CODE    S=_TEXT    G=(none)   M=C:\ARCHIVOS DE PROGRAMA\BORLAND\CBUILDER4\LIB\CP32MT.LIB|xxa ACBP=A9
 0001:000AA92C 00000A26 C=CODE    S=_TEXT    G=(none)   M=C:\ARCHIVOS DE PROGRAMA\BORLAND\CBUILDER4\LIB\CP32MT.LIB|xxtype ACBP=A9
 0001:000AB354 00000213 C=CODE    S=_TEXT    G=(none)   M=C:\ARCHIVOS DE PROGRAMA\BORLAND\CBUILDER4\LIB\CP32MT.LIB|xxv ACBP=A9
 0001:000AB568 0000000A C=CODE    S=_TEXT    G=(none)   M=C:\ARCHIVOS DE PROGRAMA\BORLAND\CBUILDER4\LIB\CP32MT.LIB|defhandl ACBP=A9
 0001:000AB574 00000179 C=CODE    S=_TEXT    G=(none)   M=C:\ARCHIVOS DE PROGRAMA\BORLAND\CBUILDER4\LIB\CP32MT.LIB|except ACBP=A9
 0001:000AB6F0 00000046 C=CODE    S=_TEXT    G=(none)   M=C:\ARCHIVOS DE PROGRAMA\BORLAND\CBUILDER4\LIB\CP32MT.LIB|setexc ACBP=A9
 0001:000AB738 00000022 C=CODE    S=_TEXT    G=(none)   M=C:\ARCHIVOS DE PROGRAMA\BORLAND\CBUILDER4\LIB\CP32MT.LIB|ta ACBP=A9
 0001:000AB75C 0000003D C=CODE    S=_TEXT    G=(none)   M=C:\ARCHIVOS DE PROGRAMA\BORLAND\CBUILDER4\LIB\CP32MT.LIB|__access ACBP=A9
 0001:000AB79C 00000060 C=CODE    S=_TEXT    G=(none)   M=C:\ARCHIVOS DE PROGRAMA\BORLAND\CBUILDER4\LIB\CP32MT.LIB|__close ACBP=A9
 0001:000AB7FC 00000013 C=CODE    S=_TEXT    G=(none)   M=C:\ARCHIVOS DE PROGRAMA\BORLAND\CBUILDER4\LIB\CP32MT.LIB|__dup ACBP=A9
 0001:000AB810 000000FC C=CODE    S=_TEXT    G=(none)   M=C:\ARCHIVOS DE PROGRAMA\BORLAND\CBUILDER4\LIB\CP32MT.LIB|__dup2 ACBP=A9
 0001:000AB90C 00000098 C=CODE    S=_TEXT    G=(none)   M=C:\ARCHIVOS DE PROGRAMA\BORLAND\CBUILDER4\LIB\CP32MT.LIB|__eof ACBP=A9
 0001:000AB9A4 00000047 C=CODE    S=_TEXT    G=(none)   M=C:\ARCHIVOS DE PROGRAMA\BORLAND\CBUILDER4\LIB\CP32MT.LIB|__isatty ACBP=A9
 0001:000AB9EC 00000084 C=CODE    S=_TEXT    G=(none)   M=C:\ARCHIVOS DE PROGRAMA\BORLAND\CBUILDER4\LIB\CP32MT.LIB|__lseek ACBP=A9
 0001:000ABA70 00000200 C=CODE    S=_TEXT    G=(none)   M=C:\ARCHIVOS DE PROGRAMA\BORLAND\CBUILDER4\LIB\CP32MT.LIB|__open ACBP=A9
 0001:000ABC70 000001B2 C=CODE    S=_TEXT    G=(none)   M=C:\ARCHIVOS DE PROGRAMA\BORLAND\CBUILDER4\LIB\CP32MT.LIB|__read ACBP=A9
 0001:000ABE24 00000200 C=CODE    S=_TEXT    G=(none)   M=C:\ARCHIVOS DE PROGRAMA\BORLAND\CBUILDER4\LIB\CP32MT.LIB|__wopen ACBP=A9
 0001:000AC024 00000132 C=CODE    S=_TEXT    G=(none)   M=C:\ARCHIVOS DE PROGRAMA\BORLAND\CBUILDER4\LIB\CP32MT.LIB|__write ACBP=A9
 0001:000AC158 00000011 C=CODE    S=_TEXT    G=(none)   M=C:\ARCHIVOS DE PROGRAMA\BORLAND\CBUILDER4\LIB\CP32MT.LIB|_cfinfo ACBP=A9
 0001:000AC16C 00000042 C=CODE    S=_TEXT    G=(none)   M=C:\ARCHIVOS DE PROGRAMA\BORLAND\CBUILDER4\LIB\CP32MT.LIB|_flshall ACBP=A9
 0001:000AC1B0 00000061 C=CODE    S=_TEXT    G=(none)   M=C:\ARCHIVOS DE PROGRAMA\BORLAND\CBUILDER4\LIB\CP32MT.LIB|_read ACBP=A9
 0001:000AC211 00000017 C=CODE    S=_TEXT    G=(none)   M=C:\ARCHIVOS DE PROGRAMA\BORLAND\CBUILDER4\LIB\CP32MT.LIB|_umask ACBP=A9
 0001:000AC214 00000061 C=CODE    S=_TEXT    G=(none)   M=C:\ARCHIVOS DE PROGRAMA\BORLAND\CBUILDER4\LIB\CP32MT.LIB|_write ACBP=A9
 0001:000AC278 00000008 C=CODE    S=_TEXT    G=(none)   M=C:\ARCHIVOS DE PROGRAMA\BORLAND\CBUILDER4\LIB\CP32MT.LIB|access ACBP=A9
 0001:000AC280 0000007D C=CODE    S=_TEXT    G=(none)   M=C:\ARCHIVOS DE PROGRAMA\BORLAND\CBUILDER4\LIB\CP32MT.LIB|allocbuf ACBP=A9
 0001:000AC300 0000008F C=CODE    S=_TEXT    G=(none)   M=C:\ARCHIVOS DE PROGRAMA\BORLAND\CBUILDER4\LIB\CP32MT.LIB|chdir ACBP=A9
 0001:000AC390 00000008 C=CODE    S=_TEXT    G=(none)   M=C:\ARCHIVOS DE PROGRAMA\BORLAND\CBUILDER4\LIB\CP32MT.LIB|close ACBP=A9
 0001:000AC398 000000EC C=CODE    S=_TEXT    G=(none)   M=C:\ARCHIVOS DE PROGRAMA\BORLAND\CBUILDER4\LIB\CP32MT.LIB|dosgdriv ACBP=A9
 0001:000AC484 00000008 C=CODE    S=_TEXT    G=(none)   M=C:\ARCHIVOS DE PROGRAMA\BORLAND\CBUILDER4\LIB\CP32MT.LIB|dup ACBP=A9
 0001:000AC48C 0000009F C=CODE    S=_TEXT    G=(none)   M=C:\ARCHIVOS DE PROGRAMA\BORLAND\CBUILDER4\LIB\CP32MT.LIB|fclose ACBP=A9
 0001:000AC52C 0000008F C=CODE    S=_TEXT    G=(none)   M=C:\ARCHIVOS DE PROGRAMA\BORLAND\CBUILDER4\LIB\CP32MT.LIB|fflush ACBP=A9
 0001:000AC5BC 0000013B C=CODE    S=_TEXT    G=(none)   M=C:\ARCHIVOS DE PROGRAMA\BORLAND\CBUILDER4\LIB\CP32MT.LIB|fgets ACBP=A9
 0001:000AC6F8 00000064 C=CODE    S=_TEXT    G=(none)   M=C:\ARCHIVOS DE PROGRAMA\BORLAND\CBUILDER4\LIB\CP32MT.LIB|flushout ACBP=A9
 0001:000AC75C 0000000D C=CODE    S=_TEXT    G=(none)   M=C:\ARCHIVOS DE PROGRAMA\BORLAND\CBUILDER4\LIB\CP32MT.LIB|fmodeptr ACBP=A9
 0001:000AC76C 000001E3 C=CODE    S=_TEXT    G=(none)   M=C:\ARCHIVOS DE PROGRAMA\BORLAND\CBUILDER4\LIB\CP32MT.LIB|fopen ACBP=A9
 0001:000AC950 00000038 C=CODE    S=_TEXT    G=(none)   M=C:\ARCHIVOS DE PROGRAMA\BORLAND\CBUILDER4\LIB\CP32MT.LIB|fprintf ACBP=A9
 0001:000AC988 000000D9 C=CODE    S=_TEXT    G=(none)   M=C:\ARCHIVOS DE PROGRAMA\BORLAND\CBUILDER4\LIB\CP32MT.LIB|fputn ACBP=A9
 0001:000ACA64 00000039 C=CODE    S=_TEXT    G=(none)   M=C:\ARCHIVOS DE PROGRAMA\BORLAND\CBUILDER4\LIB\CP32MT.LIB|fscanf ACBP=A9
 0001:000ACAA0 0000015C C=CODE    S=_TEXT    G=(none)   M=C:\ARCHIVOS DE PROGRAMA\BORLAND\CBUILDER4\LIB\CP32MT.LIB|fseek ACBP=A9
 0001:000ACBFC 0000002B C=CODE    S=_TEXT    G=(none)   M=C:\ARCHIVOS DE PROGRAMA\BORLAND\CBUILDER4\LIB\CP32MT.LIB|getdisk ACBP=A9
 0001:000ACC28 00000067 C=CODE    S=_TEXT    G=(none)   M=C:\ARCHIVOS DE PROGRAMA\BORLAND\CBUILDER4\LIB\CP32MT.LIB|gets ACBP=A9
 0001:000ACC90 000003B3 C=CODE    S=_TEXT    G=(none)   M=C:\ARCHIVOS DE PROGRAMA\BORLAND\CBUILDER4\LIB\CP32MT.LIB|handles ACBP=A9
 0001:000AD044 0000008A C=CODE    S=_TEXT    G=(none)   M=C:\ARCHIVOS DE PROGRAMA\BORLAND\CBUILDER4\LIB\CP32MT.LIB|ioerror ACBP=A9
 0001:000AD0D0 0000019E C=CODE    S=_TEXT    G=(none)   M=C:\ARCHIVOS DE PROGRAMA\BORLAND\CBUILDER4\LIB\CP32MT.LIB|lgetc ACBP=A9
 0001:000AD270 00000110 C=CODE    S=_TEXT    G=(none)   M=C:\ARCHIVOS DE PROGRAMA\BORLAND\CBUILDER4\LIB\CP32MT.LIB|lputc ACBP=A9
 0001:000AD380 00000099 C=CODE    S=_TEXT    G=(none)   M=C:\ARCHIVOS DE PROGRAMA\BORLAND\CBUILDER4\LIB\CP32MT.LIB|mkname ACBP=A9
 0001:000AD41C 00000010 C=CODE    S=_TEXT    G=(none)   M=C:\ARCHIVOS DE PROGRAMA\BORLAND\CBUILDER4\LIB\CP32MT.LIB|open ACBP=A9
 0001:000AD42C 00000083 C=CODE    S=_TEXT    G=(none)   M=C:\ARCHIVOS DE PROGRAMA\BORLAND\CBUILDER4\LIB\CP32MT.LIB|perror ACBP=A9
 0001:000AD42C 0000003F C=CODE    S=_TEXT    G=(none)   M=C:\ARCHIVOS DE PROGRAMA\BORLAND\CBUILDER4\LIB\CP32MT.LIB|printf ACBP=A9
 0001:000AD46C 00000008 C=CODE    S=_TEXT    G=(none)   M=C:\ARCHIVOS DE PROGRAMA\BORLAND\CBUILDER4\LIB\CP32MT.LIB|read ACBP=A9
 0001:000AD474 00000010 C=CODE    S=_TEXT    G=(none)   M=C:\ARCHIVOS DE PROGRAMA\BORLAND\CBUILDER4\LIB\CP32MT.LIB|remove ACBP=A9
 0001:000AD484 00000838 C=CODE    S=_TEXT    G=(none)   M=C:\ARCHIVOS DE PROGRAMA\BORLAND\CBUILDER4\LIB\CP32MT.LIB|scanner ACBP=A9
 0001:000ADCBC 000001BD C=CODE    S=_TEXT    G=(none)   M=C:\ARCHIVOS DE PROGRAMA\BORLAND\CBUILDER4\LIB\CP32MT.LIB|scantol ACBP=A9
 0001:000ADE7C 00000228 C=CODE    S=_TEXT    G=(none)   M=C:\ARCHIVOS DE PROGRAMA\BORLAND\CBUILDER4\LIB\CP32MT.LIB|scn2i64 ACBP=A9
 0001:000AE0A4 0000005F C=CODE    S=_TEXT    G=(none)   M=C:\ARCHIVOS DE PROGRAMA\BORLAND\CBUILDER4\LIB\CP32MT.LIB|setvbuf ACBP=A9
 0001:000AE104 00000100 C=CODE    S=_TEXT    G=(none)   M=C:\ARCHIVOS DE PROGRAMA\BORLAND\CBUILDER4\LIB\CP32MT.LIB|snprntf ACBP=A9
 0001:000AE204 00000078 C=CODE    S=_TEXT    G=(none)   M=C:\ARCHIVOS DE PROGRAMA\BORLAND\CBUILDER4\LIB\CP32MT.LIB|sprintf ACBP=A9
 0001:000AE27C 00000238 C=CODE    S=_TEXT    G=(none)   M=C:\ARCHIVOS DE PROGRAMA\BORLAND\CBUILDER4\LIB\CP32MT.LIB|streams ACBP=A9
 0001:000AE4B4 00000062 C=CODE    S=_TEXT    G=(none)   M=C:\ARCHIVOS DE PROGRAMA\BORLAND\CBUILDER4\LIB\CP32MT.LIB|ungetc ACBP=A9
 0001:000AE518 0000001A C=CODE    S=_TEXT    G=(none)   M=C:\ARCHIVOS DE PROGRAMA\BORLAND\CBUILDER4\LIB\CP32MT.LIB|unlink ACBP=A9
 0001:000AE534 000009E8 C=CODE    S=_TEXT    G=(none)   M=C:\ARCHIVOS DE PROGRAMA\BORLAND\CBUILDER4\LIB\CP32MT.LIB|vprinter ACBP=A9
 0001:000AEF1C 00000008 C=CODE    S=_TEXT    G=(none)   M=C:\ARCHIVOS DE PROGRAMA\BORLAND\CBUILDER4\LIB\CP32MT.LIB|write ACBP=A9
 0001:000AEF24 0000001A C=CODE    S=_TEXT    G=(none)   M=C:\ARCHIVOS DE PROGRAMA\BORLAND\CBUILDER4\LIB\CP32MT.LIB|wunlink ACBP=A9
 0001:000AEF40 00000038 C=CODE    S=_TEXT    G=(none)   M=C:\ARCHIVOS DE PROGRAMA\BORLAND\CBUILDER4\LIB\CP32MT.LIB|xfclose ACBP=A9
 0001:000AEF78 00000031 C=CODE    S=_TEXT    G=(none)   M=C:\ARCHIVOS DE PROGRAMA\BORLAND\CBUILDER4\LIB\CP32MT.LIB|xfflush ACBP=A9
 0001:000AEFAC 00000025 C=CODE    S=_TEXT    G=(none)   M=C:\ARCHIVOS DE PROGRAMA\BORLAND\CBUILDER4\LIB\CP32MT.LIB|fgetc ACBP=A9
 0001:000AEFD1 00000006 C=CODE    S=_TEXT    G=(none)   M=C:\ARCHIVOS DE PROGRAMA\BORLAND\CBUILDER4\LIB\CP32MT.LIB|cconv ACBP=A9
 0001:000AEFD4 000002C3 C=CODE    S=_TEXT    G=(none)   M=C:\ARCHIVOS DE PROGRAMA\BORLAND\CBUILDER4\LIB\CP32MT.LIB|convt ACBP=A9
 0001:000AF298 00000051 C=CODE    S=_TEXT    G=(none)   M=C:\ARCHIVOS DE PROGRAMA\BORLAND\CBUILDER4\LIB\CP32MT.LIB|getinfo ACBP=A9
 0001:000AF2EC 00000103 C=CODE    S=_TEXT    G=(none)   M=C:\ARCHIVOS DE PROGRAMA\BORLAND\CBUILDER4\LIB\CP32MT.LIB|wis ACBP=A9
 0001:000AF3F0 00000055 C=CODE    S=_TEXT    G=(none)   M=C:\ARCHIVOS DE PROGRAMA\BORLAND\CBUILDER4\LIB\CP32MT.LIB|iswctype ACBP=A9
 0001:000AF448 000011BF C=CODE    S=_TEXT    G=(none)   M=C:\ARCHIVOS DE PROGRAMA\BORLAND\CBUILDER4\LIB\CP32MT.LIB|locale ACBP=A9
 0001:000B0608 0000080A C=CODE    S=_TEXT    G=(none)   M=C:\ARCHIVOS DE PROGRAMA\BORLAND\CBUILDER4\LIB\CP32MT.LIB|initcat ACBP=A9
 0001:000B0E14 000000A1 C=CODE    S=_TEXT    G=(none)   M=C:\ARCHIVOS DE PROGRAMA\BORLAND\CBUILDER4\LIB\CP32MT.LIB|lconv ACBP=A9
 0001:000B0EB8 0000004F C=CODE    S=_TEXT    G=(none)   M=C:\ARCHIVOS DE PROGRAMA\BORLAND\CBUILDER4\LIB\CP32MT.LIB|ltoupper ACBP=A9
 0001:000B0F08 000004C8 C=CODE    S=_TEXT    G=(none)   M=C:\ARCHIVOS DE PROGRAMA\BORLAND\CBUILDER4\LIB\CP32MT.LIB|mbyte1 ACBP=A9
 0001:000B13D0 00000023 C=CODE    S=_TEXT    G=(none)   M=C:\ARCHIVOS DE PROGRAMA\BORLAND\CBUILDER4\LIB\CP32MT.LIB|strlwr ACBP=A9
 0001:000B13F4 00000029 C=CODE    S=_TEXT    G=(none)   M=C:\ARCHIVOS DE PROGRAMA\BORLAND\CBUILDER4\LIB\CP32MT.LIB|tolower ACBP=A9
 0001:000B1420 00000029 C=CODE    S=_TEXT    G=(none)   M=C:\ARCHIVOS DE PROGRAMA\BORLAND\CBUILDER4\LIB\CP32MT.LIB|toupper ACBP=A9
 0001:000B144C 00000200 C=CODE    S=_TEXT    G=(none)   M=C:\ARCHIVOS DE PROGRAMA\BORLAND\CBUILDER4\LIB\CP32MT.LIB|_ll ACBP=A9
 0001:000B164C 00000008 C=CODE    S=_TEXT    G=(none)   M=C:\ARCHIVOS DE PROGRAMA\BORLAND\CBUILDER4\LIB\CP32MT.LIB|_ltoa1 ACBP=A9
 0001:000B1654 000000B0 C=CODE    S=_TEXT    G=(none)   M=C:\ARCHIVOS DE PROGRAMA\BORLAND\CBUILDER4\LIB\CP32MT.LIB|_matherr ACBP=A9
 0001:000B1704 00000180 C=CODE    S=_TEXT    G=(none)   M=C:\ARCHIVOS DE PROGRAMA\BORLAND\CBUILDER4\LIB\CP32MT.LIB|_pow10 ACBP=A9
 0001:000B1884 0000000F C=CODE    S=_TEXT    G=(none)   M=C:\ARCHIVOS DE PROGRAMA\BORLAND\CBUILDER4\LIB\CP32MT.LIB|atan ACBP=A9
 0001:000B1894 00000013 C=CODE    S=_TEXT    G=(none)   M=C:\ARCHIVOS DE PROGRAMA\BORLAND\CBUILDER4\LIB\CP32MT.LIB|atof ACBP=A9
 0001:000B18A8 00000077 C=CODE    S=_TEXT    G=(none)   M=C:\ARCHIVOS DE PROGRAMA\BORLAND\CBUILDER4\LIB\CP32MT.LIB|atol ACBP=A9
 0001:000B1920 00000013 C=CODE    S=_TEXT    G=(none)   M=C:\ARCHIVOS DE PROGRAMA\BORLAND\CBUILDER4\LIB\CP32MT.LIB|clear87 ACBP=A9
 0001:000B1934 00000042 C=CODE    S=_TEXT    G=(none)   M=C:\ARCHIVOS DE PROGRAMA\BORLAND\CBUILDER4\LIB\CP32MT.LIB|cos ACBP=A9
 0001:000B1978 00000028 C=CODE    S=_TEXT    G=(none)   M=C:\ARCHIVOS DE PROGRAMA\BORLAND\CBUILDER4\LIB\CP32MT.LIB|ctrl87 ACBP=A9
 0001:000B19A0 00000018 C=CODE    S=_TEXT    G=(none)   M=C:\ARCHIVOS DE PROGRAMA\BORLAND\CBUILDER4\LIB\CP32MT.LIB|cvtentry ACBP=A9
 0001:000B19B8 00000018 C=CODE    S=_TEXT    G=(none)   M=C:\ARCHIVOS DE PROGRAMA\BORLAND\CBUILDER4\LIB\CP32MT.LIB|cvtfak ACBP=A9
 0001:000B19D0 00000018 C=CODE    S=_TEXT    G=(none)   M=C:\ARCHIVOS DE PROGRAMA\BORLAND\CBUILDER4\LIB\CP32MT.LIB|cvtfakw ACBP=A9
 0001:000B19E8 0000006C C=CODE    S=_TEXT    G=(none)   M=C:\ARCHIVOS DE PROGRAMA\BORLAND\CBUILDER4\LIB\CP32MT.LIB|exp ACBP=A9
 0001:000B1A54 0000005F C=CODE    S=_TEXT    G=(none)   M=C:\ARCHIVOS DE PROGRAMA\BORLAND\CBUILDER4\LIB\CP32MT.LIB|f87atan ACBP=A9
 0001:000B1AB4 000000CD C=CODE    S=_TEXT    G=(none)   M=C:\ARCHIVOS DE PROGRAMA\BORLAND\CBUILDER4\LIB\CP32MT.LIB|f87exp ACBP=A9
 0001:000B1B84 00000048 C=CODE    S=_TEXT    G=(none)   M=C:\ARCHIVOS DE PROGRAMA\BORLAND\CBUILDER4\LIB\CP32MT.LIB|f87log ACBP=A9
 0001:000B1BCC 000000E2 C=CODE    S=_TEXT    G=(none)   M=C:\ARCHIVOS DE PROGRAMA\BORLAND\CBUILDER4\LIB\CP32MT.LIB|f87sine ACBP=A9
 0001:000B1CB0 0000001C C=CODE    S=_TEXT    G=(none)   M=C:\ARCHIVOS DE PROGRAMA\BORLAND\CBUILDER4\LIB\CP32MT.LIB|floor ACBP=A9
 0001:000B1CCC 00000016 C=CODE    S=_TEXT    G=(none)   M=C:\ARCHIVOS DE PROGRAMA\BORLAND\CBUILDER4\LIB\CP32MT.LIB|fpreset ACBP=A9
 0001:000B1CE4 00000028 C=CODE    S=_TEXT    G=(none)   M=C:\ARCHIVOS DE PROGRAMA\BORLAND\CBUILDER4\LIB\CP32MT.LIB|ftol ACBP=A9
 0001:000B1D0C 0000002D C=CODE    S=_TEXT    G=(none)   M=C:\ARCHIVOS DE PROGRAMA\BORLAND\CBUILDER4\LIB\CP32MT.LIB|fuildq ACBP=A9
 0001:000B1D3C 00000021 C=CODE    S=_TEXT    G=(none)   M=C:\ARCHIVOS DE PROGRAMA\BORLAND\CBUILDER4\LIB\CP32MT.LIB|fuistq ACBP=A9
 0001:000B1D60 00000011 C=CODE    S=_TEXT    G=(none)   M=C:\ARCHIVOS DE PROGRAMA\BORLAND\CBUILDER4\LIB\CP32MT.LIB|fxam ACBP=A9
 0001:000B1D74 000000B1 C=CODE    S=_TEXT    G=(none)   M=C:\ARCHIVOS DE PROGRAMA\BORLAND\CBUILDER4\LIB\CP32MT.LIB|int64toa ACBP=A9
 0001:000B1E28 00000118 C=CODE    S=_TEXT    G=(none)   M=C:\ARCHIVOS DE PROGRAMA\BORLAND\CBUILDER4\LIB\CP32MT.LIB|ldtrunc ACBP=A9
 0001:000B1F40 0000006D C=CODE    S=_TEXT    G=(none)   M=C:\ARCHIVOS DE PROGRAMA\BORLAND\CBUILDER4\LIB\CP32MT.LIB|log ACBP=A9
 0001:000B1FB0 0000008F C=CODE    S=_TEXT    G=(none)   M=C:\ARCHIVOS DE PROGRAMA\BORLAND\CBUILDER4\LIB\CP32MT.LIB|longtoa ACBP=A9
 0001:000B2040 00000075 C=CODE    S=_TEXT    G=(none)   M=C:\ARCHIVOS DE PROGRAMA\BORLAND\CBUILDER4\LIB\CP32MT.LIB|ltoa1 ACBP=A9
 0001:000B20B8 0000002A C=CODE    S=_TEXT    G=(none)   M=C:\ARCHIVOS DE PROGRAMA\BORLAND\CBUILDER4\LIB\CP32MT.LIB|matherr ACBP=A9
 0001:000B20E4 0000002E C=CODE    S=_TEXT    G=(none)   M=C:\ARCHIVOS DE PROGRAMA\BORLAND\CBUILDER4\LIB\CP32MT.LIB|matherrl ACBP=A9
 0001:000B2114 00000016 C=CODE    S=_TEXT    G=(none)   M=C:\ARCHIVOS DE PROGRAMA\BORLAND\CBUILDER4\LIB\CP32MT.LIB|mathptr ACBP=A9
 0001:000B212C 000001DC C=CODE    S=_TEXT    G=(none)   M=C:\ARCHIVOS DE PROGRAMA\BORLAND\CBUILDER4\LIB\CP32MT.LIB|pow ACBP=A9
 0001:000B2308 00000025 C=CODE    S=_TEXT    G=(none)   M=C:\ARCHIVOS DE PROGRAMA\BORLAND\CBUILDER4\LIB\CP32MT.LIB|qdiv10 ACBP=A9
 0001:000B2330 0000002E C=CODE    S=_TEXT    G=(none)   M=C:\ARCHIVOS DE PROGRAMA\BORLAND\CBUILDER4\LIB\CP32MT.LIB|qmul10 ACBP=A9
 0001:000B2360 000002F9 C=CODE    S=_TEXT    G=(none)   M=C:\ARCHIVOS DE PROGRAMA\BORLAND\CBUILDER4\LIB\CP32MT.LIB|realcvt ACBP=A9
 0001:000B265C 00000331 C=CODE    S=_TEXT    G=(none)   M=C:\ARCHIVOS DE PROGRAMA\BORLAND\CBUILDER4\LIB\CP32MT.LIB|realcvtw ACBP=A9
 0001:000B2990 0000002C C=CODE    S=_TEXT    G=(none)   M=C:\ARCHIVOS DE PROGRAMA\BORLAND\CBUILDER4\LIB\CP32MT.LIB|round ACBP=A9
 0001:000B29BC 000004F5 C=CODE    S=_TEXT    G=(none)   M=C:\ARCHIVOS DE PROGRAMA\BORLAND\CBUILDER4\LIB\CP32MT.LIB|scantod ACBP=A9
 0001:000B2EB4 000004F1 C=CODE    S=_TEXT    G=(none)   M=C:\ARCHIVOS DE PROGRAMA\BORLAND\CBUILDER4\LIB\CP32MT.LIB|scanwtod ACBP=A9
 0001:000B33A8 00000042 C=CODE    S=_TEXT    G=(none)   M=C:\ARCHIVOS DE PROGRAMA\BORLAND\CBUILDER4\LIB\CP32MT.LIB|sin ACBP=A9
 0001:000B33EC 0000003A C=CODE    S=_TEXT    G=(none)   M=C:\ARCHIVOS DE PROGRAMA\BORLAND\CBUILDER4\LIB\CP32MT.LIB|sqrt ACBP=A9
 0001:000B3428 000000C1 C=CODE    S=_TEXT    G=(none)   M=C:\ARCHIVOS DE PROGRAMA\BORLAND\CBUILDER4\LIB\CP32MT.LIB|strtod ACBP=A9
 0001:000B34EC 000000F0 C=CODE    S=_TEXT    G=(none)   M=C:\ARCHIVOS DE PROGRAMA\BORLAND\CBUILDER4\LIB\CP32MT.LIB|strtol ACBP=A9
 0001:000B35DC 000000BB C=CODE    S=_TEXT    G=(none)   M=C:\ARCHIVOS DE PROGRAMA\BORLAND\CBUILDER4\LIB\CP32MT.LIB|strtoul ACBP=A9
 0001:000B3698 00000042 C=CODE    S=_TEXT    G=(none)   M=C:\ARCHIVOS DE PROGRAMA\BORLAND\CBUILDER4\LIB\CP32MT.LIB|tan ACBP=A9
 0001:000B36DC 000002D2 C=CODE    S=_TEXT    G=(none)   M=C:\ARCHIVOS DE PROGRAMA\BORLAND\CBUILDER4\LIB\CP32MT.LIB|xcvt ACBP=A9
 0001:000B39B0 000002F1 C=CODE    S=_TEXT    G=(none)   M=C:\ARCHIVOS DE PROGRAMA\BORLAND\CBUILDER4\LIB\CP32MT.LIB|xcvtw ACBP=A9
 0001:000B3CA4 00000131 C=CODE    S=_TEXT    G=(none)   M=C:\ARCHIVOS DE PROGRAMA\BORLAND\CBUILDER4\LIB\CP32MT.LIB|mbctype ACBP=A9
 0001:000B3DD8 00000020 C=CODE    S=_TEXT    G=(none)   M=C:\ARCHIVOS DE PROGRAMA\BORLAND\CBUILDER4\LIB\CP32MT.LIB|mbisspc ACBP=A9
 0001:000B3DF8 00000056 C=CODE    S=_TEXT    G=(none)   M=C:\ARCHIVOS DE PROGRAMA\BORLAND\CBUILDER4\LIB\CP32MT.LIB|mbsrchr ACBP=A9
 0001:000B3E50 0000001D C=CODE    S=_TEXT    G=(none)   M=C:\ARCHIVOS DE PROGRAMA\BORLAND\CBUILDER4\LIB\CP32MT.LIB|mbtoupr ACBP=A9
 0001:000B3E70 00000163 C=CODE    S=_TEXT    G=(none)   M=C:\ARCHIVOS DE PROGRAMA\BORLAND\CBUILDER4\LIB\CP32MT.LIB|errormsg ACBP=A9
 0001:000B3FD4 000000B8 C=CODE    S=_TEXT    G=(none)   M=C:\ARCHIVOS DE PROGRAMA\BORLAND\CBUILDER4\LIB\CP32MT.LIB|ermsghlp ACBP=A9
 0001:000B408C 00000089 C=CODE    S=_TEXT    G=(none)   M=C:\ARCHIVOS DE PROGRAMA\BORLAND\CBUILDER4\LIB\CP32MT.LIB|platform ACBP=A9
 0001:000B4118 000000A6 C=CODE    S=_TEXT    G=(none)   M=C:\ARCHIVOS DE PROGRAMA\BORLAND\CBUILDER4\LIB\CP32MT.LIB|assert ACBP=A9
 0001:000B41C0 00000009 C=CODE    S=_TEXT    G=(none)   M=C:\ARCHIVOS DE PROGRAMA\BORLAND\CBUILDER4\LIB\CP32MT.LIB|errno ACBP=A9
 0001:000B41CC 00000022 C=CODE    S=_TEXT    G=(none)   M=C:\ARCHIVOS DE PROGRAMA\BORLAND\CBUILDER4\LIB\CP32MT.LIB|abort ACBP=A9
 0001:000B41F0 000000C7 C=CODE    S=_TEXT    G=(none)   M=C:\ARCHIVOS DE PROGRAMA\BORLAND\CBUILDER4\LIB\CP32MT.LIB|exit ACBP=A9
 0001:000B42B8 00000001 C=CODE    S=_TEXT    G=(none)   M=C:\ARCHIVOS DE PROGRAMA\BORLAND\CBUILDER4\LIB\CP32MT.LIB|nowild ACBP=A9
 0001:000B42BC 00000307 C=CODE    S=_TEXT    G=(none)   M=C:\ARCHIVOS DE PROGRAMA\BORLAND\CBUILDER4\LIB\CP32MT.LIB|setargv ACBP=A9
 0001:000B45C4 00000045 C=CODE    S=_TEXT    G=(none)   M=C:\ARCHIVOS DE PROGRAMA\BORLAND\CBUILDER4\LIB\CP32MT.LIB|setargv0 ACBP=A9
 0001:000B460C 000001D2 C=CODE    S=_TEXT    G=(none)   M=C:\ARCHIVOS DE PROGRAMA\BORLAND\CBUILDER4\LIB\CP32MT.LIB|setenvp ACBP=A9
 0001:000B47E0 0000031C C=CODE    S=_TEXT    G=(none)   M=C:\ARCHIVOS DE PROGRAMA\BORLAND\CBUILDER4\LIB\CP32MT.LIB|signal ACBP=A9
 0001:000B4AFC 0000016F C=CODE    S=_TEXT    G=(none)   M=C:\ARCHIVOS DE PROGRAMA\BORLAND\CBUILDER4\LIB\CP32MT.LIB|initexit ACBP=A9
 0001:000B4C6C 0000018C C=CODE    S=_TEXT    G=(none)   M=C:\ARCHIVOS DE PROGRAMA\BORLAND\CBUILDER4\LIB\CP32MT.LIB|startup ACBP=A9
 0001:000B4DF8 00000067 C=CODE    S=_TEXT    G=(none)   M=C:\ARCHIVOS DE PROGRAMA\BORLAND\CBUILDER4\LIB\CP32MT.LIB|tls ACBP=A9
 0001:000B4E60 0000004F C=CODE    S=_TEXT    G=(none)   M=C:\ARCHIVOS DE PROGRAMA\BORLAND\CBUILDER4\LIB\CP32MT.LIB|tlsstat ACBP=A9
 0001:000B4EB0 0000003B C=CODE    S=_TEXT    G=(none)   M=C:\ARCHIVOS DE PROGRAMA\BORLAND\CBUILDER4\LIB\CP32MT.LIB|thrdbuf ACBP=A9
 0001:000B4EEC 000001C7 C=CODE    S=_TEXT    G=(none)   M=C:\ARCHIVOS DE PROGRAMA\BORLAND\CBUILDER4\LIB\CP32MT.LIB|thrddata ACBP=A9
 0001:000B50B4 000000D5 C=CODE    S=_TEXT    G=(none)   M=C:\ARCHIVOS DE PROGRAMA\BORLAND\CBUILDER4\LIB\CP32MT.LIB|_lock ACBP=A9
 0001:000B518C 000037EC C=CODE    S=_TEXT    G=(none)   M=C:\ARCHIVOS DE PROGRAMA\BORLAND\CBUILDER4\LIB\CP32MT.LIB|xx ACBP=A9
 0001:000B8934 00000032 C=CODE    S=_TEXT    G=(none)   M=C:\ARCHIVOS DE PROGRAMA\BORLAND\CBUILDER4\LIB\RELEASE\VCLE40.LIB|_t_Contr ACBP=A9
 0001:000B8961 0000000D C=CODE    S=_TEXT    G=(none)   M=C:\ARCHIVOS DE PROGRAMA\BORLAND\CBUILDER4\LIB\RELEASE\VCLE40.LIB|_t_Forms ACBP=A9
 0001:000B8969 00000025 C=CODE    S=_TEXT    G=(none)   M=C:\ARCHIVOS DE PROGRAMA\BORLAND\CBUILDER4\LIB\RELEASE\VCLE40.LIB|_t_Graph ACBP=A9
 0001:000B8989 0000097B C=CODE    S=_TEXT    G=(none)   M=C:\ARCHIVOS DE PROGRAMA\BORLAND\CBUILDER4\LIB\RELEASE\VCLE40.LIB|dstring ACBP=A9
 0001:000B92C0 000000D4 C=CODE    S=_TEXT    G=(none)   M=C:\ARCHIVOS DE PROGRAMA\BORLAND\CBUILDER4\LIB\RELEASE\VCLE40.LIB|syssupp ACBP=A9
 0001:000B934C 0000014E C=CODE    S=_TEXT    G=(none)   M=C:\ARCHIVOS DE PROGRAMA\BORLAND\CBUILDER4\LIB\RELEASE\VCLE40.LIB|vclinit ACBP=A9
 0001:000B9454 00000031 C=CODE    S=_TEXT    G=(none)   M=C:\ARCHIVOS DE PROGRAMA\BORLAND\CBUILDER4\LIB\RELEASE\VCLE40.LIB|classcre ACBP=A9
 0002:00000414 00000084 C=DATA    S=_DATA    G=DGROUP   M=C:\ARCHIVOS DE PROGRAMA\BORLAND\CBUILDER4\LIB\C0W32.OBJ ACBP=A9
 0002:00000498 0000002C C=DATA    S=_DATA    G=DGROUP   M=C:\ARCHIVOS DE PROGRAMA\BORLAND\CBUILDER4\LIB\OBJ\SYSINIT.OBJ ACBP=A9
 0002:000004B4 000000C4 C=DATA    S=_DATA    G=DGROUP   M=C:\ANTO\PROYECTO\WINSUPERDLX\SUPERDLX.OBJ ACBP=A9
 0002:00000578 00002C0C C=DATA    S=_DATA    G=DGROUP   M=C:\ANTO\PROYECTO\WINSUPERDLX\UNIT1.OBJ ACBP=A9
 0002:00003184 000002B8 C=DATA    S=_DATA    G=DGROUP   M=C:\ANTO\PROYECTO\WINSUPERDLX\UNIT2.OBJ ACBP=A9
 0002:0000343C 00000244 C=DATA    S=_DATA    G=DGROUP   M=C:\ANTO\PROYECTO\WINSUPERDLX\UNIT3.OBJ ACBP=A9
 0002:0000366C 000017B4 C=DATA    S=_DATA    G=DGROUP   M=C:\ANTO\PROYECTO\WINSUPERDLX\ASM.OBJ ACBP=A9
 0002:00004E20 0000010C C=DATA    S=_DATA    G=DGROUP   M=C:\ANTO\PROYECTO\WINSUPERDLX\GETPUT.OBJ ACBP=A9
 0002:00004F2C 00000078 C=DATA    S=_DATA    G=DGROUP   M=C:\ANTO\PROYECTO\WINSUPERDLX\HASH.OBJ ACBP=A9
 0002:00004FA4 0000052C C=DATA    S=_DATA    G=DGROUP   M=C:\ANTO\PROYECTO\WINSUPERDLX\INSPECT.OBJ ACBP=A9
 0002:000054D0 000001A8 C=DATA    S=_DATA    G=DGROUP   M=C:\ANTO\PROYECTO\WINSUPERDLX\MALLTRAP.OBJ ACBP=A9
 0002:00005678 00000334 C=DATA    S=_DATA    G=DGROUP   M=C:\ANTO\PROYECTO\WINSUPERDLX\READ.OBJ ACBP=A9
 0002:000059AC 00001FD8 C=DATA    S=_DATA    G=DGROUP   M=C:\ANTO\PROYECTO\WINSUPERDLX\SIM.OBJ ACBP=A9
 0002:00007984 00000094 C=DATA    S=_DATA    G=DGROUP   M=C:\ANTO\PROYECTO\WINSUPERDLX\STRTRAP.OBJ ACBP=A9
 0002:00007A18 000000D4 C=DATA    S=_DATA    G=DGROUP   M=C:\ANTO\PROYECTO\WINSUPERDLX\SUPERCALC.OBJ ACBP=A9
 0002:00007AEC 00000039 C=DATA    S=_DATA    G=DGROUP   M=C:\ANTO\PROYECTO\WINSUPERDLX\SUPERDECODE.OBJ ACBP=A9
 0002:00007AEC 000000AC C=DATA    S=_DATA    G=DGROUP   M=C:\ANTO\PROYECTO\WINSUPERDLX\SUPERFETCH.OBJ ACBP=A9
 0002:00007B98 000010BC C=DATA    S=_DATA    G=DGROUP   M=C:\ANTO\PROYECTO\WINSUPERDLX\SUPERSIM.OBJ ACBP=A9
 0002:00008C54 00000230 C=DATA    S=_DATA    G=DGROUP   M=C:\ANTO\PROYECTO\WINSUPERDLX\SYM.OBJ ACBP=A9
 0002:00008E84 000001DC C=DATA    S=_DATA    G=DGROUP   M=C:\ANTO\PROYECTO\WINSUPERDLX\TRAP.OBJ ACBP=A9
 0002:00009060 0000011C C=DATA    S=_DATA    G=DGROUP   M=C:\ANTO\PROYECTO\WINSUPERDLX\UNIT4.OBJ ACBP=A9
 0002:0000917C 00000014 C=DATA    S=_DATA    G=DGROUP   M=C:\ARCHIVOS DE PROGRAMA\BORLAND\CBUILDER4\LIB\RELEASE\VCLX40.LIB|Outline ACBP=A9
 0002:00009190 00000DD0 C=DATA    S=_DATA    G=DGROUP   M=C:\ANTO\PROYECTO\WINSUPERDLX\CONFIGURACION.OBJ ACBP=A9
 0002:00009F60 000001C8 C=DATA    S=_DATA    G=DGROUP   M=C:\ANTO\PROYECTO\WINSUPERDLX\UNIT5.OBJ ACBP=A9
 0002:0000A114 000001F4 C=DATA    S=_DATA    G=DGROUP   M=C:\ANTO\PROYECTO\WINSUPERDLX\FLOATINSTRUCTIONWINDOW.OBJ ACBP=A9
 0002:0000A2F4 000001F0 C=DATA    S=_DATA    G=DGROUP   M=C:\ANTO\PROYECTO\WINSUPERDLX\INTINSTRUCTIONWINDOW.OBJ ACBP=A9
 0002:0000A4D0 000001F4 C=DATA    S=_DATA    G=DGROUP   M=C:\ANTO\PROYECTO\WINSUPERDLX\RBINT.OBJ ACBP=A9
 0002:0000A6B0 000001E8 C=DATA    S=_DATA    G=DGROUP   M=C:\ANTO\PROYECTO\WINSUPERDLX\LOADBUFFER.OBJ ACBP=A9
 0002:0000A884 000001EC C=DATA    S=_DATA    G=DGROUP   M=C:\ANTO\PROYECTO\WINSUPERDLX\STOREBUFFER.OBJ ACBP=A9
 0002:0000AA5C 000001F0 C=DATA    S=_DATA    G=DGROUP   M=C:\ANTO\PROYECTO\WINSUPERDLX\INSTRUCTIONQUEUE.OBJ ACBP=A9
 0002:0000AC38 000003B8 C=DATA    S=_DATA    G=DGROUP   M=C:\ANTO\PROYECTO\WINSUPERDLX\GOTOADDRESS.OBJ ACBP=A9
 0002:0000AFF0 00000728 C=DATA    S=_DATA    G=DGROUP   M=C:\ANTO\PROYECTO\WINSUPERDLX\NEXT.OBJ ACBP=A9
 0002:0000B704 000002DC C=DATA    S=_DATA    G=DGROUP   M=C:\ANTO\PROYECTO\WINSUPERDLX\FICHREG.OBJ ACBP=A9
 0002:0000B9E0 00000FE0 C=DATA    S=_DATA    G=DGROUP   M=C:\ANTO\PROYECTO\WINSUPERDLX\ESTADISTICAS.OBJ ACBP=A9
 0002:0000C9AC 00000024 C=DATA    S=_DATA    G=DGROUP   M=C:\ANTO\PROYECTO\WINSUPERDLX\COLAHISTORIA.OBJ ACBP=A9
 0002:0000C9D0 000004BC C=DATA    S=_DATA    G=DGROUP   M=C:\ANTO\PROYECTO\WINSUPERDLX\HISTORIA.OBJ ACBP=A9
 0002:0000CE8C 000004E8 C=DATA    S=_DATA    G=DGROUP   M=C:\ANTO\PROYECTO\WINSUPERDLX\BRANCHFORM.OBJ ACBP=A9
 0002:0000D360 00000284 C=DATA    S=_DATA    G=DGROUP   M=C:\ANTO\PROYECTO\WINSUPERDLX\LEGEND.OBJ ACBP=A9
 0002:0000D5D0 000000D0 C=DATA    S=_DATA    G=DGROUP   M=C:\ANTO\PROYECTO\WINSUPERDLX\TCL.LIB|list_remove ACBP=A9
 0002:0000D6A0 000000A0 C=DATA    S=_DATA    G=DGROUP   M=C:\ANTO\PROYECTO\WINSUPERDLX\TCL.LIB|list_init ACBP=A9
 0002:0000D740 000003CC C=DATA    S=_DATA    G=DGROUP   M=C:\ANTO\PROYECTO\WINSUPERDLX\TCL.LIB|tclmini ACBP=A9
 0002:0000DB0C 000000E8 C=DATA    S=_DATA    G=DGROUP   M=C:\ANTO\PROYECTO\WINSUPERDLX\TCL.LIB|list_insert ACBP=A9
 0002:0000DBF4 000003F0 C=DATA    S=_DATA    G=DGROUP   M=C:\ARCHIVOS DE PROGRAMA\BORLAND\CBUILDER4\LIB\BCBSMP40.LIB|CCALENDR.CPP ACBP=A9
 0002:0000DFE4 000002AC C=DATA    S=_DATA    G=DGROUP   M=C:\ARCHIVOS DE PROGRAMA\BORLAND\CBUILDER4\LIB\BCBSMP40.LIB|CGRID.CPP ACBP=A9
 0002:0000E290 00000830 C=DATA    S=_DATA    G=DGROUP   M=C:\ARCHIVOS DE PROGRAMA\BORLAND\CBUILDER4\LIB\BCBSMP40.LIB|cdiroutl.cpp ACBP=A9
 0002:0000EAC0 00000540 C=DATA    S=_DATA    G=DGROUP   M=C:\ARCHIVOS DE PROGRAMA\BORLAND\CBUILDER4\LIB\BCBSMP40.LIB|CGAUGES.CPP ACBP=A9
 0002:0000F000 00000640 C=DATA    S=_DATA    G=DGROUP   M=C:\ARCHIVOS DE PROGRAMA\BORLAND\CBUILDER4\LIB\BCBSMP40.LIB|CSPIN.CPP ACBP=A9
 0002:0000F640 0000040C C=DATA    S=_DATA    G=DGROUP   M=C:\ARCHIVOS DE PROGRAMA\BORLAND\CBUILDER4\LIB\BCBSMP40.LIB|PERFGRAP.CPP ACBP=A9
 0002:0000FA4C 000008F8 C=DATA    S=_DATA    G=DGROUP   M=C:\ARCHIVOS DE PROGRAMA\BORLAND\CBUILDER4\LIB\VCLJPG40.LIB|jpeg ACBP=A9
 0002:00010344 00000214 C=DATA    S=_DATA    G=DGROUP   M=C:\ARCHIVOS DE PROGRAMA\BORLAND\CBUILDER4\PROJECTS\LIB\DCLUSR40.LIB|C:\componentes\CTListBox.cpp ACBP=A9
 0002:00010558 00000010 C=DATA    S=_DATA    G=DGROUP   M=C:\ARCHIVOS DE PROGRAMA\BORLAND\CBUILDER4\LIB\RELEASE\VCL40.LIB|UrlMon ACBP=A9
 0002:00010558 00000004 C=DATA    S=_DATA    G=DGROUP   M=C:\ARCHIVOS DE PROGRAMA\BORLAND\CBUILDER4\LIB\RELEASE\VCL40.LIB|StdActns ACBP=A9
 0002:00010558 0000002C C=DATA    S=_DATA    G=DGROUP   M=C:\ARCHIVOS DE PROGRAMA\BORLAND\CBUILDER4\LIB\RELEASE\VCL40.LIB|ImgList ACBP=A9
 0002:00010578 00000004 C=DATA    S=_DATA    G=DGROUP   M=C:\ARCHIVOS DE PROGRAMA\BORLAND\CBUILDER4\LIB\RELEASE\VCL40.LIB|ActnList ACBP=A9
 0002:00010578 00000020 C=DATA    S=_DATA    G=DGROUP   M=C:\ARCHIVOS DE PROGRAMA\BORLAND\CBUILDER4\LIB\RELEASE\VCL40.LIB|ToolWin ACBP=A9
 0002:00010598 00000010 C=DATA    S=_DATA    G=DGROUP   M=C:\ARCHIVOS DE PROGRAMA\BORLAND\CBUILDER4\LIB\RELEASE\VCL40.LIB|TypInfo ACBP=A9
 0002:000105A8 000000D8 C=DATA    S=_DATA    G=DGROUP   M=C:\ARCHIVOS DE PROGRAMA\BORLAND\CBUILDER4\LIB\RELEASE\VCL40.LIB|StdCtrls ACBP=A9
 0002:00010674 0000000C C=DATA    S=_DATA    G=DGROUP   M=C:\ARCHIVOS DE PROGRAMA\BORLAND\CBUILDER4\LIB\RELEASE\VCL40.LIB|Printers ACBP=A9
 0002:00010678 000000D8 C=DATA    S=_DATA    G=DGROUP   M=C:\ARCHIVOS DE PROGRAMA\BORLAND\CBUILDER4\LIB\RELEASE\VCL40.LIB|Menus ACBP=A9
 0002:00010750 00000010 C=DATA    S=_DATA    G=DGROUP   M=C:\ARCHIVOS DE PROGRAMA\BORLAND\CBUILDER4\LIB\RELEASE\VCL40.LIB|Mask ACBP=A9
 0002:00010760 00000006 C=DATA    S=_DATA    G=DGROUP   M=C:\ARCHIVOS DE PROGRAMA\BORLAND\CBUILDER4\LIB\RELEASE\VCL40.LIB|Grids ACBP=A9
 0002:00010766 000002BE C=DATA    S=_DATA    G=DGROUP   M=C:\ARCHIVOS DE PROGRAMA\BORLAND\CBUILDER4\LIB\RELEASE\VCL40.LIB|Graphics ACBP=A9
 0002:00010A24 00000148 C=DATA    S=_DATA    G=DGROUP   M=C:\ARCHIVOS DE PROGRAMA\BORLAND\CBUILDER4\LIB\RELEASE\VCL40.LIB|Forms ACBP=A9
 0002:00010B6C 00000024 C=DATA    S=_DATA    G=DGROUP   M=C:\ARCHIVOS DE PROGRAMA\BORLAND\CBUILDER4\LIB\RELEASE\VCL40.LIB|ExtCtrls ACBP=A9
 0002:00010B80 00000104 C=DATA    S=_DATA    G=DGROUP   M=C:\ARCHIVOS DE PROGRAMA\BORLAND\CBUILDER4\LIB\RELEASE\VCL40.LIB|Dialogs ACBP=A9
 0002:00010C84 00000128 C=DATA    S=_DATA    G=DGROUP   M=C:\ARCHIVOS DE PROGRAMA\BORLAND\CBUILDER4\LIB\RELEASE\VCL40.LIB|Controls ACBP=A9
 0002:00010DAC 000000D9 C=DATA    S=_DATA    G=DGROUP   M=C:\ARCHIVOS DE PROGRAMA\BORLAND\CBUILDER4\LIB\RELEASE\VCL40.LIB|ComCtrls ACBP=A9
 0002:00010E80 00000084 C=DATA    S=_DATA    G=DGROUP   M=C:\ARCHIVOS DE PROGRAMA\BORLAND\CBUILDER4\LIB\RELEASE\VCL40.LIB|Classes ACBP=A9
 0002:00010EE8 0000009E C=DATA    S=_DATA    G=DGROUP   M=C:\ARCHIVOS DE PROGRAMA\BORLAND\CBUILDER4\LIB\RELEASE\VCL40.LIB|Buttons ACBP=A9
 0002:00010F86 00000010 C=DATA    S=_DATA    G=DGROUP   M=C:\ARCHIVOS DE PROGRAMA\BORLAND\CBUILDER4\LIB\RELEASE\VCL40.LIB|Windows ACBP=A9
 0002:00010F86 00000010 C=DATA    S=_DATA    G=DGROUP   M=C:\ARCHIVOS DE PROGRAMA\BORLAND\CBUILDER4\LIB\RELEASE\VCL40.LIB|ActiveX ACBP=A9
 0002:00010F86 00000008 C=DATA    S=_DATA    G=DGROUP   M=C:\ARCHIVOS DE PROGRAMA\BORLAND\CBUILDER4\LIB\RELEASE\VCL40.LIB|Math ACBP=A9
 0002:00010F88 0000022C C=DATA    S=_DATA    G=DGROUP   M=C:\ARCHIVOS DE PROGRAMA\BORLAND\CBUILDER4\LIB\RELEASE\VCL40.LIB|SysUtils ACBP=A9
 0002:000111A8 000000A4 C=DATA    S=_DATA    G=DGROUP   M=C:\ARCHIVOS DE PROGRAMA\BORLAND\CBUILDER4\LIB\RELEASE\VCL40.LIB|System ACBP=A9
 0002:00011248 0000009C C=DATA    S=_DATA    G=DGROUP   M=C:\ARCHIVOS DE PROGRAMA\BORLAND\CBUILDER4\LIB\CP32MT.LIB|setnew ACBP=A9
 0002:000112E4 00000054 C=DATA    S=_DATA    G=DGROUP   M=C:\ARCHIVOS DE PROGRAMA\BORLAND\CBUILDER4\LIB\CP32MT.LIB|vdelldtc ACBP=A9
 0002:00011338 00000074 C=DATA    S=_DATA    G=DGROUP   M=C:\ARCHIVOS DE PROGRAMA\BORLAND\CBUILDER4\LIB\CP32MT.LIB|vnewldtc ACBP=A9
 0002:000113AC 00000160 C=DATA    S=_DATA    G=DGROUP   M=C:\ARCHIVOS DE PROGRAMA\BORLAND\CBUILDER4\LIB\CP32MT.LIB|hrdir_b ACBP=A9
 0002:0001150C 00000020 C=DATA    S=_DATA    G=DGROUP   M=C:\ARCHIVOS DE PROGRAMA\BORLAND\CBUILDER4\LIB\CP32MT.LIB|hrdir_s ACBP=A9
 0002:0001152C 00000038 C=DATA    S=_DATA    G=DGROUP   M=C:\ARCHIVOS DE PROGRAMA\BORLAND\CBUILDER4\LIB\CP32MT.LIB|predecl ACBP=A9
 0002:00011564 000000D0 C=DATA    S=_DATA    G=DGROUP   M=C:\ARCHIVOS DE PROGRAMA\BORLAND\CBUILDER4\LIB\CP32MT.LIB|stdexcpt ACBP=A9
 0002:00011630 00000014 C=DATA    S=_DATA    G=DGROUP   M=C:\ARCHIVOS DE PROGRAMA\BORLAND\CBUILDER4\LIB\CP32MT.LIB|strerror ACBP=A9
 0002:00011644 00000340 C=DATA    S=_DATA    G=DGROUP   M=C:\ARCHIVOS DE PROGRAMA\BORLAND\CBUILDER4\LIB\CP32MT.LIB|xxtype ACBP=A9
 0002:00011984 00000120 C=DATA    S=_DATA    G=DGROUP   M=C:\ARCHIVOS DE PROGRAMA\BORLAND\CBUILDER4\LIB\CP32MT.LIB|xxv ACBP=A9
 0002:00011AA4 00000014 C=DATA    S=_DATA    G=DGROUP   M=C:\ARCHIVOS DE PROGRAMA\BORLAND\CBUILDER4\LIB\CP32MT.LIB|except ACBP=A9
 0002:00011AB8 0000000C C=DATA    S=_DATA    G=DGROUP   M=C:\ARCHIVOS DE PROGRAMA\BORLAND\CBUILDER4\LIB\CP32MT.LIB|__dup2 ACBP=A9
 0002:00011AC4 00000004 C=DATA    S=_DATA    G=DGROUP   M=C:\ARCHIVOS DE PROGRAMA\BORLAND\CBUILDER4\LIB\CP32MT.LIB|_cfinfo ACBP=A9
 0002:00011AC8 00000004 C=DATA    S=_DATA    G=DGROUP   M=C:\ARCHIVOS DE PROGRAMA\BORLAND\CBUILDER4\LIB\CP32MT.LIB|_umask ACBP=A9
 0002:00011ACC 000004B0 C=DATA    S=_DATA    G=DGROUP   M=C:\ARCHIVOS DE PROGRAMA\BORLAND\CBUILDER4\LIB\CP32MT.LIB|files ACBP=A9
 0002:00011F7C 000000CC C=DATA    S=_DATA    G=DGROUP   M=C:\ARCHIVOS DE PROGRAMA\BORLAND\CBUILDER4\LIB\CP32MT.LIB|files2 ACBP=A9
 0002:00012048 00000004 C=DATA    S=_DATA    G=DGROUP   M=C:\ARCHIVOS DE PROGRAMA\BORLAND\CBUILDER4\LIB\CP32MT.LIB|fmode ACBP=A9
 0002:0001204C 00000004 C=DATA    S=_DATA    G=DGROUP   M=C:\ARCHIVOS DE PROGRAMA\BORLAND\CBUILDER4\LIB\CP32MT.LIB|fmodeptr ACBP=A9
 0002:00012050 00000054 C=DATA    S=_DATA    G=DGROUP   M=C:\ARCHIVOS DE PROGRAMA\BORLAND\CBUILDER4\LIB\CP32MT.LIB|handles ACBP=A9
 0002:000120A4 0000012B C=DATA    S=_DATA    G=DGROUP   M=C:\ARCHIVOS DE PROGRAMA\BORLAND\CBUILDER4\LIB\CP32MT.LIB|ioerror ACBP=A9
 0002:000121D0 0000000C C=DATA    S=_DATA    G=DGROUP   M=C:\ARCHIVOS DE PROGRAMA\BORLAND\CBUILDER4\LIB\CP32MT.LIB|mkname ACBP=A9
 0002:000121DC 0000047C C=DATA    S=_DATA    G=DGROUP   M=C:\ARCHIVOS DE PROGRAMA\BORLAND\CBUILDER4\LIB\CP32MT.LIB|perror ACBP=A9
 0002:00012658 00000082 C=DATA    S=_DATA    G=DGROUP   M=C:\ARCHIVOS DE PROGRAMA\BORLAND\CBUILDER4\LIB\CP32MT.LIB|scanner ACBP=A9
 0002:000126DC 00000054 C=DATA    S=_DATA    G=DGROUP   M=C:\ARCHIVOS DE PROGRAMA\BORLAND\CBUILDER4\LIB\CP32MT.LIB|streams ACBP=A9
 0002:00012730 00000076 C=DATA    S=_DATA    G=DGROUP   M=C:\ARCHIVOS DE PROGRAMA\BORLAND\CBUILDER4\LIB\CP32MT.LIB|vprinter ACBP=A9
 0002:000127A8 00000202 C=DATA    S=_DATA    G=DGROUP   M=C:\ARCHIVOS DE PROGRAMA\BORLAND\CBUILDER4\LIB\CP32MT.LIB|bigctype ACBP=A9
 0002:000129AC 0000003C C=DATA    S=_DATA    G=DGROUP   M=C:\ARCHIVOS DE PROGRAMA\BORLAND\CBUILDER4\LIB\CP32MT.LIB|cconv ACBP=A9
 0002:000129E8 00000050 C=DATA    S=_DATA    G=DGROUP   M=C:\ARCHIVOS DE PROGRAMA\BORLAND\CBUILDER4\LIB\CP32MT.LIB|convt ACBP=A9
 0002:00012A38 00000100 C=DATA    S=_DATA    G=DGROUP   M=C:\ARCHIVOS DE PROGRAMA\BORLAND\CBUILDER4\LIB\CP32MT.LIB|cupper ACBP=A9
 0002:00012B38 00000118 C=DATA    S=_DATA    G=DGROUP   M=C:\ARCHIVOS DE PROGRAMA\BORLAND\CBUILDER4\LIB\CP32MT.LIB|locale ACBP=A9
 0002:00012C50 00000260 C=DATA    S=_DATA    G=DGROUP   M=C:\ARCHIVOS DE PROGRAMA\BORLAND\CBUILDER4\LIB\CP32MT.LIB|clocale ACBP=A9
 0002:00012EB0 00000068 C=DATA    S=_DATA    G=DGROUP   M=C:\ARCHIVOS DE PROGRAMA\BORLAND\CBUILDER4\LIB\CP32MT.LIB|initcat ACBP=A9
 0002:00012F18 00000010 C=DATA    S=_DATA    G=DGROUP   M=C:\ARCHIVOS DE PROGRAMA\BORLAND\CBUILDER4\LIB\CP32MT.LIB|_matherr ACBP=A9
 0002:00012F28 000000C0 C=DATA    S=_DATA    G=DGROUP   M=C:\ARCHIVOS DE PROGRAMA\BORLAND\CBUILDER4\LIB\CP32MT.LIB|_pow10 ACBP=A9
 0002:00012FE8 0000000C C=DATA    S=_DATA    G=DGROUP   M=C:\ARCHIVOS DE PROGRAMA\BORLAND\CBUILDER4\LIB\CP32MT.LIB|cos ACBP=A9
 0002:00012FF4 00000068 C=DATA    S=_DATA    G=DGROUP   M=C:\ARCHIVOS DE PROGRAMA\BORLAND\CBUILDER4\LIB\CP32MT.LIB|cvtfak ACBP=A9
 0002:0001305C 00000068 C=DATA    S=_DATA    G=DGROUP   M=C:\ARCHIVOS DE PROGRAMA\BORLAND\CBUILDER4\LIB\CP32MT.LIB|cvtfakw ACBP=A9
 0002:000130C4 00000004 C=DATA    S=_DATA    G=DGROUP   M=C:\ARCHIVOS DE PROGRAMA\BORLAND\CBUILDER4\LIB\CP32MT.LIB|deflt87 ACBP=A9
 0002:000130C8 0000000C C=DATA    S=_DATA    G=DGROUP   M=C:\ARCHIVOS DE PROGRAMA\BORLAND\CBUILDER4\LIB\CP32MT.LIB|exp ACBP=A9
 0002:000130D4 00000014 C=DATA    S=_DATA    G=DGROUP   M=C:\ARCHIVOS DE PROGRAMA\BORLAND\CBUILDER4\LIB\CP32MT.LIB|f87atan ACBP=A9
 0002:000130E8 00000012 C=DATA    S=_DATA    G=DGROUP   M=C:\ARCHIVOS DE PROGRAMA\BORLAND\CBUILDER4\LIB\CP32MT.LIB|f87exp ACBP=A9
 0002:000130FC 00000016 C=DATA    S=_DATA    G=DGROUP   M=C:\ARCHIVOS DE PROGRAMA\BORLAND\CBUILDER4\LIB\CP32MT.LIB|f87log ACBP=A9
 0002:00013114 0000001C C=DATA    S=_DATA    G=DGROUP   M=C:\ARCHIVOS DE PROGRAMA\BORLAND\CBUILDER4\LIB\CP32MT.LIB|f87sine ACBP=A9
 0002:00013130 0000007C C=DATA    S=_DATA    G=DGROUP   M=C:\ARCHIVOS DE PROGRAMA\BORLAND\CBUILDER4\LIB\CP32MT.LIB|hugeval ACBP=A9
 0002:000131AC 00000008 C=DATA    S=_DATA    G=DGROUP   M=C:\ARCHIVOS DE PROGRAMA\BORLAND\CBUILDER4\LIB\CP32MT.LIB|initcvt ACBP=A9
 0002:000131B4 0000000C C=DATA    S=_DATA    G=DGROUP   M=C:\ARCHIVOS DE PROGRAMA\BORLAND\CBUILDER4\LIB\CP32MT.LIB|log ACBP=A9
 0002:000131C0 00000008 C=DATA    S=_DATA    G=DGROUP   M=C:\ARCHIVOS DE PROGRAMA\BORLAND\CBUILDER4\LIB\CP32MT.LIB|mathptr ACBP=A9
 0002:000131C8 00000044 C=DATA    S=_DATA    G=DGROUP   M=C:\ARCHIVOS DE PROGRAMA\BORLAND\CBUILDER4\LIB\CP32MT.LIB|mathwhy ACBP=A9
 0002:0001320C 0000001C C=DATA    S=_DATA    G=DGROUP   M=C:\ARCHIVOS DE PROGRAMA\BORLAND\CBUILDER4\LIB\CP32MT.LIB|pow ACBP=A9
 0002:00013228 00000014 C=DATA    S=_DATA    G=DGROUP   M=C:\ARCHIVOS DE PROGRAMA\BORLAND\CBUILDER4\LIB\CP32MT.LIB|realcvt ACBP=A9
 0002:0001323C 00000028 C=DATA    S=_DATA    G=DGROUP   M=C:\ARCHIVOS DE PROGRAMA\BORLAND\CBUILDER4\LIB\CP32MT.LIB|realcvtw ACBP=A9
 0002:00013264 00000028 C=DATA    S=_DATA    G=DGROUP   M=C:\ARCHIVOS DE PROGRAMA\BORLAND\CBUILDER4\LIB\CP32MT.LIB|scantod ACBP=A9
 0002:0001328C 00000028 C=DATA    S=_DATA    G=DGROUP   M=C:\ARCHIVOS DE PROGRAMA\BORLAND\CBUILDER4\LIB\CP32MT.LIB|scanwtod ACBP=A9
 0002:000132B4 0000000C C=DATA    S=_DATA    G=DGROUP   M=C:\ARCHIVOS DE PROGRAMA\BORLAND\CBUILDER4\LIB\CP32MT.LIB|sin ACBP=A9
 0002:000132C0 00000010 C=DATA    S=_DATA    G=DGROUP   M=C:\ARCHIVOS DE PROGRAMA\BORLAND\CBUILDER4\LIB\CP32MT.LIB|sqrt ACBP=A9
 0002:000132D0 0000000C C=DATA    S=_DATA    G=DGROUP   M=C:\ARCHIVOS DE PROGRAMA\BORLAND\CBUILDER4\LIB\CP32MT.LIB|tan ACBP=A9
 0002:000132DC 00000048 C=DATA    S=_DATA    G=DGROUP   M=C:\ARCHIVOS DE PROGRAMA\BORLAND\CBUILDER4\LIB\CP32MT.LIB|mbctype ACBP=A9
 0002:00013324 0000000C C=DATA    S=_DATA    G=DGROUP   M=C:\ARCHIVOS DE PROGRAMA\BORLAND\CBUILDER4\LIB\CP32MT.LIB|errormsg ACBP=A9
 0002:00013330 00000024 C=DATA    S=_DATA    G=DGROUP   M=C:\ARCHIVOS DE PROGRAMA\BORLAND\CBUILDER4\LIB\CP32MT.LIB|ermsghlp ACBP=A9
 0002:00013354 00000028 C=DATA    S=_DATA    G=DGROUP   M=C:\ARCHIVOS DE PROGRAMA\BORLAND\CBUILDER4\LIB\CP32MT.LIB|platform ACBP=A9
 0002:0001337C 00000024 C=DATA    S=_DATA    G=DGROUP   M=C:\ARCHIVOS DE PROGRAMA\BORLAND\CBUILDER4\LIB\CP32MT.LIB|assert ACBP=A9
 0002:000133A0 00000020 C=DATA    S=_DATA    G=DGROUP   M=C:\ARCHIVOS DE PROGRAMA\BORLAND\CBUILDER4\LIB\CP32MT.LIB|abort ACBP=A9
 0002:000133C0 00000004 C=DATA    S=_DATA    G=DGROUP   M=C:\ARCHIVOS DE PROGRAMA\BORLAND\CBUILDER4\LIB\CP32MT.LIB|patexit ACBP=A9
 0002:000133C4 0000000C C=DATA    S=_DATA    G=DGROUP   M=C:\ARCHIVOS DE PROGRAMA\BORLAND\CBUILDER4\LIB\CP32MT.LIB|exit ACBP=A9
 0002:000133D0 0000007C C=DATA    S=_DATA    G=DGROUP   M=C:\ARCHIVOS DE PROGRAMA\BORLAND\CBUILDER4\LIB\CP32MT.LIB|setargv ACBP=A9
 0002:0001344C 00000020 C=DATA    S=_DATA    G=DGROUP   M=C:\ARCHIVOS DE PROGRAMA\BORLAND\CBUILDER4\LIB\CP32MT.LIB|setargv0 ACBP=A9
 0002:0001346C 0000006C C=DATA    S=_DATA    G=DGROUP   M=C:\ARCHIVOS DE PROGRAMA\BORLAND\CBUILDER4\LIB\CP32MT.LIB|setenvp ACBP=A9
 0002:000134D8 0000005E C=DATA    S=_DATA    G=DGROUP   M=C:\ARCHIVOS DE PROGRAMA\BORLAND\CBUILDER4\LIB\CP32MT.LIB|signal ACBP=A9
 0002:00013538 00000018 C=DATA    S=_DATA    G=DGROUP   M=C:\ARCHIVOS DE PROGRAMA\BORLAND\CBUILDER4\LIB\CP32MT.LIB|initexit ACBP=A9
 0002:00013550 0000001C C=DATA    S=_DATA    G=DGROUP   M=C:\ARCHIVOS DE PROGRAMA\BORLAND\CBUILDER4\LIB\CP32MT.LIB|thrddata ACBP=A9
 0002:0001356C 00000014 C=DATA    S=_DATA    G=DGROUP   M=C:\ARCHIVOS DE PROGRAMA\BORLAND\CBUILDER4\LIB\CP32MT.LIB|_lock ACBP=A9
 0002:00013580 000013A8 C=DATA    S=_DATA    G=DGROUP   M=C:\ARCHIVOS DE PROGRAMA\BORLAND\CBUILDER4\LIB\CP32MT.LIB|xx ACBP=A9
 0002:00014928 000004BC C=DATA    S=_DATA    G=DGROUP   M=C:\ARCHIVOS DE PROGRAMA\BORLAND\CBUILDER4\LIB\RELEASE\VCLE40.LIB|dstring ACBP=A9
 0002:00014DD0 00000078 C=DATA    S=_DATA    G=DGROUP   M=C:\ARCHIVOS DE PROGRAMA\BORLAND\CBUILDER4\LIB\RELEASE\VCLE40.LIB|syssupp ACBP=A9
 0002:00014E48 0000006C C=DATA    S=_DATA    G=DGROUP   M=C:\ARCHIVOS DE PROGRAMA\BORLAND\CBUILDER4\LIB\RELEASE\VCLE40.LIB|vclinit ACBP=A9
 0002:00014EB4 000004A8 C=DATA    S=_DATA    G=DGROUP   M=<internal> ACBP=A9
 0003:00000000 0000001C C=BSS     S=_BSS     G=DGROUP   M=C:\ARCHIVOS DE PROGRAMA\BORLAND\CBUILDER4\LIB\OBJ\SYSINIT.OBJ ACBP=A9
 0003:0000001C 00011254 C=BSS     S=_BSS     G=DGROUP   M=C:\ANTO\PROYECTO\WINSUPERDLX\UNIT1.OBJ ACBP=A9
 0003:00011270 00000008 C=BSS     S=_BSS     G=DGROUP   M=C:\ANTO\PROYECTO\WINSUPERDLX\UNIT2.OBJ ACBP=A9
 0003:00011278 00000008 C=BSS     S=_BSS     G=DGROUP   M=C:\ANTO\PROYECTO\WINSUPERDLX\UNIT3.OBJ ACBP=A9
 0003:00011280 000000DC C=BSS     S=_BSS     G=DGROUP   M=C:\ANTO\PROYECTO\WINSUPERDLX\ASM.OBJ ACBP=A9
 0003:0001135C 0000033C C=BSS     S=_BSS     G=DGROUP   M=C:\ANTO\PROYECTO\WINSUPERDLX\GETPUT.OBJ ACBP=A9
 0003:00011698 0000000C C=BSS     S=_BSS     G=DGROUP   M=C:\ANTO\PROYECTO\WINSUPERDLX\INSPECT.OBJ ACBP=A9
 0003:000116A4 0000000C C=BSS     S=_BSS     G=DGROUP   M=C:\ANTO\PROYECTO\WINSUPERDLX\MALLTRAP.OBJ ACBP=A9
 0003:000116B0 0000000C C=BSS     S=_BSS     G=DGROUP   M=C:\ANTO\PROYECTO\WINSUPERDLX\READ.OBJ ACBP=A9
 0003:000116BC 0000000C C=BSS     S=_BSS     G=DGROUP   M=C:\ANTO\PROYECTO\WINSUPERDLX\SIM.OBJ ACBP=A9
 0003:000116C8 00000004 C=BSS     S=_BSS     G=DGROUP   M=C:\ANTO\PROYECTO\WINSUPERDLX\STRTRAP.OBJ ACBP=A9
 0003:000116C8 00000004 C=BSS     S=_BSS     G=DGROUP   M=C:\ANTO\PROYECTO\WINSUPERDLX\SUPERCALC.OBJ ACBP=A9
 0003:000116C8 00000010 C=BSS     S=_BSS     G=DGROUP   M=C:\ANTO\PROYECTO\WINSUPERDLX\SUPERDECODE.OBJ ACBP=A9
 0003:000116D8 00000010 C=BSS     S=_BSS     G=DGROUP   M=C:\ANTO\PROYECTO\WINSUPERDLX\SUPERFETCH.OBJ ACBP=A9
 0003:000116E8 00000004 C=BSS     S=_BSS     G=DGROUP   M=C:\ANTO\PROYECTO\WINSUPERDLX\SUPERSIM.OBJ ACBP=A9
 0003:000116E8 00000068 C=BSS     S=_BSS     G=DGROUP   M=C:\ANTO\PROYECTO\WINSUPERDLX\SYM.OBJ ACBP=A9
 0003:00011750 00000008 C=BSS     S=_BSS     G=DGROUP   M=C:\ANTO\PROYECTO\WINSUPERDLX\TRAP.OBJ ACBP=A9
 0003:00011758 00000014 C=BSS     S=_BSS     G=DGROUP   M=C:\ANTO\PROYECTO\WINSUPERDLX\UNIT4.OBJ ACBP=A9
 0003:0001176C 00000004 C=BSS     S=_BSS     G=DGROUP   M=C:\ARCHIVOS DE PROGRAMA\BORLAND\CBUILDER4\LIB\RELEASE\VCLX40.LIB|Outline ACBP=A9
 0003:00011770 00000014 C=BSS     S=_BSS     G=DGROUP   M=C:\ANTO\PROYECTO\WINSUPERDLX\CONFIGURACION.OBJ ACBP=A9
 0003:00011784 00000008 C=BSS     S=_BSS     G=DGROUP   M=C:\ANTO\PROYECTO\WINSUPERDLX\UNIT5.OBJ ACBP=A9
 0003:0001178C 00000008 C=BSS     S=_BSS     G=DGROUP   M=C:\ANTO\PROYECTO\WINSUPERDLX\FLOATINSTRUCTIONWINDOW.OBJ ACBP=A9
 0003:00011794 00000008 C=BSS     S=_BSS     G=DGROUP   M=C:\ANTO\PROYECTO\WINSUPERDLX\INTINSTRUCTIONWINDOW.OBJ ACBP=A9
 0003:0001179C 00000008 C=BSS     S=_BSS     G=DGROUP   M=C:\ANTO\PROYECTO\WINSUPERDLX\RBINT.OBJ ACBP=A9
 0003:000117A4 00000008 C=BSS     S=_BSS     G=DGROUP   M=C:\ANTO\PROYECTO\WINSUPERDLX\LOADBUFFER.OBJ ACBP=A9
 0003:000117AC 00000008 C=BSS     S=_BSS     G=DGROUP   M=C:\ANTO\PROYECTO\WINSUPERDLX\STOREBUFFER.OBJ ACBP=A9
 0003:000117B4 00000008 C=BSS     S=_BSS     G=DGROUP   M=C:\ANTO\PROYECTO\WINSUPERDLX\INSTRUCTIONQUEUE.OBJ ACBP=A9
 0003:000117BC 00000014 C=BSS     S=_BSS     G=DGROUP   M=C:\ANTO\PROYECTO\WINSUPERDLX\GOTOADDRESS.OBJ ACBP=A9
 0003:000117D0 00000014 C=BSS     S=_BSS     G=DGROUP   M=C:\ANTO\PROYECTO\WINSUPERDLX\NEXT.OBJ ACBP=A9
 0003:000117E4 00000014 C=BSS     S=_BSS     G=DGROUP   M=C:\ANTO\PROYECTO\WINSUPERDLX\FICHREG.OBJ ACBP=A9
 0003:000117F8 00000008 C=BSS     S=_BSS     G=DGROUP   M=C:\ANTO\PROYECTO\WINSUPERDLX\ESTADISTICAS.OBJ ACBP=A9
 0003:00011800 00000014 C=BSS     S=_BSS     G=DGROUP   M=C:\ANTO\PROYECTO\WINSUPERDLX\HISTORIA.OBJ ACBP=A9
 0003:00011814 00000014 C=BSS     S=_BSS     G=DGROUP   M=C:\ANTO\PROYECTO\WINSUPERDLX\BRANCHFORM.OBJ ACBP=A9
 0003:00011828 00000004 C=BSS     S=_BSS     G=DGROUP   M=C:\ANTO\PROYECTO\WINSUPERDLX\BRANCHPRED.OBJ ACBP=A9
 0003:00011828 00000008 C=BSS     S=_BSS     G=DGROUP   M=C:\ANTO\PROYECTO\WINSUPERDLX\LEGEND.OBJ ACBP=A9
 0003:00011830 00000004 C=BSS     S=_BSS     G=DGROUP   M=C:\ARCHIVOS DE PROGRAMA\BORLAND\CBUILDER4\LIB\BCBSMP40.LIB|CCALENDR.CPP ACBP=A9
 0003:00011834 00000004 C=BSS     S=_BSS     G=DGROUP   M=C:\ARCHIVOS DE PROGRAMA\BORLAND\CBUILDER4\LIB\BCBSMP40.LIB|CGRID.CPP ACBP=A9
 0003:00011838 0000000C C=BSS     S=_BSS     G=DGROUP   M=C:\ARCHIVOS DE PROGRAMA\BORLAND\CBUILDER4\LIB\BCBSMP40.LIB|cdiroutl.cpp ACBP=A9
 0003:00011844 00000004 C=BSS     S=_BSS     G=DGROUP   M=C:\ARCHIVOS DE PROGRAMA\BORLAND\CBUILDER4\LIB\BCBSMP40.LIB|CGAUGES.CPP ACBP=A9
 0003:00011848 00000004 C=BSS     S=_BSS     G=DGROUP   M=C:\ARCHIVOS DE PROGRAMA\BORLAND\CBUILDER4\LIB\BCBSMP40.LIB|CSPIN.CPP ACBP=A9
 0003:0001184C 00000004 C=BSS     S=_BSS     G=DGROUP   M=C:\ARCHIVOS DE PROGRAMA\BORLAND\CBUILDER4\LIB\BCBSMP40.LIB|PERFGRAP.CPP ACBP=A9
 0003:00011850 00000004 C=BSS     S=_BSS     G=DGROUP   M=C:\ARCHIVOS DE PROGRAMA\BORLAND\CBUILDER4\LIB\VCLJPG40.LIB|jconsts ACBP=A9
 0003:00011854 00000004 C=BSS     S=_BSS     G=DGROUP   M=C:\ARCHIVOS DE PROGRAMA\BORLAND\CBUILDER4\LIB\VCLJPG40.LIB|jpeg ACBP=A9
 0003:00011858 00000004 C=BSS     S=_BSS     G=DGROUP   M=C:\ARCHIVOS DE PROGRAMA\BORLAND\CBUILDER4\PROJECTS\LIB\DCLUSR40.LIB|C:\componentes\CTListBox.cpp ACBP=A9
 0003:0001185C 00000004 C=BSS     S=_BSS     G=DGROUP   M=C:\ARCHIVOS DE PROGRAMA\BORLAND\CBUILDER4\LIB\RELEASE\VCL40.LIB|UrlMon ACBP=A9
 0003:00011860 00000004 C=BSS     S=_BSS     G=DGROUP   M=C:\ARCHIVOS DE PROGRAMA\BORLAND\CBUILDER4\LIB\RELEASE\VCL40.LIB|StdActns ACBP=A9
 0003:00011864 00000004 C=BSS     S=_BSS     G=DGROUP   M=C:\ARCHIVOS DE PROGRAMA\BORLAND\CBUILDER4\LIB\RELEASE\VCL40.LIB|ImgList ACBP=A9
 0003:00011868 00000004 C=BSS     S=_BSS     G=DGROUP   M=C:\ARCHIVOS DE PROGRAMA\BORLAND\CBUILDER4\LIB\RELEASE\VCL40.LIB|ActnList ACBP=A9
 0003:0001186C 00000004 C=BSS     S=_BSS     G=DGROUP   M=C:\ARCHIVOS DE PROGRAMA\BORLAND\CBUILDER4\LIB\RELEASE\VCL40.LIB|ToolWin ACBP=A9
 0003:00011870 00000004 C=BSS     S=_BSS     G=DGROUP   M=C:\ARCHIVOS DE PROGRAMA\BORLAND\CBUILDER4\LIB\RELEASE\VCL40.LIB|TypInfo ACBP=A9
 0003:00011874 00000004 C=BSS     S=_BSS     G=DGROUP   M=C:\ARCHIVOS DE PROGRAMA\BORLAND\CBUILDER4\LIB\RELEASE\VCL40.LIB|StdCtrls ACBP=A9
 0003:00011878 00000004 C=BSS     S=_BSS     G=DGROUP   M=C:\ARCHIVOS DE PROGRAMA\BORLAND\CBUILDER4\LIB\RELEASE\VCL40.LIB|Printers ACBP=A9
 0003:0001187C 0000000C C=BSS     S=_BSS     G=DGROUP   M=C:\ARCHIVOS DE PROGRAMA\BORLAND\CBUILDER4\LIB\RELEASE\VCL40.LIB|Menus ACBP=A9
 0003:00011888 00000004 C=BSS     S=_BSS     G=DGROUP   M=C:\ARCHIVOS DE PROGRAMA\BORLAND\CBUILDER4\LIB\RELEASE\VCL40.LIB|Mask ACBP=A9
 0003:0001188C 00000004 C=BSS     S=_BSS     G=DGROUP   M=C:\ARCHIVOS DE PROGRAMA\BORLAND\CBUILDER4\LIB\RELEASE\VCL40.LIB|Grids ACBP=A9
 0003:00011890 00000060 C=BSS     S=_BSS     G=DGROUP   M=C:\ARCHIVOS DE PROGRAMA\BORLAND\CBUILDER4\LIB\RELEASE\VCL40.LIB|Graphics ACBP=A9
 0003:000118F0 0000004C C=BSS     S=_BSS     G=DGROUP   M=C:\ARCHIVOS DE PROGRAMA\BORLAND\CBUILDER4\LIB\RELEASE\VCL40.LIB|Forms ACBP=A9
 0003:0001193C 00000004 C=BSS     S=_BSS     G=DGROUP   M=C:\ARCHIVOS DE PROGRAMA\BORLAND\CBUILDER4\LIB\RELEASE\VCL40.LIB|ExtCtrls ACBP=A9
 0003:00011940 00000040 C=BSS     S=_BSS     G=DGROUP   M=C:\ARCHIVOS DE PROGRAMA\BORLAND\CBUILDER4\LIB\RELEASE\VCL40.LIB|Dialogs ACBP=A9
 0003:00011980 00000070 C=BSS     S=_BSS     G=DGROUP   M=C:\ARCHIVOS DE PROGRAMA\BORLAND\CBUILDER4\LIB\RELEASE\VCL40.LIB|Controls ACBP=A9
 0003:000119F0 00000004 C=BSS     S=_BSS     G=DGROUP   M=C:\ARCHIVOS DE PROGRAMA\BORLAND\CBUILDER4\LIB\RELEASE\VCL40.LIB|Consts ACBP=A9
 0003:000119F4 00000004 C=BSS     S=_BSS     G=DGROUP   M=C:\ARCHIVOS DE PROGRAMA\BORLAND\CBUILDER4\LIB\RELEASE\VCL40.LIB|ComStrs ACBP=A9
 0003:000119F8 00000034 C=BSS     S=_BSS     G=DGROUP   M=C:\ARCHIVOS DE PROGRAMA\BORLAND\CBUILDER4\LIB\RELEASE\VCL40.LIB|ComCtrls ACBP=A9
 0003:00011A2C 0000000C C=BSS     S=_BSS     G=DGROUP   M=C:\ARCHIVOS DE PROGRAMA\BORLAND\CBUILDER4\LIB\RELEASE\VCL40.LIB|ClipBrd ACBP=A9
 0003:00011A38 00000024 C=BSS     S=_BSS     G=DGROUP   M=C:\ARCHIVOS DE PROGRAMA\BORLAND\CBUILDER4\LIB\RELEASE\VCL40.LIB|Classes ACBP=A9
 0003:00011A5C 00000030 C=BSS     S=_BSS     G=DGROUP   M=C:\ARCHIVOS DE PROGRAMA\BORLAND\CBUILDER4\LIB\RELEASE\VCL40.LIB|Buttons ACBP=A9
 0003:00011A8C 00000031 C=BSS     S=_BSS     G=DGROUP   M=C:\ARCHIVOS DE PROGRAMA\BORLAND\CBUILDER4\LIB\RELEASE\VCL40.LIB|MultiMon ACBP=A9
 0003:00011AC0 00000034 C=BSS     S=_BSS     G=DGROUP   M=C:\ARCHIVOS DE PROGRAMA\BORLAND\CBUILDER4\LIB\RELEASE\VCL40.LIB|FlatSB ACBP=A9
 0003:00011AF4 00000004 C=BSS     S=_BSS     G=DGROUP   M=C:\ARCHIVOS DE PROGRAMA\BORLAND\CBUILDER4\LIB\RELEASE\VCL40.LIB|Winspool ACBP=A9
 0003:00011AF8 00000004 C=BSS     S=_BSS     G=DGROUP   M=C:\ARCHIVOS DE PROGRAMA\BORLAND\CBUILDER4\LIB\RELEASE\VCL40.LIB|Windows ACBP=A9
 0003:00011AFC 00000004 C=BSS     S=_BSS     G=DGROUP   M=C:\ARCHIVOS DE PROGRAMA\BORLAND\CBUILDER4\LIB\RELEASE\VCL40.LIB|RichEdit ACBP=A9
 0003:00011B00 00000004 C=BSS     S=_BSS     G=DGROUP   M=C:\ARCHIVOS DE PROGRAMA\BORLAND\CBUILDER4\LIB\RELEASE\VCL40.LIB|ActiveX ACBP=A9
 0003:00011B04 00000004 C=BSS     S=_BSS     G=DGROUP   M=C:\ARCHIVOS DE PROGRAMA\BORLAND\CBUILDER4\LIB\RELEASE\VCL40.LIB|Messages ACBP=A9
 0003:00011B08 00000004 C=BSS     S=_BSS     G=DGROUP   M=C:\ARCHIVOS DE PROGRAMA\BORLAND\CBUILDER4\LIB\RELEASE\VCL40.LIB|Imm ACBP=A9
 0003:00011B0C 00000004 C=BSS     S=_BSS     G=DGROUP   M=C:\ARCHIVOS DE PROGRAMA\BORLAND\CBUILDER4\LIB\RELEASE\VCL40.LIB|Dlgs ACBP=A9
 0003:00011B10 00000004 C=BSS     S=_BSS     G=DGROUP   M=C:\ARCHIVOS DE PROGRAMA\BORLAND\CBUILDER4\LIB\RELEASE\VCL40.LIB|CommDlg ACBP=A9
 0003:00011B14 0000000C C=BSS     S=_BSS     G=DGROUP   M=C:\ARCHIVOS DE PROGRAMA\BORLAND\CBUILDER4\LIB\RELEASE\VCL40.LIB|CommCtrl ACBP=A9
 0003:00011B20 00000004 C=BSS     S=_BSS     G=DGROUP   M=C:\ARCHIVOS DE PROGRAMA\BORLAND\CBUILDER4\LIB\RELEASE\VCL40.LIB|Math ACBP=A9
 0003:00011B24 00000004 C=BSS     S=_BSS     G=DGROUP   M=C:\ARCHIVOS DE PROGRAMA\BORLAND\CBUILDER4\LIB\RELEASE\VCL40.LIB|SysConst ACBP=A9
 0003:00011B28 00000118 C=BSS     S=_BSS     G=DGROUP   M=C:\ARCHIVOS DE PROGRAMA\BORLAND\CBUILDER4\LIB\RELEASE\VCL40.LIB|SysUtils ACBP=A9
 0003:00011C40 000004D4 C=BSS     S=_BSS     G=DGROUP   M=C:\ARCHIVOS DE PROGRAMA\BORLAND\CBUILDER4\LIB\RELEASE\VCL40.LIB|System ACBP=A9
 0003:00012114 00000008 C=BSS     S=_BSS     G=DGROUP   M=C:\ARCHIVOS DE PROGRAMA\BORLAND\CBUILDER4\LIB\CP32MT.LIB|setnew ACBP=A9
 0003:0001211C 00000018 C=BSS     S=_BSS     G=DGROUP   M=C:\ARCHIVOS DE PROGRAMA\BORLAND\CBUILDER4\LIB\CP32MT.LIB|hrdir_b ACBP=A9
 0003:00012134 0000002C C=BSS     S=_BSS     G=DGROUP   M=C:\ARCHIVOS DE PROGRAMA\BORLAND\CBUILDER4\LIB\CP32MT.LIB|predecl ACBP=A9
 0003:00012160 0000001C C=BSS     S=_BSS     G=DGROUP   M=C:\ARCHIVOS DE PROGRAMA\BORLAND\CBUILDER4\LIB\CP32MT.LIB|stdexcpt ACBP=A9
 0003:0001217C 00000410 C=BSS     S=_BSS     G=DGROUP   M=C:\ARCHIVOS DE PROGRAMA\BORLAND\CBUILDER4\LIB\CP32MT.LIB|xxtype ACBP=A9
 0003:0001258C 00000008 C=BSS     S=_BSS     G=DGROUP   M=C:\ARCHIVOS DE PROGRAMA\BORLAND\CBUILDER4\LIB\CP32MT.LIB|xxv ACBP=A9
 0003:00012594 00000008 C=BSS     S=_BSS     G=DGROUP   M=C:\ARCHIVOS DE PROGRAMA\BORLAND\CBUILDER4\LIB\CP32MT.LIB|except ACBP=A9
 0003:0001259C 00000190 C=BSS     S=_BSS     G=DGROUP   M=C:\ARCHIVOS DE PROGRAMA\BORLAND\CBUILDER4\LIB\CP32MT.LIB|files2 ACBP=A9
 0003:0001272C 00000008 C=BSS     S=_BSS     G=DGROUP   M=C:\ARCHIVOS DE PROGRAMA\BORLAND\CBUILDER4\LIB\CP32MT.LIB|handles ACBP=A9
 0003:00012734 00000001 C=BSS     S=_BSS     G=DGROUP   M=C:\ARCHIVOS DE PROGRAMA\BORLAND\CBUILDER4\LIB\CP32MT.LIB|lgetc ACBP=A9
 0003:00012735 00000002 C=BSS     S=_BSS     G=DGROUP   M=C:\ARCHIVOS DE PROGRAMA\BORLAND\CBUILDER4\LIB\CP32MT.LIB|mkname ACBP=A9
 0003:00012738 00000008 C=BSS     S=_BSS     G=DGROUP   M=C:\ARCHIVOS DE PROGRAMA\BORLAND\CBUILDER4\LIB\CP32MT.LIB|streams ACBP=A9
 0003:00012740 00000108 C=BSS     S=_BSS     G=DGROUP   M=C:\ARCHIVOS DE PROGRAMA\BORLAND\CBUILDER4\LIB\CP32MT.LIB|mbctype ACBP=A9
 0003:00012848 00000019 C=BSS     S=_BSS     G=DGROUP   M=C:\ARCHIVOS DE PROGRAMA\BORLAND\CBUILDER4\LIB\CP32MT.LIB|ermsghlp ACBP=A9
 0003:00012864 00000004 C=BSS     S=_BSS     G=DGROUP   M=C:\ARCHIVOS DE PROGRAMA\BORLAND\CBUILDER4\LIB\CP32MT.LIB|platform ACBP=A9
 0003:00012868 00000100 C=BSS     S=_BSS     G=DGROUP   M=C:\ARCHIVOS DE PROGRAMA\BORLAND\CBUILDER4\LIB\CP32MT.LIB|assert ACBP=A9
 0003:00012968 0000000C C=BSS     S=_BSS     G=DGROUP   M=C:\ARCHIVOS DE PROGRAMA\BORLAND\CBUILDER4\LIB\CP32MT.LIB|setargv ACBP=A9
 0003:00012974 00000010 C=BSS     S=_BSS     G=DGROUP   M=C:\ARCHIVOS DE PROGRAMA\BORLAND\CBUILDER4\LIB\CP32MT.LIB|setenvp ACBP=A9
 0003:00012984 00000048 C=BSS     S=_BSS     G=DGROUP   M=C:\ARCHIVOS DE PROGRAMA\BORLAND\CBUILDER4\LIB\CP32MT.LIB|globals ACBP=A9
 0003:000129CC 00000008 C=BSS     S=_BSS     G=DGROUP   M=C:\ARCHIVOS DE PROGRAMA\BORLAND\CBUILDER4\LIB\CP32MT.LIB|thrddata ACBP=A9
 0003:000129D4 00003004 C=BSS     S=_BSS     G=DGROUP   M=C:\ARCHIVOS DE PROGRAMA\BORLAND\CBUILDER4\LIB\CP32MT.LIB|_lock ACBP=A9
 0003:000159D8 00000010 C=BSS     S=_BSS     G=DGROUP   M=C:\ARCHIVOS DE PROGRAMA\BORLAND\CBUILDER4\LIB\CP32MT.LIB|xx ACBP=A9
 0004:00000000 00000008 C=TLS     S=_TLS     G=DGROUP   M=C:\ARCHIVOS DE PROGRAMA\BORLAND\CBUILDER4\LIB\RELEASE\VCL40.LIB|Classes ACBP=A9
 0004:00000008 00000008 C=TLS     S=_TLS     G=DGROUP   M=C:\ARCHIVOS DE PROGRAMA\BORLAND\CBUILDER4\LIB\RELEASE\VCL40.LIB|System ACBP=A9
 0004:00000010 000000A4 C=TLS     S=_TLS     G=DGROUP   M=C:\ARCHIVOS DE PROGRAMA\BORLAND\CBUILDER4\LIB\CP32MT.LIB|xxv ACBP=A9
 0004:000000B4 00000008 C=TLS     S=_TLS     G=DGROUP   M=C:\ARCHIVOS DE PROGRAMA\BORLAND\CBUILDER4\LIB\CP32MT.LIB|tls ACBP=A9

  Address         Publics by Name

 0001:000A95B4      @$bdele$qpv
 0001:000A95C4      @$bdla$qpv
 0001:000A95E8      @$bnew$qui
 0001:000A961C      @$bnwa$qui
 0001:00029738      @$xp$10TBltBitmap
 0001:00023BFC      @$xp$10TCCalendar
 0001:00008754      @$xp$10TFormAbout
 0001:0001C448      @$xp$10TFormRBInt
 0001:0002DE20      @$xp$10TGraphKind
 0001:000652B4      @$xp$11Forms@TForm
 0001:0004C794      @$xp$11Menus@TMenu
 0001:000A55F8      @$xp$11System@Byte
 0001:000A55B4      @$xp$11System@Char
 0001:000A456D      @$xp$11System@Text
 0001:000A560C      @$xp$11System@Word
 0001:000A456D      @$xp$11System@file
 0001:00025A80      @$xp$11TCColorGrid
 0001:00029B9C      @$xp$11TCGaugeKind
 0001:0001BA14      @$xp$11TFormCodigo
 0001:000219E4      @$xp$11TFormLegend
 0001:000A456D      @$xp$12System@PChar
 0001:000A4592      @$xp$12System@PGUID
 0001:000A4592      @$xp$12System@TGUID
 0001:0001EF88      @$xp$12TFormFichReg
 0001:000675EC      @$xp$13Forms@TScreen
 0001:0005C4C0      @$xp$13Graphics@TPen
 0001:000A454C      @$xp$13System@Double
 0001:000A45BE      @$xp$13System@PInt64
 0001:000A4559      @$xp$13System@Real48
 0001:000A4570      @$xp$13System@String
 0001:00008410      @$xp$13TFormFloatROB
 0001:00026148      @$xp$13TGridOrdering
 0001:00066B3C      @$xp$14Forms@IOleForm
 0001:00065DF0      @$xp$14Forms@TMonitor
 0001:0005C35C      @$xp$14Graphics@TFont
 0001:0005CD28      @$xp$14Graphics@TIcon
 0001:00046124      @$xp$14Stdctrls@TEdit
 0001:00046ACC      @$xp$14Stdctrls@TMemo
 0001:000A558C      @$xp$14System@Boolean
 0001:000A55E0      @$xp$14System@Integer
 0001:000A45D0      @$xp$14System@PVarRec
 0001:000A4533      @$xp$14System@Pointer
 0001:000A5674      @$xp$14System@TObject
 0001:000A45D0      @$xp$14System@TVarRec
 0001:00006DA0      @$xp$14TFormPrincipal
 0001:0009C210      @$xp$15Buttons@TBitBtn
 0001:000079C4      @$xp$15Controls@TAlign
 0001:000722E4      @$xp$15Extctrls@TBevel
 0001:00071D2C      @$xp$15Extctrls@TImage
 0001:00072724      @$xp$15Extctrls@TPanel
 0001:00071BB4      @$xp$15Extctrls@TTimer
 0001:00066B10      @$xp$15Forms@IDesigner
 0001:00065E3B      @$xp$15Forms@PHintInfo
 0001:00065E3C      @$xp$15Forms@THintInfo
 0001:00066C50      @$xp$15Forms@TPosition
 0001:0005C5C0      @$xp$15Graphics@TBrush
 0001:00007BE4      @$xp$15Graphics@TColor
 0001:000538D4      @$xp$15Grids@TDrawGrid
 0001:0002DF50      @$xp$15Jpeg@TJPEGImage
 0001:0004C868      @$xp$15Menus@TMainMenu
 0001:0004C46C      @$xp$15Menus@TMenuItem
 0001:000458D8      @$xp$15Stdctrls@TLabel
 0001:000A4534      @$xp$15System@Cardinal
 0001:000A4524      @$xp$15System@Extended
 0001:000A45BE      @$xp$15System@PVarData
 0001:000A45BE      @$xp$15System@PVariant
 0001:000A55C8      @$xp$15System@Smallint
 0001:000A45BE      @$xp$15System@TVarData
 0001:0001C78C      @$xp$15TFormLoadBuffer
 0001:000945D0      @$xp$16Classes@TStrings
 0001:00076FBF      @$xp$16Controls@TCMDrag
 0001:00007A40      @$xp$16Controls@TCursor
 0001:000209A4      @$xp$16Cspin@TCSpinEdit
 0001:00006F4C      @$xp$16Cspin@TCSpinEdit
 0001:0002B584      @$xp$16Cspin@TCSpinEdit
 0001:0001E0B4      @$xp$16Cspin@TCSpinEdit
 0001:0001ADA8      @$xp$16Cspin@TCSpinEdit
 0001:00065E10      @$xp$16Forms@PCursorRec
 0001:00065E10      @$xp$16Forms@TCursorRec
 0001:00065DED      @$xp$16Forms@TFormClass
 0001:00066BA8      @$xp$16Forms@TFormStyle
 0001:00066414      @$xp$16Forms@TScrollBox
 0001:00065E10      @$xp$16Forms@TTimerMode
 0001:0005CBF4      @$xp$16Graphics@TBitmap
 0001:0005C690      @$xp$16Graphics@TCanvas
 0001:0004C198      @$xp$16Menus@TMenuBreak
 0001:0004CA38      @$xp$16Menus@TPopupMenu
 0001:0004761C      @$xp$16Stdctrls@TButton
 0001:000A45BE      @$xp$16System@PCurrency
 0001:000A45D0      @$xp$16System@PDateTime
 0001:000A45BE      @$xp$16System@PExtended
 0001:000A45BE      @$xp$16System@PVarArray
 0001:000A456D      @$xp$16System@PWideChar
 0001:000A45C0      @$xp$16System@TDateTime
 0001:000A45BE      @$xp$16System@TVarArray
 0001:0009FE36      @$xp$16Sysutils@LongRec
 0001:0009FE36      @$xp$16Sysutils@TMethod
 0001:0009FE36      @$xp$16Sysutils@WordRec
 0001:0001D40C      @$xp$16TFormGoToAddress
 0001:0001CADC      @$xp$16TFormStoreBuffer
 0001:0001F32C      @$xp$16TfrmEstadisticas
 0001:00093BF0      @$xp$17Classes@TBiDiMode
 0001:00093C74      @$xp$17Classes@TShortCut
 0001:00086680      @$xp$17Comctrls@TAddMode
 0001:00089BD4      @$xp$17Comctrls@TToolBar
 0001:00076FBF      @$xp$17Controls@PDragRec
 0001:00077510      @$xp$17Controls@TAnchors
 0001:00076FBF      @$xp$17Controls@TCMFloat
 0001:00077500      @$xp$17Controls@TCaption
 0001:00076FF0      @$xp$17Controls@TControl
 0001:00076FBF      @$xp$17Controls@TDragRec
 0001:00077FBC      @$xp$17Controls@TImeMode
 0001:00078044      @$xp$17Controls@TImeName
 0001:00066BF0      @$xp$17Forms@TBorderIcon
 0001:00066D74      @$xp$17Forms@TCloseEvent
 0001:000670D4      @$xp$17Forms@TCustomForm
 0001:00067468      @$xp$17Forms@TDataModule
 0001:00066D14      @$xp$17Forms@TPrintScale
 0001:0005C86C      @$xp$17Graphics@TGraphic
 0001:0005BF79      @$xp$17Graphics@TPenData
 0001:0005BEC8      @$xp$17Graphics@TPenMode
 0001:0005C914      @$xp$17Graphics@TPicture
 0001:0005BEAB      @$xp$17Graphics@TResData
 0001:00053650      @$xp$17Grids@TCustomGrid
 0001:00053240      @$xp$17Grids@TGridOption
 0001:00053738      @$xp$17Grids@TMovedEvent
 0001:00054414      @$xp$17Grids@TStringGrid
 0001:00048558      @$xp$17Stdctrls@TListBox
 0001:000A455C      @$xp$17System@Openstring
 0001:0009FE36      @$xp$17Sysutils@Int64Rec
 0001:0009FE58      @$xp$17Sysutils@PTextBuf
 0001:0009FE58      @$xp$17Sysutils@TFileRec
 0001:0009FE58      @$xp$17Sysutils@TTextBuf
 0001:0009FE58      @$xp$17Sysutils@TTextRec
 0001:000203CC      @$xp$17TFormColaHistoria
 0001:0002DAD4      @$xp$17TPerformanceGraph
 0001:0009BAF0      @$xp$18Buttons@TNumGlyphs
 0001:00027EC8      @$xp$18Cdiroutl@TTextCase
 0001:00093B8C      @$xp$18Classes@TAlignment
 0001:00093A9C      @$xp$18Classes@TComponent
 0001:00093CB0      @$xp$18Classes@THelpEvent
 0001:00093BD0      @$xp$18Classes@TLeftRight
 0001:000933AC      @$xp$18Clipbrd@TClipboard
 0001:000866B5      @$xp$18Comctrls@PNodeInfo
 0001:000866B5      @$xp$18Comctrls@TNodeInfo
 0001:0008726C      @$xp$18Comctrls@TTabSheet
 0001:00086EC4      @$xp$18Comctrls@TTabStyle
 0001:00088A70      @$xp$18Comctrls@TTickMark
 0001:000866DC      @$xp$18Comctrls@TTrackBar
 0001:000866B8      @$xp$18Comctrls@TTreeNode
 0001:00078070      @$xp$18Controls@TBevelCut
 0001:0002436C      @$xp$18Controls@TDragKind
 0001:00007A58      @$xp$18Controls@TDragMode
 0001:0007772C      @$xp$18Controls@TKeyEvent
 0001:000774E8      @$xp$18Controls@TTabOrder
 0001:0001E6B4      @$xp$18Cspin@TCSpinButton
 0001:0002BBC0      @$xp$18Cspin@TCSpinButton
 0001:0001B3B0      @$xp$18Cspin@TCSpinButton
 0001:00020FAC      @$xp$18Cspin@TCSpinButton
 0001:0000754C      @$xp$18Cspin@TCSpinButton
 0001:000676B8      @$xp$18Forms@TApplication
 0001:00066C38      @$xp$18Forms@TBorderIcons
 0001:000662CC      @$xp$18Forms@TBorderStyle
 0001:00066D58      @$xp$18Forms@TModalResult
 0001:00066B68      @$xp$18Forms@TWindowState
 0001:0005BFEE      @$xp$18Graphics@PResource
 0001:0005BFF0      @$xp$18Graphics@TFillMode
 0001:0005BEC6      @$xp$18Graphics@TFontData
 0001:0005C124      @$xp$18Graphics@TFontName
 0001:0005CAB0      @$xp$18Graphics@TMetafile
 0001:0005C1B0      @$xp$18Graphics@TPenStyle
 0001:0005BFEE      @$xp$18Graphics@TResource
 0001:00053328      @$xp$18Grids@TGridOptions
 0001:0005321C      @$xp$18Grids@TInplaceEdit
 0001:00041E28      @$xp$18Imglist@TImageType
 0001:0002DF71      @$xp$18Jpeg@TJPEGDefaults
 0001:000A45BE      @$xp$18System@PAnsiString
 0001:000A45BE      @$xp$18System@POleVariant
 0001:000A45BE      @$xp$18System@PWideString
 0001:000A45D0      @$xp$18System@PackageInfo
 0001:000A45D0      @$xp$18System@THeapStatus
 0001:0009FEEC      @$xp$18Sysutils@Exception
 0001:000A0800      @$xp$18Sysutils@TFileName
 0001:0009FEA8      @$xp$18Sysutils@TFloatRec
 0001:0009FF10      @$xp$18Sysutils@TNameType
 0001:0001AC04      @$xp$18TFormConfiguracion
 0001:000445A8      @$xp$18Toolwin@TEdgeStyle
 0001:0009C054      @$xp$19Buttons@TBitBtnKind
 0001:00093A77      @$xp$19Classes@PStringItem
 0001:0009449C      @$xp$19Classes@TCollection
 0001:00093A3C      @$xp$19Classes@TDuplicates
 0001:00093B78      @$xp$19Classes@TIdentToInt
 0001:00093B78      @$xp$19Classes@TIntToIdent
 0001:000939E8      @$xp$19Classes@TPersistent
 0001:00093A78      @$xp$19Classes@TStringItem
 0001:000946CC      @$xp$19Classes@TStringList
 0001:000866DC      @$xp$19Comctrls@PNodeCache
 0001:000866DC      @$xp$19Comctrls@TNodeCache
 0001:000883B8      @$xp$19Comctrls@TStatusBar
 0001:00088AAC      @$xp$19Comctrls@TTickStyle
 0001:000789F4      @$xp$19Controls@TImageList
[...]
 0002:00015028      __indStub:6212
 0002:0001502C      __indStub:6213
 0002:00015030      __indStub:5165
 0002:00015034      __indStub:7305
 0002:00015038      __indStub:5164
 0002:0001503C      __indStub:7876
 0002:00015040      __indStub:9029
 0002:00015044      __indStub:9030
 0002:00015048      __indStub:9031
 0002:0001504C      __indStub:9032
 0002:00015050      __indStub:9123
 0002:00015054      __indStub:9191
 0002:00015058      __indStub:9121
 0002:0001505C      __indStub:9350
 0002:00015060      __indStub:9087
 0002:00015064      __indStub:7955
 0002:00015068      __indStub:7967
 0002:0001506C      __indStub:9103
 0002:00015070      __indStub:9129
 0002:00015074      __indStub:9211
 0002:00015078      __indStub:9111
 0002:0001507C      __indStub:9113
 0002:00015080      __indStub:9407
 0002:00015084      __indStub:9283
 0002:00015088      __indStub:9117
 0002:0001508C      __indStub:9115
 0002:00015090      __indStub:9093
 0002:00015094      __indStub:9095
 0002:00015098      __indStub:9105
 0002:0001509C      __indStub:9089
 0002:000150A0      __indStub:9091
 0002:000150A4      __indStub:9097
 0002:000150A8      __indStub:9099
 0002:000150AC      __indStub:9137
 0002:000150B0      __indStub:9141
 0002:000150B4      __indStub:9145
 0002:000150B8      __indStub:9139
 0002:000150BC      __indStub:9143
 0002:000150C0      __indStub:9147
 0002:000150C4      __indStub:9125
 0002:000150C8      __indStub:9127
 0002:000150CC      __indStub:9233
 0002:000150D0      __indStub:9227
 0002:000150D4      __indStub:9229
 0002:000150D8      __indStub:9231
 0002:000150DC      __indStub:9225
 0002:000150E0      __indStub:9221
 0002:000150E4      __indStub:9219
 0002:000150E8      __indStub:9223
 0002:000150EC      __indStub:9217
 0002:000150F0      __indStub:9215
 0002:000150F4      __indStub:7883
 0002:000150F8      __indStub:7884
 0002:000150FC      __indStub:7885
 0002:00015100      __indStub:7886
 0002:00015104      __indStub:7867
 0002:00015108      __indStub:7868
 0002:0001510C      __indStub:7869
 0002:00015110      __indStub:7871
 0002:00015114      __indStub:13185
 0002:00015118      __indStub:5338
 0002:0001511C      __indStub:9046
 0002:00015120      __indStub:9047
 0002:00015124      __indStub:6270
 0002:00015128      __indStub:2403
 0002:0001512C      __indStub:5337
 0002:00015130      __indStub:13405
 0002:00015134      __indStub:13417
 0002:00015138      __indStub:13464
 0002:0001513C      __indStub:13466
 0002:00015140      __indStub:13421
 0002:00015144      __indStub:13494
 0002:00015148      __indStub:13498
 0002:0001514C      __indStub:13500
 0002:00015150      __indStub:13478
 0002:00015154      __indStub:13480
 0002:00015158      __indStub:13502
 0002:0001515C      __indStub:13454
 0002:00015160      __indStub:13492
 0002:00015164      __indStub:13419
 0002:00015168      __indStub:13450
 0002:0001516C      __indStub:13514
 0002:00015170      __indStub:13516
 0002:00015174      __indStub:13496
 0002:00015178      __indStub:13490
 0002:0001517C      __indStub:13488
 0002:00015180      __indStub:13486
 0002:00015184      __indStub:13476
 0002:00015188      __indStub:13474
 0002:0001518C      __indStub:13472
 0002:00015190      __indStub:13456
 0002:00015194      __indStub:13458
 0002:00015198      __indStub:13460
 0002:0001519C      __indStub:13452
 0002:000151A0      __indStub:13448
 0002:000151A4      __indStub:13446
 0002:000151A8      __indStub:13444
 0002:000151AC      __indStub:13442
 0002:000151B0      __indStub:13439
 0002:000151B4      __indStub:13437
 0002:000151B8      __indStub:13435
 0002:000151BC      __indStub:13433
 0002:000151C0      __indStub:13431
 0002:000151C4      __indStub:13429
 0002:000151C8      __indStub:13427
 0002:000151CC      __indStub:13425
 0002:000151D0      __indStub:13423
 0002:000151D4      __indStub:13470
 0002:000151D8      __indStub:13468
 0002:000151DC      __indStub:13594
 0002:000151E0      __indStub:13592
 0002:000151E4      __indStub:13590
 0002:000151E8      __indStub:13588
 0002:000151EC      __indStub:13586
 0002:000151F0      __indStub:13584
 0002:000151F4      __indStub:13582
 0002:000151F8      __indStub:13580
 0002:000151FC      __indStub:13578
 0002:00015200      __indStub:13576
 0002:00015204      __indStub:13574
 0002:00015208      __indStub:13572
 0002:0001520C      __indStub:13570
 0002:00015210      __indStub:13568
 0002:00015214      __indStub:13566
 0002:00015218      __indStub:13564
 0002:0001521C      __indStub:13562
 0002:00015220      __indStub:13560
 0002:00015224      __indStub:13558
 0002:00015228      __indStub:13556
 0002:0001522C      __indStub:13554
 0002:00015230      __indStub:13552
 0002:00015234      __indStub:13550
 0002:00015238      __indStub:13548
 0002:0001523C      __indStub:13546
 0002:00015240      __indStub:13544
 0002:00015244      __indStub:13542
 0002:00015248      __indStub:13540
 0002:0001524C      __indStub:13538
 0002:00015250      __indStub:13536
 0002:00015254      __indStub:13534
 0002:00015258      __indStub:13532
 0002:0001525C      __indStub:13530
 0002:00015260      __indStub:13528
 0002:00015264      __indStub:13526
 0002:00015268      __indStub:13524
 0002:0001526C      __indStub:13522
 0002:00015270      __indStub:13520
 0002:00015274      __indStub:8571
 0002:00015278      __indStub:11910
 0002:0001527C      __indStub:14015
 0002:00015280      __indStub:14014
 0002:00015284      __indStub:14017
 0002:00015288      __indStub:14018
 0002:0001528C      __indStub:14016
 0002:00015290      __indStub:14019
 0002:00015294      __indStub:14020
 0002:00015298      __indStub:8068
 0002:0001529C      __indStub:70
 0002:000152A0      __indStub:8071
 0002:000152A4      __indStub:72
 0002:000152A8      __indStub:8070
 0002:000152AC      __indStub:74
 0002:000152B0      __indStub:73
 0002:000152B4      __indStub:14008
 0002:000152B8      __indStub:8064
 0002:000152BC      __indStub:14516
 0002:000152C0      __indStub:13942
 0002:000152C4      __indStub:9251
 0002:000152C8      __indStub:9249
 0002:000152CC      __indStub:9253
 0002:000152D0      __indStub:2730
 0002:000152D4      __indStub:2732
 0002:000152D8      __indStub:2734
 0002:000152DC      __indStub:9163
 0002:000152E0      __indStub:9169
 0002:000152E4      __indStub:9171
 0002:000152E8      __indStub:9173
 0002:000152EC      __indStub:9175
 0002:000152F0      __indStub:9177
 0002:000152F4      __indStub:4764
 0002:000152F8      __indStub:4766
 0002:000152FC      __indStub:13935
 0002:00015300      __indStub:13932
 0002:00015304      __indStub:9293
 0002:00015308      __indStub:9295
 0002:0001530C      __indStub:9621
 0002:00015310      __indStub:9623
 0002:00015314      __indStub:9625
 0002:00015318      __indStub:9627
 0002:0001531C      __indStub:9629
 0002:00015320      __indStub:9631
 0002:00015324      __indStub:9633
 0002:00015328      __indStub:9641
 0002:0001532C      __indStub:9667
 0002:00015330      __indStub:9395
 0002:00015334      __indStub:9392
 0002:00015338      __indStub:13659
 0002:0001533C      __indStub:9287
 0002:00015340      __indStub:9289
 0002:00015344      __indStub:9303
 0002:00015348      __indStub:9307
 0002:0001534C      __indStub:9297
 0002:00015350      __indStub:9301
 0002:00015354      __indStub:9291
 0002:00015358      __indStub:9305
 0002:00015360      __TLS_index
 0003:00000000      @Sysinit@B2_2
 0003:00000000      @Sysinit@ModuleIsLib
 0003:00000001      @Sysinit@ModuleIsPackage
 0003:00000002      @Sysinit@ModuleIsCpp
 0003:00000004      @Sysinit@TlsIndex
 0003:00000008      @Sysinit@TlsLast
 0003:0000000C      @Sysinit@HInstance
 0003:00000010      @Sysinit@DllProc
 0003:0000001C      @Unit1@B4_2
 0003:0000001C      _machPtr
 0003:00000020      _memArg
 0003:00000024      _mem_size
 0003:00000028      _contenidoQueue
 0003:00002738      _contenidoWindowInt
 0003:00004E48      _contenidoWindowFloat
 0003:00007558      _contenidoRBufferInt
 0003:00009C68      _contenidoRBufferFloat
 0003:0000C378      _contenidoDataLoad
 0003:0000D700      _contenidoDataStore
 0003:0000EA88      _contenidoUnitsInt
 0003:0000FE10      _contenidoUnitsFloat
 0003:00011198      _dispData
 0003:0001119C      _dispWindow
 0003:000111A0      _dispRBuffer
 0003:000111A4      _StatsGeneral
 0003:00011244      _StatsBranch
 0003:0001125C      _StatsBlkStores
 0003:00011268      _FormPrincipal
 0003:0001126C      @Unit1@B4_3
 0003:00011270      @Unit2@B5_2
 0003:00011270      _FormFloatROB
 0003:00011274      @Unit2@B5_3
 0003:00011278      _FormAbout
 0003:00011278      @Unit3@B6_2
 0003:0001127C      @Unit3@B6_3
 0003:00011280      @B7_2
 0003:0001134C      _machPtr
 0003:00011354      _num_asm_files
 0003:00011358      _asmHashTbl
 0003:0001135C      @B8_2
 0003:00011690      _machPtr
 0003:00011694      _curr_LocalTbl
 0003:00011698      @B10_2
 0003:00011698      _machPtr
 0003:0001169C      _memArg
 0003:000116A0      _mem_size
 0003:000116A4      _machPtr
 0003:000116A4      @B11_2
 0003:000116B0      _machPtr
 0003:000116B0      @B12_2
 0003:000116B4      _memArg
 0003:000116B8      _mem_size
 0003:000116BC      @B13_2
 0003:000116BC      _machPtr
 0003:000116C0      _memArg
 0003:000116C4      _mem_size
 0003:000116C8      @B16_2
 0003:000116C8      _machPtr
 0003:000116CC      _memArg
 0003:000116D0      _mem_size
 0003:000116D4      _resultType
 0003:000116D8      @B17_2
 0003:000116DC      _machPtr
 0003:000116E0      _memArg
 0003:000116E4      _mem_size
 0003:000116E8      @B20_2
 0003:0001174C      _machPtr
 0003:00011750      @B21_2
 0003:00011754      _machPtr
 0003:00011758      @Unit4@B22_2
 0003:00011758      _machPtr
 0003:0001175C      _memArg
 0003:00011760      _mem_size
 0003:00011764      _DMGen
 0003:00011768      @Unit4@B22_3
 0003:0001176C      @Outline@B71_2
 0003:00011770      _machPtr
 0003:00011770      @Configuracion@B24_2
 0003:00011774      _memArg
 0003:00011778      _mem_size
 0003:0001177C      _FormConfiguracion
 0003:00011780      @Configuracion@B24_3
 0003:00011784      _FormCodigo
 0003:00011784      @Unit5@B25_2
 0003:00011788      @Unit5@B25_3
 0003:0001178C      @Floatinstructionwindow@B26_2
 0003:0001178C      _FormFloatInstructionWindow
 0003:00011790      @Floatinstructionwindow@B26_3
 0003:00011794      _FormIntInstructionWindow
 0003:00011794      @Intinstructionwindow@B27_2
 0003:00011798      @Intinstructionwindow@B27_3
 0003:0001179C      @Rbint@B28_2
 0003:0001179C      _FormRBInt
 0003:000117A0      @Rbint@B28_3
 0003:000117A4      _FormLoadBuffer
 0003:000117A4      @Loadbuffer@B29_2
 0003:000117A8      @Loadbuffer@B29_3
 0003:000117AC      _FormStoreBuffer
 0003:000117AC      @Storebuffer@B30_2
 0003:000117B0      @Storebuffer@B30_3
 0003:000117B4      _FormInstructionQueue
 0003:000117B4      @Instructionqueue@B31_2
 0003:000117B8      @Instructionqueue@B31_3
 0003:000117BC      _machPtr
 0003:000117BC      @Gotoaddress@B32_2
 0003:000117C0      _memArg
 0003:000117C4      _mem_size
 0003:000117C8      _FormGoToAddress
 0003:000117CC      @Gotoaddress@B32_3
 0003:000117D0      _machPtr
 0003:000117D0      @Next@B33_2
 0003:000117D4      _memArg
 0003:000117D8      _mem_size
 0003:000117DC      _FormNext
 0003:000117E0      @Next@B33_3
 0003:000117E4      @Fichreg@B34_2
 0003:000117E4      _machPtr
 0003:000117E8      _memArg
 0003:000117EC      _mem_size
 0003:000117F0      _FormFichReg
 0003:000117F4      @Fichreg@B34_3
 0003:000117F8      _frmEstadisticas
 0003:000117F8      @Estadisticas@B35_2
 0003:000117FC      @Estadisticas@B35_3
 0003:00011800      @Historia@B37_2
 0003:00011800      _machPtr
 0003:00011804      _memArg
 0003:00011808      _mem_size
 0003:0001180C      _FormColaHistoria
 0003:00011810      @Historia@B37_3
 0003:00011814      _machPtr
 0003:00011814      @Branchform@B38_2
 0003:00011818      _memArg
 0003:0001181C      _mem_size
 0003:00011820      _FormPred
 0003:00011824      @Branchform@B38_3
 0003:00011828      @Legend@B40_2
 0003:00011828      _FormLegend
 0003:0001182C      @Legend@B40_3
 0003:00011830      @Ccalendr@B128_2
 0003:00011834      @Cgrid@B130_2
 0003:00011838      @Cdiroutl@B132_2
 0003:00011838      @Cdiroutl@TCDirectoryOutline@InvalidIndex
 0003:0001183C      @Cdiroutl@TCDirectoryOutline@RootIndex
 0003:00011840      @Cdiroutl@B132_3
 0003:00011844      @Cgauges@B134_2
 0003:00011848      @Cspin@B135_2
 0003:0001184C      @Perfgrap@B139_2
 0003:00011850      @Jconsts@B143_1
 0003:00011854      @Jpeg@B144_2
 0003:00011858      @Ctlistbox@B158_2
 0003:0001185C      @Urlmon@B163_2
 0003:00011860      @Stdactns@B167_2
 0003:00011864      @Imglist@B169_2
 0003:00011868      @Actnlist@B171_2
 0003:0001186C      @Toolwin@B205_2
 0003:00011870      @Typinfo@B211_2
 0003:00011874      @Stdctrls@B213_2
 0003:00011878      @Printers@B229_2
 0003:0001187C      @Menus@B236_2
 0003:00011888      @Mask@B239_2
 0003:0001188C      @Grids@B243_2
 0003:00011890      @Graphics@B248_2
 0003:00011890      @Graphics@SystemPalette16
 0003:000118F0      @Forms@Application
 0003:000118F0      @Forms@B249_2
 0003:000118F4      @Forms@Screen
 0003:000118F8      @Forms@GetDataModuleProviderNames
 0003:000118FC      @Forms@UpdateDataModuleRegistry
 0003:0001193C      @Extctrls@B263_2
 0003:00011940      @Dialogs@B266_2
 0003:00011980      @Controls@Mouse
 0003:00011980      @Controls@B272_2
 0003:00011984      @Controls@NewStyleControls
 0003:000119F0      @Consts@B274_1
 0003:000119F4      @Comstrs@B276_1
 0003:000119F8      @Comctrls@B278_2
 0003:00011A2C      @Clipbrd@CF_PICTURE
 0003:00011A2C      @Clipbrd@B285_1
 0003:00011A2E      @Clipbrd@CF_COMPONENT
 0003:00011A38      @Classes@GlobalNameSpace
 0003:00011A38      @Classes@B286_2
 0003:00011A3C      @Classes@FindGlobalComponent
 0003:00011A5C      @Buttons@B289_2
 0003:00011A8C      @Multimon@B292_1
 0003:00011A8C      @Multimon@GetSystemMetrics
 0003:00011A90      @Multimon@MonitorFromWindow
 0003:00011A94      @Multimon@MonitorFromRect
 0003:00011A98      @Multimon@MonitorFromPoint
 0003:00011A9C      @Multimon@GetMonitorInfoA
 0003:00011AA0      @Multimon@GetMonitorInfoW
 0003:00011AA4      @Multimon@GetMonitorInfo
 0003:00011AA8      @Multimon@EnumDisplayMonitors
 0003:00011AC0      @Flatsb@B293_1
 0003:00011AC0      @Flatsb@FlatSB_EnableScrollBar
 0003:00011AC4      @Flatsb@FlatSB_ShowScrollBar
 0003:00011AC8      @Flatsb@FlatSB_GetScrollRange
 0003:00011ACC      @Flatsb@FlatSB_GetScrollInfo
 0003:00011AD0      @Flatsb@FlatSB_GetScrollPos
 0003:00011AD4      @Flatsb@FlatSB_SetScrollPos
 0003:00011AD8      @Flatsb@FlatSB_SetScrollInfo
 0003:00011ADC      @Flatsb@FlatSB_SetScrollRange
 0003:00011AF4      @Winspool@B297_1
 0003:00011AF8      @Windows@B302_2
 0003:00011AFC      @Richedit@B309_1
 0003:00011B00      @Activex@B316_2
 0003:00011B04      @Messages@B321_1
 0003:00011B08      @Imm@B330_1
 0003:00011B0C      @Dlgs@B331_1
 0003:00011B10      @Commdlg@B334_1
 0003:00011B14      @Commctrl@B335_1
 0003:00011B20      @Math@B336_2
 0003:00011B24      @Sysconst@B343_1
 0003:00011B28      @Sysutils@CurrencyString
 0003:00011B28      @Sysutils@B344_2
 0003:00011B2C      @Sysutils@CurrencyFormat
 0003:00011B2D      @Sysutils@NegCurrFormat
 0003:00011B2E      @Sysutils@ThousandSeparator
 0003:00011B2F      @Sysutils@DecimalSeparator
 0003:00011B30      @Sysutils@CurrencyDecimals
 0003:00011B31      @Sysutils@DateSeparator
 0003:00011B34      @Sysutils@ShortDateFormat
 0003:00011B38      @Sysutils@LongDateFormat
 0003:00011B3C      @Sysutils@TimeSeparator
 0003:00011B40      @Sysutils@TimeAMString
 0003:00011B44      @Sysutils@TimePMString
 0003:00011B48      @Sysutils@ShortTimeFormat
 0003:00011B4C      @Sysutils@LongTimeFormat
 0003:00011B50      @Sysutils@ShortMonthNames
 0003:00011B80      @Sysutils@LongMonthNames
 0003:00011BB0      @Sysutils@ShortDayNames
 0003:00011BCC      @Sysutils@LongDayNames
 0003:00011BE8      @Sysutils@SysLocale
 0003:00011BF4      @Sysutils@EraNames
 0003:00011C10      @Sysutils@EraYearOffsets
 0003:00011C2C      @Sysutils@ListSeparator
 0003:00011C40      @System@B346_2
 0003:00011C40      @System@ExceptProc
 0003:00011C44      @System@ErrorProc
 0003:00011C48      @System@ExceptClsProc
 0003:00011C4C      @System@ExceptObjProc
 0003:00011C50      @System@ExceptionClass
 0003:00011C54      @System@SafeCallErrorProc
 0003:00011C58      @System@AssertErrorProc
 0003:00011C5C      @System@AbstractErrorProc
 0003:00011C60      @System@HPrevInst
 0003:00011C64      @System@MainInstance
 0003:00011C68      @System@MainThreadID
 0003:00011C6C      @System@IsLibrary
 0003:00011C70      @System@CmdShow
 0003:00011C74      @System@CmdLine
 0003:00011C78      @System@InitProc
 0003:00011C7C      @System@ExitCode
 0003:00011C80      @System@ExitProc
 0003:00011C84      @System@ErrorAddr
 0003:00011C88      @System@RandSeed
 0003:00011C8C      @System@IsConsole
 0003:00011C8D      @System@IsMultiThread
 0003:00011C8E      @System@FileMode
 0003:00011C8F      @System@Test8086
 0003:00011C90      @System@Test8087
 0003:00011C91      @System@TestFDIV
 0003:00011C94      @System@Input
 0003:00011E60      @System@Output
 0003:0001202C      @System@ClearAnyProc
 0003:00012030      @System@ChangeAnyProc
 0003:00012034      @System@RefAnyProc
 0003:00012038      @System@Unassigned
 0003:00012048      @System@Null
 0003:00012058      @System@EmptyParam
 0003:00012068      @System@AllocMemCount
 0003:0001206C      @System@AllocMemSize
 0003:00012114      @B741_2
 0003:00012114      __new_handler
 0003:00012118      ___bad_alloc
 0003:0001211C      __bormm_pfn_FreeMem
 0003:0001211C      @B763_2
 0003:00012120      __bormm_pfn_GetMem
 0003:00012124      __bormm_pfn_ReallocMem
 0003:00012128      __bormm_pfn_HeapAddRef
 0003:0001212C      __bormm_pfn_HeapRelease
 0003:00012134      @B787_2
 0003:00012160      @__rwstd@__rw_error_msg_mutex
 0003:00012160      @B848_2
 0003:0001217C      @B1054_2
 0003:0001258C      @B1056_2
 0003:0001258C      __DestructorCountPtr
 0003:00012594      __HandlerPtr
 0003:00012594      @B1062_2
 0003:00012598      __UserHandlerPtr
 0003:0001259C      __pidtab
 0003:0001259C      @B1250_1
 0003:00012664      __handles
 0003:0001272C      @B1324_2
 0003:00012734      @B1332_1
 0003:00012738      @B1426_2
 0003:00012740      @B1956_2
 0003:00012740      __mbctype
 0003:00012844      __mbcsCodePage
 0003:00012848      @B2094_2
 0003:00012864      __ostype
 0003:00012864      @B2096_2
 0003:00012868      @B2102_2
 0003:00012968      @B2188_2
 0003:00012968      __argv
 0003:00012974      __environ
 0003:00012974      @B2256_2
 0003:0001297C      __envsize
 0003:00012980      __env_lock
 0003:00012984      @B2277_0
 0003:00012984      __dll_table
 0003:0001298C      __ExcRegPtr
 0003:00012990      __osenv
 0003:00012994      __wosenv
 0003:00012998      __oscmd
 0003:0001299C      __woscmd
 0003:000129A0      ___exit_lock
 0003:000129A4      __argc
 0003:000129A8      __C0argc
 0003:000129AC      __C0argv
 0003:000129B0      __C0environ
 0003:000129B4      __wC0argv
 0003:000129B8      __wC0environ
 0003:000129BC      __exe_table
 0003:000129C4      __stkbase
 0003:000129C8      __isWindows
 0003:000129CC      @B2299_2
 0003:000129D4      @B2305_2
 0003:000159D8      @B2381_2
 0003:000159DC      ___pCPPdebugHook
 0004:00000000      @Classes@T286_3
 0004:00000008      @System@T346_3
 0004:00000010      ___xxInfo
 0004:00000010      @T1056_3
 0004:000000B4      @T2291_1
 0004:000000B4      __stkindex
 0004:000000B8      __tlsindex
