
 Start         Length     Name                   Class
 0001:00401000 0000B3AFCH _TEXT                  CODE
 0002:004B5000 000014940H _DATA                  DATA
 0003:004C9940 0000159D4H _BSS                   BSS
 0004:00000000 0000000BCH _TLS                   TLS


Detailed map of segments
 0001:00000000 0000014F C=CODE    S=_TEXT    G=(none)   M=D:\BC4\CBUILDER4\LIB\C0W32.OBJ ACBP=A9
 0001:0000014F 00000171 C=CODE    S=_TEXT    G=(none)   M=D:\BC4\CBUILDER4\LIB\OBJ\SYSINIT.OBJ ACBP=A9
 0001:000002C0 00000428 C=CODE    S=_TEXT    G=(none)   M=D:\FACULTAD\PROYECTO\25-9-2002DEFINITIVO\V2\SUPERDLX.OBJ ACBP=A9
 0001:000006E8 00007BE8 C=CODE    S=_TEXT    G=(none)   M=D:\FACULTAD\PROYECTO\25-9-2002DEFINITIVO\V2\UNIT1.OBJ ACBP=A9
 0001:000082D0 00000350 C=CODE    S=_TEXT    G=(none)   M=D:\FACULTAD\PROYECTO\25-9-2002DEFINITIVO\V2\UNIT2.OBJ ACBP=A9
 0001:00008620 00000340 C=CODE    S=_TEXT    G=(none)   M=D:\FACULTAD\PROYECTO\25-9-2002DEFINITIVO\V2\UNIT3.OBJ ACBP=A9
 0001:00008960 000022DC C=CODE    S=_TEXT    G=(none)   M=D:\FACULTAD\PROYECTO\25-9-2002DEFINITIVO\V2\ASM.OBJ ACBP=A9
 0001:0000AC3C 00000415 C=CODE    S=_TEXT    G=(none)   M=D:\FACULTAD\PROYECTO\25-9-2002DEFINITIVO\V2\GETPUT.OBJ ACBP=A9
 0001:0000B054 000004BD C=CODE    S=_TEXT    G=(none)   M=D:\FACULTAD\PROYECTO\25-9-2002DEFINITIVO\V2\HASH.OBJ ACBP=A9
 0001:0000B514 00000CCC C=CODE    S=_TEXT    G=(none)   M=D:\FACULTAD\PROYECTO\25-9-2002DEFINITIVO\V2\INSPECT.OBJ ACBP=A9
 0001:0000C1E0 000003FC C=CODE    S=_TEXT    G=(none)   M=D:\FACULTAD\PROYECTO\25-9-2002DEFINITIVO\V2\MALLTRAP.OBJ ACBP=A9
 0001:0000C5DC 00000D55 C=CODE    S=_TEXT    G=(none)   M=D:\FACULTAD\PROYECTO\25-9-2002DEFINITIVO\V2\READ.OBJ ACBP=A9
 0001:0000D334 00002A77 C=CODE    S=_TEXT    G=(none)   M=D:\FACULTAD\PROYECTO\25-9-2002DEFINITIVO\V2\SIM.OBJ ACBP=A9
 0001:0000FDAC 00000C86 C=CODE    S=_TEXT    G=(none)   M=D:\FACULTAD\PROYECTO\25-9-2002DEFINITIVO\V2\STRTRAP.OBJ ACBP=A9
 0001:00010A34 00001908 C=CODE    S=_TEXT    G=(none)   M=D:\FACULTAD\PROYECTO\25-9-2002DEFINITIVO\V2\SUPERCALC.OBJ ACBP=A9
 0001:0001233C 00000788 C=CODE    S=_TEXT    G=(none)   M=D:\FACULTAD\PROYECTO\25-9-2002DEFINITIVO\V2\SUPERDECODE.OBJ ACBP=A9
 0001:00012AC4 00000373 C=CODE    S=_TEXT    G=(none)   M=D:\FACULTAD\PROYECTO\25-9-2002DEFINITIVO\V2\SUPERFETCH.OBJ ACBP=A9
 0001:00012E38 00000E5C C=CODE    S=_TEXT    G=(none)   M=D:\FACULTAD\PROYECTO\25-9-2002DEFINITIVO\V2\SUPERSIM.OBJ ACBP=A9
 0001:00013C94 00000BA7 C=CODE    S=_TEXT    G=(none)   M=D:\FACULTAD\PROYECTO\25-9-2002DEFINITIVO\V2\SYM.OBJ ACBP=A9
 0001:0001483C 0000136A C=CODE    S=_TEXT    G=(none)   M=D:\FACULTAD\PROYECTO\25-9-2002DEFINITIVO\V2\TRAP.OBJ ACBP=A9
 0001:00015BA6 000002B6 C=CODE    S=_TEXT    G=(none)   M=D:\FACULTAD\PROYECTO\25-9-2002DEFINITIVO\V2\UNIT4.OBJ ACBP=A9
 0001:00015E5C 00001EAC C=CODE    S=_TEXT    G=(none)   M=D:\FACULTAD\PROYECTO\25-9-2002DEFINITIVO\V2\CONFIGURACION.OBJ ACBP=A9
 0001:00017D08 0000033C C=CODE    S=_TEXT    G=(none)   M=D:\FACULTAD\PROYECTO\25-9-2002DEFINITIVO\V2\UNIT5.OBJ ACBP=A9
 0001:00018044 0000037C C=CODE    S=_TEXT    G=(none)   M=D:\FACULTAD\PROYECTO\25-9-2002DEFINITIVO\V2\FLOATINSTRUCTIONWINDOW.OBJ ACBP=A9
 0001:000183C0 00000374 C=CODE    S=_TEXT    G=(none)   M=D:\FACULTAD\PROYECTO\25-9-2002DEFINITIVO\V2\INTINSTRUCTIONWINDOW.OBJ ACBP=A9
 0001:00018734 00000344 C=CODE    S=_TEXT    G=(none)   M=D:\FACULTAD\PROYECTO\25-9-2002DEFINITIVO\V2\RBINT.OBJ ACBP=A9
 0001:00018A78 0000034C C=CODE    S=_TEXT    G=(none)   M=D:\FACULTAD\PROYECTO\25-9-2002DEFINITIVO\V2\LOADBUFFER.OBJ ACBP=A9
 0001:00018DC4 00000354 C=CODE    S=_TEXT    G=(none)   M=D:\FACULTAD\PROYECTO\25-9-2002DEFINITIVO\V2\STOREBUFFER.OBJ ACBP=A9
 0001:00019118 00000364 C=CODE    S=_TEXT    G=(none)   M=D:\FACULTAD\PROYECTO\25-9-2002DEFINITIVO\V2\INSTRUCTIONQUEUE.OBJ ACBP=A9
 0001:0001947C 000005CC C=CODE    S=_TEXT    G=(none)   M=D:\FACULTAD\PROYECTO\25-9-2002DEFINITIVO\V2\GOTOADDRESS.OBJ ACBP=A9
 0001:00019A48 000015BC C=CODE    S=_TEXT    G=(none)   M=D:\FACULTAD\PROYECTO\25-9-2002DEFINITIVO\V2\NEXT.OBJ ACBP=A9
 0001:0001B004 00000038 C=CODE    S=_TEXT    G=(none)   M=D:\BC4\CBUILDER4\LIB\RELEASE\VCL40.LIB|UrlMon ACBP=A9
 0001:0001B03C 0000015C C=CODE    S=_TEXT    G=(none)   M=D:\BC4\CBUILDER4\LIB\RELEASE\VCL40.LIB|StdActns ACBP=A9
 0001:0001B198 00001994 C=CODE    S=_TEXT    G=(none)   M=D:\BC4\CBUILDER4\LIB\RELEASE\VCL40.LIB|ImgList ACBP=A9
 0001:0001CB2C 00000E44 C=CODE    S=_TEXT    G=(none)   M=D:\BC4\CBUILDER4\LIB\RELEASE\VCL40.LIB|ActnList ACBP=A9
 0001:0001D970 00000A88 C=CODE    S=_TEXT    G=(none)   M=D:\BC4\CBUILDER4\LIB\RELEASE\VCL40.LIB|ToolWin ACBP=A9
 0001:0001E3F8 00000544 C=CODE    S=_TEXT    G=(none)   M=D:\BC4\CBUILDER4\LIB\RELEASE\VCL40.LIB|TypInfo ACBP=A9
 0001:0001E93C 00006C88 C=CODE    S=_TEXT    G=(none)   M=D:\BC4\CBUILDER4\LIB\RELEASE\VCL40.LIB|StdCtrls ACBP=A9
 0001:000255C4 00000044 C=CODE    S=_TEXT    G=(none)   M=D:\BC4\CBUILDER4\LIB\RELEASE\VCL40.LIB|Printers ACBP=A9
 0001:00025608 00004526 C=CODE    S=_TEXT    G=(none)   M=D:\BC4\CBUILDER4\LIB\RELEASE\VCL40.LIB|Menus ACBP=A9
 0001:00029B2E 000029C6 C=CODE    S=_TEXT    G=(none)   M=D:\BC4\CBUILDER4\LIB\RELEASE\VCL40.LIB|Mask ACBP=A9
 0001:0002C4F4 00008E4C C=CODE    S=_TEXT    G=(none)   M=D:\BC4\CBUILDER4\LIB\RELEASE\VCL40.LIB|Grids ACBP=A9
 0001:00035340 00009127 C=CODE    S=_TEXT    G=(none)   M=D:\BC4\CBUILDER4\LIB\RELEASE\VCL40.LIB|Graphics ACBP=A9
 0001:0003E468 0000C963 C=CODE    S=_TEXT    G=(none)   M=D:\BC4\CBUILDER4\LIB\RELEASE\VCL40.LIB|Forms ACBP=A9
 0001:0004ADCC 000035C0 C=CODE    S=_TEXT    G=(none)   M=D:\BC4\CBUILDER4\LIB\RELEASE\VCL40.LIB|ExtCtrls ACBP=A9
 0001:0004E38C 00001DE1 C=CODE    S=_TEXT    G=(none)   M=D:\BC4\CBUILDER4\LIB\RELEASE\VCL40.LIB|Dialogs ACBP=A9
 0001:00050170 0000F24B C=CODE    S=_TEXT    G=(none)   M=D:\BC4\CBUILDER4\LIB\RELEASE\VCL40.LIB|Controls ACBP=A9
 0001:0005F3BB 00000449 C=CODE    S=_TEXT    G=(none)   M=D:\BC4\CBUILDER4\LIB\RELEASE\VCL40.LIB|Consts ACBP=A9
 0001:0005F804 00000080 C=CODE    S=_TEXT    G=(none)   M=D:\BC4\CBUILDER4\LIB\RELEASE\VCL40.LIB|ComStrs ACBP=A9
 0001:0005F884 0000CCC8 C=CODE    S=_TEXT    G=(none)   M=D:\BC4\CBUILDER4\LIB\RELEASE\VCL40.LIB|ComCtrls ACBP=A9
 0001:0006C54C 00000674 C=CODE    S=_TEXT    G=(none)   M=D:\BC4\CBUILDER4\LIB\RELEASE\VCL40.LIB|ClipBrd ACBP=A9
 0001:0006CBC0 000080A1 C=CODE    S=_TEXT    G=(none)   M=D:\BC4\CBUILDER4\LIB\RELEASE\VCL40.LIB|Classes ACBP=A9
 0001:00074C61 0000306C C=CODE    S=_TEXT    G=(none)   M=D:\BC4\CBUILDER4\LIB\RELEASE\VCL40.LIB|Buttons ACBP=A9
 0001:00077CCD 00000792 C=CODE    S=_TEXT    G=(none)   M=D:\BC4\CBUILDER4\LIB\RELEASE\VCL40.LIB|MultiMon ACBP=A9
 0001:0007845F 00000320 C=CODE    S=_TEXT    G=(none)   M=D:\BC4\CBUILDER4\LIB\RELEASE\VCL40.LIB|FlatSB ACBP=A9
 0001:0007877F 00000039 C=CODE    S=_TEXT    G=(none)   M=D:\BC4\CBUILDER4\LIB\RELEASE\VCL40.LIB|Winspool ACBP=A9
 0001:000787B8 00000208 C=CODE    S=_TEXT    G=(none)   M=D:\BC4\CBUILDER4\LIB\RELEASE\VCL40.LIB|Windows ACBP=A9
 0001:000789C0 00000038 C=CODE    S=_TEXT    G=(none)   M=D:\BC4\CBUILDER4\LIB\RELEASE\VCL40.LIB|RichEdit ACBP=A9
 0001:000789F8 00000038 C=CODE    S=_TEXT    G=(none)   M=D:\BC4\CBUILDER4\LIB\RELEASE\VCL40.LIB|ActiveX ACBP=A9
 0001:00078A30 00000038 C=CODE    S=_TEXT    G=(none)   M=D:\BC4\CBUILDER4\LIB\RELEASE\VCL40.LIB|Messages ACBP=A9
 0001:00078A68 00000038 C=CODE    S=_TEXT    G=(none)   M=D:\BC4\CBUILDER4\LIB\RELEASE\VCL40.LIB|Imm ACBP=A9
 0001:00078AA0 00000038 C=CODE    S=_TEXT    G=(none)   M=D:\BC4\CBUILDER4\LIB\RELEASE\VCL40.LIB|Dlgs ACBP=A9
 0001:00078AD8 00000038 C=CODE    S=_TEXT    G=(none)   M=D:\BC4\CBUILDER4\LIB\RELEASE\VCL40.LIB|CommDlg ACBP=A9
 0001:00078B10 00000204 C=CODE    S=_TEXT    G=(none)   M=D:\BC4\CBUILDER4\LIB\RELEASE\VCL40.LIB|CommCtrl ACBP=A9
 0001:00078D14 00000048 C=CODE    S=_TEXT    G=(none)   M=D:\BC4\CBUILDER4\LIB\RELEASE\VCL40.LIB|Math ACBP=A9
 0001:00078D5C 000002C8 C=CODE    S=_TEXT    G=(none)   M=D:\BC4\CBUILDER4\LIB\RELEASE\VCL40.LIB|SysConst ACBP=A9
 0001:00079024 00004554 C=CODE    S=_TEXT    G=(none)   M=D:\BC4\CBUILDER4\LIB\RELEASE\VCL40.LIB|SysUtils ACBP=A9
 0001:0007D578 00005064 C=CODE    S=_TEXT    G=(none)   M=D:\BC4\CBUILDER4\LIB\RELEASE\VCL40.LIB|System ACBP=A9
 0001:000825DC 000005B8 C=CODE    S=_TEXT    G=(none)   M=D:\FACULTAD\PROYECTO\25-9-2002DEFINITIVO\V2\FICHREG.OBJ ACBP=A9
 0001:00082B94 000003AC C=CODE    S=_TEXT    G=(none)   M=D:\FACULTAD\PROYECTO\25-9-2002DEFINITIVO\V2\ESTADISTICAS.OBJ ACBP=A9
 0001:00082F40 000003DE C=CODE    S=_TEXT    G=(none)   M=D:\FACULTAD\PROYECTO\25-9-2002DEFINITIVO\V2\COLAHISTORIA.OBJ ACBP=A9
 0001:000832D2 00000D0A C=CODE    S=_TEXT    G=(none)   M=D:\FACULTAD\PROYECTO\25-9-2002DEFINITIVO\V2\HISTORIA.OBJ ACBP=A9
 0001:00083FDC 00000EFC C=CODE    S=_TEXT    G=(none)   M=D:\FACULTAD\PROYECTO\25-9-2002DEFINITIVO\V2\BRANCHFORM.OBJ ACBP=A9
 0001:00084ED8 00000157 C=CODE    S=_TEXT    G=(none)   M=D:\FACULTAD\PROYECTO\25-9-2002DEFINITIVO\V2\BRANCHPRED.OBJ ACBP=A9
 0001:0008502F 000005BD C=CODE    S=_TEXT    G=(none)   M=D:\FACULTAD\PROYECTO\25-9-2002DEFINITIVO\V2\LEGEND.OBJ ACBP=A9
 0001:000855EC 0000004B C=CODE    S=_TEXT    G=(none)   M=D:\FACULTAD\PROYECTO\25-9-2002DEFINITIVO\V2\TCL.LIB|list_remove ACBP=A9
 0001:00085638 00000023 C=CODE    S=_TEXT    G=(none)   M=D:\FACULTAD\PROYECTO\25-9-2002DEFINITIVO\V2\TCL.LIB|list_init ACBP=A9
 0001:0008565C 000011C3 C=CODE    S=_TEXT    G=(none)   M=D:\FACULTAD\PROYECTO\25-9-2002DEFINITIVO\V2\TCL.LIB|tclmini ACBP=A9
 0001:00086820 0000004F C=CODE    S=_TEXT    G=(none)   M=D:\FACULTAD\PROYECTO\25-9-2002DEFINITIVO\V2\TCL.LIB|list_insert ACBP=A9
 0001:0008686F 0000159D C=CODE    S=_TEXT    G=(none)   M=D:\BC4\CBUILDER4\LIB\BCBSMP40.LIB|CCALENDR.CPP ACBP=A9
 0001:00087E0C 00001D44 C=CODE    S=_TEXT    G=(none)   M=D:\BC4\CBUILDER4\LIB\BCBSMP40.LIB|CGRID.CPP ACBP=A9
 0001:00089B50 00001C70 C=CODE    S=_TEXT    G=(none)   M=D:\BC4\CBUILDER4\LIB\BCBSMP40.LIB|CGAUGES.CPP ACBP=A9
 0001:0008B7C0 000023C0 C=CODE    S=_TEXT    G=(none)   M=D:\BC4\CBUILDER4\LIB\BCBSMP40.LIB|CSPIN.CPP ACBP=A9
 0001:0008DB80 00001D88 C=CODE    S=_TEXT    G=(none)   M=D:\BC4\CBUILDER4\LIB\BCBSMP40.LIB|PERFGRAP.CPP ACBP=A9
 0001:0008F908 00000050 C=CODE    S=_TEXT    G=(none)   M=D:\BC4\CBUILDER4\LIB\VCLJPG40.LIB|jconsts ACBP=A9
 0001:0008F958 0001386C C=CODE    S=_TEXT    G=(none)   M=D:\BC4\CBUILDER4\LIB\VCLJPG40.LIB|jpeg ACBP=A9
 0001:000A31C4 000005B0 C=CODE    S=_TEXT    G=(none)   M=D:\BC4\CBUILDER4\PROJECTS\LIB\DCLUSR40.LIB|D:\comp\CTListBox.cpp ACBP=A9
 0001:000A3774 0000002B C=CODE    S=_TEXT    G=(none)   M=D:\BC4\CBUILDER4\LIB\CP32MT.LIB|calloc ACBP=A9
 0001:000A37A0 0000000F C=CODE    S=_TEXT    G=(none)   M=D:\BC4\CBUILDER4\LIB\CP32MT.LIB|del ACBP=A9
 0001:000A37B0 0000000F C=CODE    S=_TEXT    G=(none)   M=D:\BC4\CBUILDER4\LIB\CP32MT.LIB|delarray ACBP=A9
 0001:000A37C0 00000048 C=CODE    S=_TEXT    G=(none)   M=D:\BC4\CBUILDER4\LIB\CP32MT.LIB|new ACBP=A9
 0001:000A3808 0000000F C=CODE    S=_TEXT    G=(none)   M=D:\BC4\CBUILDER4\LIB\CP32MT.LIB|newarray ACBP=A9
 0001:000A3818 000001DA C=CODE    S=_TEXT    G=(none)   M=D:\BC4\CBUILDER4\LIB\CP32MT.LIB|setnew ACBP=A9
 0001:000A39F4 0000015F C=CODE    S=_TEXT    G=(none)   M=D:\BC4\CBUILDER4\LIB\CP32MT.LIB|vdelldtc ACBP=A9
 0001:000A3B54 000001BA C=CODE    S=_TEXT    G=(none)   M=D:\BC4\CBUILDER4\LIB\CP32MT.LIB|vnewldtc ACBP=A9
 0001:000A3D10 000001CD C=CODE    S=_TEXT    G=(none)   M=D:\BC4\CBUILDER4\LIB\CP32MT.LIB|hrdir_b ACBP=A9
 0001:000A3EE0 0000006F C=CODE    S=_TEXT    G=(none)   M=D:\BC4\CBUILDER4\LIB\CP32MT.LIB|hrdir_bh ACBP=A9
 0001:000A3F50 00000020 C=CODE    S=_TEXT    G=(none)   M=D:\BC4\CBUILDER4\LIB\CP32MT.LIB|hrdir_mf ACBP=A9
 0001:000A3F70 00000016 C=CODE    S=_TEXT    G=(none)   M=D:\BC4\CBUILDER4\LIB\CP32MT.LIB|hrdir_r ACBP=A9
 0001:000A3F88 000000B8 C=CODE    S=_TEXT    G=(none)   M=D:\BC4\CBUILDER4\LIB\CP32MT.LIB|hrdir_s ACBP=A9
 0001:000A4040 00000001 C=CODE    S=_TEXT    G=(none)   M=D:\BC4\CBUILDER4\LIB\CP32MT.LIB|hrdir_us ACBP=A9
 0001:000A4044 00000095 C=CODE    S=_TEXT    G=(none)   M=D:\BC4\CBUILDER4\LIB\CP32MT.LIB|pheap ACBP=A9
 0001:000A40D9 00000042 C=CODE    S=_TEXT    G=(none)   M=D:\BC4\CBUILDER4\LIB\CP32MT.LIB|crtlvcl ACBP=A9
 0001:000A411C 00000001 C=CODE    S=_TEXT    G=(none)   M=D:\BC4\CBUILDER4\LIB\CP32MT.LIB|vlibstub ACBP=A9
 0001:000A411D 00000030 C=CODE    S=_TEXT    G=(none)   M=D:\BC4\CBUILDER4\LIB\CP32MT.LIB|syshook ACBP=A9
 0001:000A4150 00000154 C=CODE    S=_TEXT    G=(none)   M=D:\BC4\CBUILDER4\LIB\CP32MT.LIB|predecl ACBP=A9
 0001:000A42A4 00000143 C=CODE    S=_TEXT    G=(none)   M=D:\BC4\CBUILDER4\LIB\CP32MT.LIB|stdexcpt ACBP=A9
 0001:000A4398 0000001E C=CODE    S=_TEXT    G=(none)   M=D:\BC4\CBUILDER4\LIB\CP32MT.LIB|memchr ACBP=A9
 0001:000A43B8 00000024 C=CODE    S=_TEXT    G=(none)   M=D:\BC4\CBUILDER4\LIB\CP32MT.LIB|memcpy ACBP=A9
 0001:000A43DC 0000004A C=CODE    S=_TEXT    G=(none)   M=D:\BC4\CBUILDER4\LIB\CP32MT.LIB|memmove ACBP=A9
 0001:000A4428 0000008A C=CODE    S=_TEXT    G=(none)   M=D:\BC4\CBUILDER4\LIB\CP32MT.LIB|memset ACBP=A9
 0001:000A44B4 00000018 C=CODE    S=_TEXT    G=(none)   M=D:\BC4\CBUILDER4\LIB\CP32MT.LIB|wmemset ACBP=A9
 0001:000A44CC 0000003C C=CODE    S=_TEXT    G=(none)   M=D:\BC4\CBUILDER4\LIB\CP32MT.LIB|strcat ACBP=A9
 0001:000A4508 00000053 C=CODE    S=_TEXT    G=(none)   M=D:\BC4\CBUILDER4\LIB\CP32MT.LIB|strchr ACBP=A9
 0001:000A455C 0000004B C=CODE    S=_TEXT    G=(none)   M=D:\BC4\CBUILDER4\LIB\CP32MT.LIB|strcmp ACBP=A9
 0001:000A45A8 0000002F C=CODE    S=_TEXT    G=(none)   M=D:\BC4\CBUILDER4\LIB\CP32MT.LIB|strcpy ACBP=A9
 0001:000A45D8 0000005A C=CODE    S=_TEXT    G=(none)   M=D:\BC4\CBUILDER4\LIB\CP32MT.LIB|strlen ACBP=A9
 0001:000A4634 0000006E C=CODE    S=_TEXT    G=(none)   M=D:\BC4\CBUILDER4\LIB\CP32MT.LIB|strncat ACBP=A9
 0001:000A46A4 00000027 C=CODE    S=_TEXT    G=(none)   M=D:\BC4\CBUILDER4\LIB\CP32MT.LIB|strncmp ACBP=A9
 0001:000A46CC 0000006C C=CODE    S=_TEXT    G=(none)   M=D:\BC4\CBUILDER4\LIB\CP32MT.LIB|memcmp ACBP=A9
 0001:000A4738 0000002B C=CODE    S=_TEXT    G=(none)   M=D:\BC4\CBUILDER4\LIB\CP32MT.LIB|strcspn ACBP=A9
 0001:000A4764 00000032 C=CODE    S=_TEXT    G=(none)   M=D:\BC4\CBUILDER4\LIB\CP32MT.LIB|strdup ACBP=A9
 0001:000A4798 000000C7 C=CODE    S=_TEXT    G=(none)   M=D:\BC4\CBUILDER4\LIB\CP32MT.LIB|strerror ACBP=A9
 0001:000A4860 0000004F C=CODE    S=_TEXT    G=(none)   M=D:\BC4\CBUILDER4\LIB\CP32MT.LIB|strncpy ACBP=A9
 0001:000A48B0 0000002B C=CODE    S=_TEXT    G=(none)   M=D:\BC4\CBUILDER4\LIB\CP32MT.LIB|strpbrk ACBP=A9
 0001:000A48DC 00000029 C=CODE    S=_TEXT    G=(none)   M=D:\BC4\CBUILDER4\LIB\CP32MT.LIB|strrchr ACBP=A9
 0001:000A4908 00000030 C=CODE    S=_TEXT    G=(none)   M=D:\BC4\CBUILDER4\LIB\CP32MT.LIB|strspn ACBP=A9
 0001:000A4938 000000A2 C=CODE    S=_TEXT    G=(none)   M=D:\BC4\CBUILDER4\LIB\CP32MT.LIB|strstr ACBP=A9
 0001:000A49DC 0000006E C=CODE    S=_TEXT    G=(none)   M=D:\BC4\CBUILDER4\LIB\CP32MT.LIB|strtok ACBP=A9
 0001:000A4A4C 00000037 C=CODE    S=_TEXT    G=(none)   M=D:\BC4\CBUILDER4\LIB\CP32MT.LIB|_stpcpy ACBP=A9
 0001:000A4A84 00000018 C=CODE    S=_TEXT    G=(none)   M=D:\BC4\CBUILDER4\LIB\CP32MT.LIB|wcslen ACBP=A9
 0001:000A4A9C 0000003F C=CODE    S=_TEXT    G=(none)   M=D:\BC4\CBUILDER4\LIB\CP32MT.LIB|wcscpy ACBP=A9
 0001:000A4ADB 00000042 C=CODE    S=_TEXT    G=(none)   M=D:\BC4\CBUILDER4\LIB\CP32MT.LIB|xxa ACBP=A9
 0001:000A4B18 00000A26 C=CODE    S=_TEXT    G=(none)   M=D:\BC4\CBUILDER4\LIB\CP32MT.LIB|xxtype ACBP=A9
 0001:000A5540 00000213 C=CODE    S=_TEXT    G=(none)   M=D:\BC4\CBUILDER4\LIB\CP32MT.LIB|xxv ACBP=A9
 0001:000A5754 0000000A C=CODE    S=_TEXT    G=(none)   M=D:\BC4\CBUILDER4\LIB\CP32MT.LIB|defhandl ACBP=A9
 0001:000A5760 00000179 C=CODE    S=_TEXT    G=(none)   M=D:\BC4\CBUILDER4\LIB\CP32MT.LIB|except ACBP=A9
 0001:000A58DC 00000046 C=CODE    S=_TEXT    G=(none)   M=D:\BC4\CBUILDER4\LIB\CP32MT.LIB|setexc ACBP=A9
 0001:000A5924 00000022 C=CODE    S=_TEXT    G=(none)   M=D:\BC4\CBUILDER4\LIB\CP32MT.LIB|ta ACBP=A9
 0001:000A5948 0000003D C=CODE    S=_TEXT    G=(none)   M=D:\BC4\CBUILDER4\LIB\CP32MT.LIB|__access ACBP=A9
 0001:000A5988 00000060 C=CODE    S=_TEXT    G=(none)   M=D:\BC4\CBUILDER4\LIB\CP32MT.LIB|__close ACBP=A9
 0001:000A59E8 00000013 C=CODE    S=_TEXT    G=(none)   M=D:\BC4\CBUILDER4\LIB\CP32MT.LIB|__dup ACBP=A9
 0001:000A59FC 000000FC C=CODE    S=_TEXT    G=(none)   M=D:\BC4\CBUILDER4\LIB\CP32MT.LIB|__dup2 ACBP=A9
 0001:000A5AF8 00000098 C=CODE    S=_TEXT    G=(none)   M=D:\BC4\CBUILDER4\LIB\CP32MT.LIB|__eof ACBP=A9
 0001:000A5B90 00000047 C=CODE    S=_TEXT    G=(none)   M=D:\BC4\CBUILDER4\LIB\CP32MT.LIB|__isatty ACBP=A9
 0001:000A5BD8 00000084 C=CODE    S=_TEXT    G=(none)   M=D:\BC4\CBUILDER4\LIB\CP32MT.LIB|__lseek ACBP=A9
 0001:000A5C5C 00000200 C=CODE    S=_TEXT    G=(none)   M=D:\BC4\CBUILDER4\LIB\CP32MT.LIB|__open ACBP=A9
 0001:000A5E5C 000001B2 C=CODE    S=_TEXT    G=(none)   M=D:\BC4\CBUILDER4\LIB\CP32MT.LIB|__read ACBP=A9
 0001:000A6010 00000200 C=CODE    S=_TEXT    G=(none)   M=D:\BC4\CBUILDER4\LIB\CP32MT.LIB|__wopen ACBP=A9
 0001:000A6210 00000132 C=CODE    S=_TEXT    G=(none)   M=D:\BC4\CBUILDER4\LIB\CP32MT.LIB|__write ACBP=A9
 0001:000A6344 00000011 C=CODE    S=_TEXT    G=(none)   M=D:\BC4\CBUILDER4\LIB\CP32MT.LIB|_cfinfo ACBP=A9
 0001:000A6358 00000042 C=CODE    S=_TEXT    G=(none)   M=D:\BC4\CBUILDER4\LIB\CP32MT.LIB|_flshall ACBP=A9
 0001:000A639C 00000061 C=CODE    S=_TEXT    G=(none)   M=D:\BC4\CBUILDER4\LIB\CP32MT.LIB|_read ACBP=A9
 0001:000A63FD 00000017 C=CODE    S=_TEXT    G=(none)   M=D:\BC4\CBUILDER4\LIB\CP32MT.LIB|_umask ACBP=A9
 0001:000A6400 00000061 C=CODE    S=_TEXT    G=(none)   M=D:\BC4\CBUILDER4\LIB\CP32MT.LIB|_write ACBP=A9
 0001:000A6464 00000008 C=CODE    S=_TEXT    G=(none)   M=D:\BC4\CBUILDER4\LIB\CP32MT.LIB|access ACBP=A9
 0001:000A646C 0000007D C=CODE    S=_TEXT    G=(none)   M=D:\BC4\CBUILDER4\LIB\CP32MT.LIB|allocbuf ACBP=A9
 0001:000A64EC 00000008 C=CODE    S=_TEXT    G=(none)   M=D:\BC4\CBUILDER4\LIB\CP32MT.LIB|close ACBP=A9
 0001:000A64F4 00000008 C=CODE    S=_TEXT    G=(none)   M=D:\BC4\CBUILDER4\LIB\CP32MT.LIB|dup ACBP=A9
 0001:000A64FC 0000009F C=CODE    S=_TEXT    G=(none)   M=D:\BC4\CBUILDER4\LIB\CP32MT.LIB|fclose ACBP=A9
 0001:000A659C 0000008F C=CODE    S=_TEXT    G=(none)   M=D:\BC4\CBUILDER4\LIB\CP32MT.LIB|fflush ACBP=A9
 0001:000A662C 0000013B C=CODE    S=_TEXT    G=(none)   M=D:\BC4\CBUILDER4\LIB\CP32MT.LIB|fgets ACBP=A9
 0001:000A6768 00000064 C=CODE    S=_TEXT    G=(none)   M=D:\BC4\CBUILDER4\LIB\CP32MT.LIB|flushout ACBP=A9
 0001:000A67CC 0000000D C=CODE    S=_TEXT    G=(none)   M=D:\BC4\CBUILDER4\LIB\CP32MT.LIB|fmodeptr ACBP=A9
 0001:000A67DC 000001E3 C=CODE    S=_TEXT    G=(none)   M=D:\BC4\CBUILDER4\LIB\CP32MT.LIB|fopen ACBP=A9
 0001:000A69C0 00000038 C=CODE    S=_TEXT    G=(none)   M=D:\BC4\CBUILDER4\LIB\CP32MT.LIB|fprintf ACBP=A9
 0001:000A69F8 000000D9 C=CODE    S=_TEXT    G=(none)   M=D:\BC4\CBUILDER4\LIB\CP32MT.LIB|fputn ACBP=A9
 0001:000A6AD4 00000039 C=CODE    S=_TEXT    G=(none)   M=D:\BC4\CBUILDER4\LIB\CP32MT.LIB|fscanf ACBP=A9
 0001:000A6B10 0000015C C=CODE    S=_TEXT    G=(none)   M=D:\BC4\CBUILDER4\LIB\CP32MT.LIB|fseek ACBP=A9
 0001:000A6C6C 00000067 C=CODE    S=_TEXT    G=(none)   M=D:\BC4\CBUILDER4\LIB\CP32MT.LIB|gets ACBP=A9
 0001:000A6CD4 000003B3 C=CODE    S=_TEXT    G=(none)   M=D:\BC4\CBUILDER4\LIB\CP32MT.LIB|handles ACBP=A9
 0001:000A7088 0000008A C=CODE    S=_TEXT    G=(none)   M=D:\BC4\CBUILDER4\LIB\CP32MT.LIB|ioerror ACBP=A9
 0001:000A7114 0000019E C=CODE    S=_TEXT    G=(none)   M=D:\BC4\CBUILDER4\LIB\CP32MT.LIB|lgetc ACBP=A9
 0001:000A72B4 00000110 C=CODE    S=_TEXT    G=(none)   M=D:\BC4\CBUILDER4\LIB\CP32MT.LIB|lputc ACBP=A9
 0001:000A73C4 00000099 C=CODE    S=_TEXT    G=(none)   M=D:\BC4\CBUILDER4\LIB\CP32MT.LIB|mkname ACBP=A9
 0001:000A7460 00000010 C=CODE    S=_TEXT    G=(none)   M=D:\BC4\CBUILDER4\LIB\CP32MT.LIB|open ACBP=A9
 0001:000A7470 00000083 C=CODE    S=_TEXT    G=(none)   M=D:\BC4\CBUILDER4\LIB\CP32MT.LIB|perror ACBP=A9
 0001:000A7470 0000003F C=CODE    S=_TEXT    G=(none)   M=D:\BC4\CBUILDER4\LIB\CP32MT.LIB|printf ACBP=A9
 0001:000A74B0 00000008 C=CODE    S=_TEXT    G=(none)   M=D:\BC4\CBUILDER4\LIB\CP32MT.LIB|read ACBP=A9
 0001:000A74B8 00000010 C=CODE    S=_TEXT    G=(none)   M=D:\BC4\CBUILDER4\LIB\CP32MT.LIB|remove ACBP=A9
 0001:000A74C8 00000838 C=CODE    S=_TEXT    G=(none)   M=D:\BC4\CBUILDER4\LIB\CP32MT.LIB|scanner ACBP=A9
 0001:000A7D00 000001BD C=CODE    S=_TEXT    G=(none)   M=D:\BC4\CBUILDER4\LIB\CP32MT.LIB|scantol ACBP=A9
 0001:000A7EC0 00000228 C=CODE    S=_TEXT    G=(none)   M=D:\BC4\CBUILDER4\LIB\CP32MT.LIB|scn2i64 ACBP=A9
 0001:000A80E8 0000005F C=CODE    S=_TEXT    G=(none)   M=D:\BC4\CBUILDER4\LIB\CP32MT.LIB|setvbuf ACBP=A9
 0001:000A8148 00000100 C=CODE    S=_TEXT    G=(none)   M=D:\BC4\CBUILDER4\LIB\CP32MT.LIB|snprntf ACBP=A9
 0001:000A8248 00000078 C=CODE    S=_TEXT    G=(none)   M=D:\BC4\CBUILDER4\LIB\CP32MT.LIB|sprintf ACBP=A9
 0001:000A82C0 00000238 C=CODE    S=_TEXT    G=(none)   M=D:\BC4\CBUILDER4\LIB\CP32MT.LIB|streams ACBP=A9
 0001:000A84F8 00000062 C=CODE    S=_TEXT    G=(none)   M=D:\BC4\CBUILDER4\LIB\CP32MT.LIB|ungetc ACBP=A9
 0001:000A855C 0000001A C=CODE    S=_TEXT    G=(none)   M=D:\BC4\CBUILDER4\LIB\CP32MT.LIB|unlink ACBP=A9
 0001:000A8578 000009E8 C=CODE    S=_TEXT    G=(none)   M=D:\BC4\CBUILDER4\LIB\CP32MT.LIB|vprinter ACBP=A9
 0001:000A8F60 00000008 C=CODE    S=_TEXT    G=(none)   M=D:\BC4\CBUILDER4\LIB\CP32MT.LIB|write ACBP=A9
 0001:000A8F68 0000001A C=CODE    S=_TEXT    G=(none)   M=D:\BC4\CBUILDER4\LIB\CP32MT.LIB|wunlink ACBP=A9
 0001:000A8F84 00000038 C=CODE    S=_TEXT    G=(none)   M=D:\BC4\CBUILDER4\LIB\CP32MT.LIB|xfclose ACBP=A9
 0001:000A8FBC 00000031 C=CODE    S=_TEXT    G=(none)   M=D:\BC4\CBUILDER4\LIB\CP32MT.LIB|xfflush ACBP=A9
 0001:000A8FF0 00000025 C=CODE    S=_TEXT    G=(none)   M=D:\BC4\CBUILDER4\LIB\CP32MT.LIB|fgetc ACBP=A9
 0001:000A9015 00000006 C=CODE    S=_TEXT    G=(none)   M=D:\BC4\CBUILDER4\LIB\CP32MT.LIB|cconv ACBP=A9
 0001:000A9018 000002C3 C=CODE    S=_TEXT    G=(none)   M=D:\BC4\CBUILDER4\LIB\CP32MT.LIB|convt ACBP=A9
 0001:000A92DC 00000051 C=CODE    S=_TEXT    G=(none)   M=D:\BC4\CBUILDER4\LIB\CP32MT.LIB|getinfo ACBP=A9
 0001:000A9330 00000103 C=CODE    S=_TEXT    G=(none)   M=D:\BC4\CBUILDER4\LIB\CP32MT.LIB|wis ACBP=A9
 0001:000A9434 00000055 C=CODE    S=_TEXT    G=(none)   M=D:\BC4\CBUILDER4\LIB\CP32MT.LIB|iswctype ACBP=A9
 0001:000A948C 000011BF C=CODE    S=_TEXT    G=(none)   M=D:\BC4\CBUILDER4\LIB\CP32MT.LIB|locale ACBP=A9
 0001:000AA64C 0000080A C=CODE    S=_TEXT    G=(none)   M=D:\BC4\CBUILDER4\LIB\CP32MT.LIB|initcat ACBP=A9
 0001:000AAE58 000000A1 C=CODE    S=_TEXT    G=(none)   M=D:\BC4\CBUILDER4\LIB\CP32MT.LIB|lconv ACBP=A9
 0001:000AAEFC 000004C8 C=CODE    S=_TEXT    G=(none)   M=D:\BC4\CBUILDER4\LIB\CP32MT.LIB|mbyte1 ACBP=A9
 0001:000AB3C4 00000023 C=CODE    S=_TEXT    G=(none)   M=D:\BC4\CBUILDER4\LIB\CP32MT.LIB|strlwr ACBP=A9
 0001:000AB3E8 00000029 C=CODE    S=_TEXT    G=(none)   M=D:\BC4\CBUILDER4\LIB\CP32MT.LIB|tolower ACBP=A9
 0001:000AB414 00000200 C=CODE    S=_TEXT    G=(none)   M=D:\BC4\CBUILDER4\LIB\CP32MT.LIB|_ll ACBP=A9
 0001:000AB614 00000008 C=CODE    S=_TEXT    G=(none)   M=D:\BC4\CBUILDER4\LIB\CP32MT.LIB|_ltoa1 ACBP=A9
 0001:000AB61C 000000B0 C=CODE    S=_TEXT    G=(none)   M=D:\BC4\CBUILDER4\LIB\CP32MT.LIB|_matherr ACBP=A9
 0001:000AB6CC 00000180 C=CODE    S=_TEXT    G=(none)   M=D:\BC4\CBUILDER4\LIB\CP32MT.LIB|_pow10 ACBP=A9
 0001:000AB84C 0000000F C=CODE    S=_TEXT    G=(none)   M=D:\BC4\CBUILDER4\LIB\CP32MT.LIB|atan ACBP=A9
 0001:000AB85C 00000013 C=CODE    S=_TEXT    G=(none)   M=D:\BC4\CBUILDER4\LIB\CP32MT.LIB|atof ACBP=A9
 0001:000AB870 00000077 C=CODE    S=_TEXT    G=(none)   M=D:\BC4\CBUILDER4\LIB\CP32MT.LIB|atol ACBP=A9
 0001:000AB8E8 00000013 C=CODE    S=_TEXT    G=(none)   M=D:\BC4\CBUILDER4\LIB\CP32MT.LIB|clear87 ACBP=A9
 0001:000AB8FC 00000042 C=CODE    S=_TEXT    G=(none)   M=D:\BC4\CBUILDER4\LIB\CP32MT.LIB|cos ACBP=A9
 0001:000AB940 00000028 C=CODE    S=_TEXT    G=(none)   M=D:\BC4\CBUILDER4\LIB\CP32MT.LIB|ctrl87 ACBP=A9
 0001:000AB968 00000018 C=CODE    S=_TEXT    G=(none)   M=D:\BC4\CBUILDER4\LIB\CP32MT.LIB|cvtentry ACBP=A9
 0001:000AB980 00000018 C=CODE    S=_TEXT    G=(none)   M=D:\BC4\CBUILDER4\LIB\CP32MT.LIB|cvtfak ACBP=A9
 0001:000AB998 00000018 C=CODE    S=_TEXT    G=(none)   M=D:\BC4\CBUILDER4\LIB\CP32MT.LIB|cvtfakw ACBP=A9
 0001:000AB9B0 0000006C C=CODE    S=_TEXT    G=(none)   M=D:\BC4\CBUILDER4\LIB\CP32MT.LIB|exp ACBP=A9
 0001:000ABA1C 0000005F C=CODE    S=_TEXT    G=(none)   M=D:\BC4\CBUILDER4\LIB\CP32MT.LIB|f87atan ACBP=A9
 0001:000ABA7C 000000CD C=CODE    S=_TEXT    G=(none)   M=D:\BC4\CBUILDER4\LIB\CP32MT.LIB|f87exp ACBP=A9
 0001:000ABB4C 00000048 C=CODE    S=_TEXT    G=(none)   M=D:\BC4\CBUILDER4\LIB\CP32MT.LIB|f87log ACBP=A9
 0001:000ABB94 000000E2 C=CODE    S=_TEXT    G=(none)   M=D:\BC4\CBUILDER4\LIB\CP32MT.LIB|f87sine ACBP=A9
 0001:000ABC78 0000001C C=CODE    S=_TEXT    G=(none)   M=D:\BC4\CBUILDER4\LIB\CP32MT.LIB|floor ACBP=A9
 0001:000ABC94 00000016 C=CODE    S=_TEXT    G=(none)   M=D:\BC4\CBUILDER4\LIB\CP32MT.LIB|fpreset ACBP=A9
 0001:000ABCAC 00000028 C=CODE    S=_TEXT    G=(none)   M=D:\BC4\CBUILDER4\LIB\CP32MT.LIB|ftol ACBP=A9
 0001:000ABCD4 0000002D C=CODE    S=_TEXT    G=(none)   M=D:\BC4\CBUILDER4\LIB\CP32MT.LIB|fuildq ACBP=A9
 0001:000ABD04 00000021 C=CODE    S=_TEXT    G=(none)   M=D:\BC4\CBUILDER4\LIB\CP32MT.LIB|fuistq ACBP=A9
 0001:000ABD28 00000011 C=CODE    S=_TEXT    G=(none)   M=D:\BC4\CBUILDER4\LIB\CP32MT.LIB|fxam ACBP=A9
 0001:000ABD3C 000000B1 C=CODE    S=_TEXT    G=(none)   M=D:\BC4\CBUILDER4\LIB\CP32MT.LIB|int64toa ACBP=A9
 0001:000ABDF0 00000118 C=CODE    S=_TEXT    G=(none)   M=D:\BC4\CBUILDER4\LIB\CP32MT.LIB|ldtrunc ACBP=A9
 0001:000ABF08 0000006D C=CODE    S=_TEXT    G=(none)   M=D:\BC4\CBUILDER4\LIB\CP32MT.LIB|log ACBP=A9
 0001:000ABF78 0000008F C=CODE    S=_TEXT    G=(none)   M=D:\BC4\CBUILDER4\LIB\CP32MT.LIB|longtoa ACBP=A9
 0001:000AC008 00000075 C=CODE    S=_TEXT    G=(none)   M=D:\BC4\CBUILDER4\LIB\CP32MT.LIB|ltoa1 ACBP=A9
 0001:000AC080 0000002A C=CODE    S=_TEXT    G=(none)   M=D:\BC4\CBUILDER4\LIB\CP32MT.LIB|matherr ACBP=A9
 0001:000AC0AC 0000002E C=CODE    S=_TEXT    G=(none)   M=D:\BC4\CBUILDER4\LIB\CP32MT.LIB|matherrl ACBP=A9
 0001:000AC0DC 00000016 C=CODE    S=_TEXT    G=(none)   M=D:\BC4\CBUILDER4\LIB\CP32MT.LIB|mathptr ACBP=A9
 0001:000AC0F4 000001DC C=CODE    S=_TEXT    G=(none)   M=D:\BC4\CBUILDER4\LIB\CP32MT.LIB|pow ACBP=A9
 0001:000AC2D0 00000025 C=CODE    S=_TEXT    G=(none)   M=D:\BC4\CBUILDER4\LIB\CP32MT.LIB|qdiv10 ACBP=A9
 0001:000AC2F8 0000002E C=CODE    S=_TEXT    G=(none)   M=D:\BC4\CBUILDER4\LIB\CP32MT.LIB|qmul10 ACBP=A9
 0001:000AC328 000002F9 C=CODE    S=_TEXT    G=(none)   M=D:\BC4\CBUILDER4\LIB\CP32MT.LIB|realcvt ACBP=A9
 0001:000AC624 00000331 C=CODE    S=_TEXT    G=(none)   M=D:\BC4\CBUILDER4\LIB\CP32MT.LIB|realcvtw ACBP=A9
 0001:000AC958 0000002C C=CODE    S=_TEXT    G=(none)   M=D:\BC4\CBUILDER4\LIB\CP32MT.LIB|round ACBP=A9
 0001:000AC984 000004F5 C=CODE    S=_TEXT    G=(none)   M=D:\BC4\CBUILDER4\LIB\CP32MT.LIB|scantod ACBP=A9
 0001:000ACE7C 000004F1 C=CODE    S=_TEXT    G=(none)   M=D:\BC4\CBUILDER4\LIB\CP32MT.LIB|scanwtod ACBP=A9
 0001:000AD370 00000042 C=CODE    S=_TEXT    G=(none)   M=D:\BC4\CBUILDER4\LIB\CP32MT.LIB|sin ACBP=A9
 0001:000AD3B4 0000003A C=CODE    S=_TEXT    G=(none)   M=D:\BC4\CBUILDER4\LIB\CP32MT.LIB|sqrt ACBP=A9
 0001:000AD3F0 000000C1 C=CODE    S=_TEXT    G=(none)   M=D:\BC4\CBUILDER4\LIB\CP32MT.LIB|strtod ACBP=A9
 0001:000AD4B4 000000F0 C=CODE    S=_TEXT    G=(none)   M=D:\BC4\CBUILDER4\LIB\CP32MT.LIB|strtol ACBP=A9
 0001:000AD5A4 000000BB C=CODE    S=_TEXT    G=(none)   M=D:\BC4\CBUILDER4\LIB\CP32MT.LIB|strtoul ACBP=A9
 0001:000AD660 00000042 C=CODE    S=_TEXT    G=(none)   M=D:\BC4\CBUILDER4\LIB\CP32MT.LIB|tan ACBP=A9
 0001:000AD6A4 000002D2 C=CODE    S=_TEXT    G=(none)   M=D:\BC4\CBUILDER4\LIB\CP32MT.LIB|xcvt ACBP=A9
 0001:000AD978 000002F1 C=CODE    S=_TEXT    G=(none)   M=D:\BC4\CBUILDER4\LIB\CP32MT.LIB|xcvtw ACBP=A9
 0001:000ADC6C 00000131 C=CODE    S=_TEXT    G=(none)   M=D:\BC4\CBUILDER4\LIB\CP32MT.LIB|mbctype ACBP=A9
 0001:000ADDA0 00000020 C=CODE    S=_TEXT    G=(none)   M=D:\BC4\CBUILDER4\LIB\CP32MT.LIB|mbisspc ACBP=A9
 0001:000ADDC0 00000056 C=CODE    S=_TEXT    G=(none)   M=D:\BC4\CBUILDER4\LIB\CP32MT.LIB|mbsrchr ACBP=A9
 0001:000ADE18 00000163 C=CODE    S=_TEXT    G=(none)   M=D:\BC4\CBUILDER4\LIB\CP32MT.LIB|errormsg ACBP=A9
 0001:000ADF7C 000000B8 C=CODE    S=_TEXT    G=(none)   M=D:\BC4\CBUILDER4\LIB\CP32MT.LIB|ermsghlp ACBP=A9
 0001:000AE034 000000A6 C=CODE    S=_TEXT    G=(none)   M=D:\BC4\CBUILDER4\LIB\CP32MT.LIB|assert ACBP=A9
 0001:000AE0DC 00000009 C=CODE    S=_TEXT    G=(none)   M=D:\BC4\CBUILDER4\LIB\CP32MT.LIB|errno ACBP=A9
 0001:000AE0E8 00000022 C=CODE    S=_TEXT    G=(none)   M=D:\BC4\CBUILDER4\LIB\CP32MT.LIB|abort ACBP=A9
 0001:000AE10C 000000C7 C=CODE    S=_TEXT    G=(none)   M=D:\BC4\CBUILDER4\LIB\CP32MT.LIB|exit ACBP=A9
 0001:000AE1D4 00000001 C=CODE    S=_TEXT    G=(none)   M=D:\BC4\CBUILDER4\LIB\CP32MT.LIB|nowild ACBP=A9
 0001:000AE1D8 00000307 C=CODE    S=_TEXT    G=(none)   M=D:\BC4\CBUILDER4\LIB\CP32MT.LIB|setargv ACBP=A9
 0001:000AE4E0 00000045 C=CODE    S=_TEXT    G=(none)   M=D:\BC4\CBUILDER4\LIB\CP32MT.LIB|setargv0 ACBP=A9
 0001:000AE528 000001D2 C=CODE    S=_TEXT    G=(none)   M=D:\BC4\CBUILDER4\LIB\CP32MT.LIB|setenvp ACBP=A9
 0001:000AE6FC 0000031C C=CODE    S=_TEXT    G=(none)   M=D:\BC4\CBUILDER4\LIB\CP32MT.LIB|signal ACBP=A9
 0001:000AEA18 0000016F C=CODE    S=_TEXT    G=(none)   M=D:\BC4\CBUILDER4\LIB\CP32MT.LIB|initexit ACBP=A9
 0001:000AEB88 0000018C C=CODE    S=_TEXT    G=(none)   M=D:\BC4\CBUILDER4\LIB\CP32MT.LIB|startup ACBP=A9
 0001:000AED14 00000067 C=CODE    S=_TEXT    G=(none)   M=D:\BC4\CBUILDER4\LIB\CP32MT.LIB|tls ACBP=A9
 0001:000AED7C 0000004F C=CODE    S=_TEXT    G=(none)   M=D:\BC4\CBUILDER4\LIB\CP32MT.LIB|tlsstat ACBP=A9
 0001:000AEDCC 0000003B C=CODE    S=_TEXT    G=(none)   M=D:\BC4\CBUILDER4\LIB\CP32MT.LIB|thrdbuf ACBP=A9
 0001:000AEE08 000001C7 C=CODE    S=_TEXT    G=(none)   M=D:\BC4\CBUILDER4\LIB\CP32MT.LIB|thrddata ACBP=A9
 0001:000AEFD0 000000D5 C=CODE    S=_TEXT    G=(none)   M=D:\BC4\CBUILDER4\LIB\CP32MT.LIB|_lock ACBP=A9
 0001:000AF0A8 000037EC C=CODE    S=_TEXT    G=(none)   M=D:\BC4\CBUILDER4\LIB\CP32MT.LIB|xx ACBP=A9
 0001:000B2850 00000032 C=CODE    S=_TEXT    G=(none)   M=D:\BC4\CBUILDER4\LIB\RELEASE\VCLE40.LIB|_t_Contr ACBP=A9
 0001:000B287D 0000000D C=CODE    S=_TEXT    G=(none)   M=D:\BC4\CBUILDER4\LIB\RELEASE\VCLE40.LIB|_t_Forms ACBP=A9
 0001:000B2885 0000002D C=CODE    S=_TEXT    G=(none)   M=D:\BC4\CBUILDER4\LIB\RELEASE\VCLE40.LIB|_t_Graph ACBP=A9
 0001:000B28AD 00000793 C=CODE    S=_TEXT    G=(none)   M=D:\BC4\CBUILDER4\LIB\RELEASE\VCLE40.LIB|dstring ACBP=A9
 0001:000B2FFC 000000D4 C=CODE    S=_TEXT    G=(none)   M=D:\BC4\CBUILDER4\LIB\RELEASE\VCLE40.LIB|syssupp ACBP=A9
 0001:000B3088 0000014E C=CODE    S=_TEXT    G=(none)   M=D:\BC4\CBUILDER4\LIB\RELEASE\VCLE40.LIB|vclinit ACBP=A9
 0001:000B3190 00000031 C=CODE    S=_TEXT    G=(none)   M=D:\BC4\CBUILDER4\LIB\RELEASE\VCLE40.LIB|classcre ACBP=A9
 0002:000003F8 00000084 C=DATA    S=_DATA    G=DGROUP   M=D:\BC4\CBUILDER4\LIB\C0W32.OBJ ACBP=A9
 0002:0000047C 0000002C C=DATA    S=_DATA    G=DGROUP   M=D:\BC4\CBUILDER4\LIB\OBJ\SYSINIT.OBJ ACBP=A9
 0002:00000498 000000C4 C=DATA    S=_DATA    G=DGROUP   M=D:\FACULTAD\PROYECTO\25-9-2002DEFINITIVO\V2\SUPERDLX.OBJ ACBP=A9
 0002:0000055C 00002C0C C=DATA    S=_DATA    G=DGROUP   M=D:\FACULTAD\PROYECTO\25-9-2002DEFINITIVO\V2\UNIT1.OBJ ACBP=A9
 0002:00003168 000002B8 C=DATA    S=_DATA    G=DGROUP   M=D:\FACULTAD\PROYECTO\25-9-2002DEFINITIVO\V2\UNIT2.OBJ ACBP=A9
 0002:00003420 00000244 C=DATA    S=_DATA    G=DGROUP   M=D:\FACULTAD\PROYECTO\25-9-2002DEFINITIVO\V2\UNIT3.OBJ ACBP=A9
 0002:00003650 000017B4 C=DATA    S=_DATA    G=DGROUP   M=D:\FACULTAD\PROYECTO\25-9-2002DEFINITIVO\V2\ASM.OBJ ACBP=A9
 0002:00004E04 0000010C C=DATA    S=_DATA    G=DGROUP   M=D:\FACULTAD\PROYECTO\25-9-2002DEFINITIVO\V2\GETPUT.OBJ ACBP=A9
 0002:00004F10 00000078 C=DATA    S=_DATA    G=DGROUP   M=D:\FACULTAD\PROYECTO\25-9-2002DEFINITIVO\V2\HASH.OBJ ACBP=A9
 0002:00004F88 0000052C C=DATA    S=_DATA    G=DGROUP   M=D:\FACULTAD\PROYECTO\25-9-2002DEFINITIVO\V2\INSPECT.OBJ ACBP=A9
 0002:000054B4 000001A8 C=DATA    S=_DATA    G=DGROUP   M=D:\FACULTAD\PROYECTO\25-9-2002DEFINITIVO\V2\MALLTRAP.OBJ ACBP=A9
 0002:0000565C 00000334 C=DATA    S=_DATA    G=DGROUP   M=D:\FACULTAD\PROYECTO\25-9-2002DEFINITIVO\V2\READ.OBJ ACBP=A9
 0002:00005990 00001FD8 C=DATA    S=_DATA    G=DGROUP   M=D:\FACULTAD\PROYECTO\25-9-2002DEFINITIVO\V2\SIM.OBJ ACBP=A9
 0002:00007968 00000094 C=DATA    S=_DATA    G=DGROUP   M=D:\FACULTAD\PROYECTO\25-9-2002DEFINITIVO\V2\STRTRAP.OBJ ACBP=A9
 0002:000079FC 000000D4 C=DATA    S=_DATA    G=DGROUP   M=D:\FACULTAD\PROYECTO\25-9-2002DEFINITIVO\V2\SUPERCALC.OBJ ACBP=A9
 0002:00007AD0 00000039 C=DATA    S=_DATA    G=DGROUP   M=D:\FACULTAD\PROYECTO\25-9-2002DEFINITIVO\V2\SUPERDECODE.OBJ ACBP=A9
 0002:00007AD0 000000AC C=DATA    S=_DATA    G=DGROUP   M=D:\FACULTAD\PROYECTO\25-9-2002DEFINITIVO\V2\SUPERFETCH.OBJ ACBP=A9
 0002:00007B7C 000010BC C=DATA    S=_DATA    G=DGROUP   M=D:\FACULTAD\PROYECTO\25-9-2002DEFINITIVO\V2\SUPERSIM.OBJ ACBP=A9
 0002:00008C38 00000230 C=DATA    S=_DATA    G=DGROUP   M=D:\FACULTAD\PROYECTO\25-9-2002DEFINITIVO\V2\SYM.OBJ ACBP=A9
 0002:00008E68 000001DC C=DATA    S=_DATA    G=DGROUP   M=D:\FACULTAD\PROYECTO\25-9-2002DEFINITIVO\V2\TRAP.OBJ ACBP=A9
 0002:00009044 0000011C C=DATA    S=_DATA    G=DGROUP   M=D:\FACULTAD\PROYECTO\25-9-2002DEFINITIVO\V2\UNIT4.OBJ ACBP=A9
 0002:00009160 00000DD0 C=DATA    S=_DATA    G=DGROUP   M=D:\FACULTAD\PROYECTO\25-9-2002DEFINITIVO\V2\CONFIGURACION.OBJ ACBP=A9
 0002:00009F30 000001C8 C=DATA    S=_DATA    G=DGROUP   M=D:\FACULTAD\PROYECTO\25-9-2002DEFINITIVO\V2\UNIT5.OBJ ACBP=A9
 0002:0000A0E4 000001F4 C=DATA    S=_DATA    G=DGROUP   M=D:\FACULTAD\PROYECTO\25-9-2002DEFINITIVO\V2\FLOATINSTRUCTIONWINDOW.OBJ ACBP=A9
 0002:0000A2C4 000001F0 C=DATA    S=_DATA    G=DGROUP   M=D:\FACULTAD\PROYECTO\25-9-2002DEFINITIVO\V2\INTINSTRUCTIONWINDOW.OBJ ACBP=A9
 0002:0000A4A0 000001F4 C=DATA    S=_DATA    G=DGROUP   M=D:\FACULTAD\PROYECTO\25-9-2002DEFINITIVO\V2\RBINT.OBJ ACBP=A9
 0002:0000A680 000001E8 C=DATA    S=_DATA    G=DGROUP   M=D:\FACULTAD\PROYECTO\25-9-2002DEFINITIVO\V2\LOADBUFFER.OBJ ACBP=A9
 0002:0000A854 000001EC C=DATA    S=_DATA    G=DGROUP   M=D:\FACULTAD\PROYECTO\25-9-2002DEFINITIVO\V2\STOREBUFFER.OBJ ACBP=A9
 0002:0000AA2C 000001F0 C=DATA    S=_DATA    G=DGROUP   M=D:\FACULTAD\PROYECTO\25-9-2002DEFINITIVO\V2\INSTRUCTIONQUEUE.OBJ ACBP=A9
 0002:0000AC08 000003B8 C=DATA    S=_DATA    G=DGROUP   M=D:\FACULTAD\PROYECTO\25-9-2002DEFINITIVO\V2\GOTOADDRESS.OBJ ACBP=A9
 0002:0000AFC0 00000728 C=DATA    S=_DATA    G=DGROUP   M=D:\FACULTAD\PROYECTO\25-9-2002DEFINITIVO\V2\NEXT.OBJ ACBP=A9
 0002:0000B6D4 00000010 C=DATA    S=_DATA    G=DGROUP   M=D:\BC4\CBUILDER4\LIB\RELEASE\VCL40.LIB|UrlMon ACBP=A9
 0002:0000B6D4 00000004 C=DATA    S=_DATA    G=DGROUP   M=D:\BC4\CBUILDER4\LIB\RELEASE\VCL40.LIB|StdActns ACBP=A9
 0002:0000B6D4 0000002C C=DATA    S=_DATA    G=DGROUP   M=D:\BC4\CBUILDER4\LIB\RELEASE\VCL40.LIB|ImgList ACBP=A9
 0002:0000B6F4 00000004 C=DATA    S=_DATA    G=DGROUP   M=D:\BC4\CBUILDER4\LIB\RELEASE\VCL40.LIB|ActnList ACBP=A9
 0002:0000B6F4 00000020 C=DATA    S=_DATA    G=DGROUP   M=D:\BC4\CBUILDER4\LIB\RELEASE\VCL40.LIB|ToolWin ACBP=A9
 0002:0000B714 00000010 C=DATA    S=_DATA    G=DGROUP   M=D:\BC4\CBUILDER4\LIB\RELEASE\VCL40.LIB|TypInfo ACBP=A9
 0002:0000B724 000000D8 C=DATA    S=_DATA    G=DGROUP   M=D:\BC4\CBUILDER4\LIB\RELEASE\VCL40.LIB|StdCtrls ACBP=A9
 0002:0000B7F0 0000000C C=DATA    S=_DATA    G=DGROUP   M=D:\BC4\CBUILDER4\LIB\RELEASE\VCL40.LIB|Printers ACBP=A9
 0002:0000B7F4 000000D8 C=DATA    S=_DATA    G=DGROUP   M=D:\BC4\CBUILDER4\LIB\RELEASE\VCL40.LIB|Menus ACBP=A9
 0002:0000B8CC 00000010 C=DATA    S=_DATA    G=DGROUP   M=D:\BC4\CBUILDER4\LIB\RELEASE\VCL40.LIB|Mask ACBP=A9
 0002:0000B8DC 00000006 C=DATA    S=_DATA    G=DGROUP   M=D:\BC4\CBUILDER4\LIB\RELEASE\VCL40.LIB|Grids ACBP=A9
 0002:0000B8E2 000002BE C=DATA    S=_DATA    G=DGROUP   M=D:\BC4\CBUILDER4\LIB\RELEASE\VCL40.LIB|Graphics ACBP=A9
 0002:0000BBA0 00000148 C=DATA    S=_DATA    G=DGROUP   M=D:\BC4\CBUILDER4\LIB\RELEASE\VCL40.LIB|Forms ACBP=A9
 0002:0000BCE8 00000024 C=DATA    S=_DATA    G=DGROUP   M=D:\BC4\CBUILDER4\LIB\RELEASE\VCL40.LIB|ExtCtrls ACBP=A9
 0002:0000BCFC 00000104 C=DATA    S=_DATA    G=DGROUP   M=D:\BC4\CBUILDER4\LIB\RELEASE\VCL40.LIB|Dialogs ACBP=A9
 0002:0000BE00 00000128 C=DATA    S=_DATA    G=DGROUP   M=D:\BC4\CBUILDER4\LIB\RELEASE\VCL40.LIB|Controls ACBP=A9
 0002:0000BF28 000000D9 C=DATA    S=_DATA    G=DGROUP   M=D:\BC4\CBUILDER4\LIB\RELEASE\VCL40.LIB|ComCtrls ACBP=A9
 0002:0000BFFC 00000084 C=DATA    S=_DATA    G=DGROUP   M=D:\BC4\CBUILDER4\LIB\RELEASE\VCL40.LIB|Classes ACBP=A9
 0002:0000C064 0000009E C=DATA    S=_DATA    G=DGROUP   M=D:\BC4\CBUILDER4\LIB\RELEASE\VCL40.LIB|Buttons ACBP=A9
 0002:0000C102 00000010 C=DATA    S=_DATA    G=DGROUP   M=D:\BC4\CBUILDER4\LIB\RELEASE\VCL40.LIB|Windows ACBP=A9
 0002:0000C102 00000010 C=DATA    S=_DATA    G=DGROUP   M=D:\BC4\CBUILDER4\LIB\RELEASE\VCL40.LIB|ActiveX ACBP=A9
 0002:0000C102 00000008 C=DATA    S=_DATA    G=DGROUP   M=D:\BC4\CBUILDER4\LIB\RELEASE\VCL40.LIB|Math ACBP=A9
 0002:0000C104 0000022C C=DATA    S=_DATA    G=DGROUP   M=D:\BC4\CBUILDER4\LIB\RELEASE\VCL40.LIB|SysUtils ACBP=A9
 0002:0000C324 000000A4 C=DATA    S=_DATA    G=DGROUP   M=D:\BC4\CBUILDER4\LIB\RELEASE\VCL40.LIB|System ACBP=A9
 0002:0000C3C4 000002DC C=DATA    S=_DATA    G=DGROUP   M=D:\FACULTAD\PROYECTO\25-9-2002DEFINITIVO\V2\FICHREG.OBJ ACBP=A9
 0002:0000C6A0 00000FE0 C=DATA    S=_DATA    G=DGROUP   M=D:\FACULTAD\PROYECTO\25-9-2002DEFINITIVO\V2\ESTADISTICAS.OBJ ACBP=A9
 0002:0000D66C 00000024 C=DATA    S=_DATA    G=DGROUP   M=D:\FACULTAD\PROYECTO\25-9-2002DEFINITIVO\V2\COLAHISTORIA.OBJ ACBP=A9
 0002:0000D690 000004BC C=DATA    S=_DATA    G=DGROUP   M=D:\FACULTAD\PROYECTO\25-9-2002DEFINITIVO\V2\HISTORIA.OBJ ACBP=A9
 0002:0000DB4C 000004E8 C=DATA    S=_DATA    G=DGROUP   M=D:\FACULTAD\PROYECTO\25-9-2002DEFINITIVO\V2\BRANCHFORM.OBJ ACBP=A9
 0002:0000E020 00000284 C=DATA    S=_DATA    G=DGROUP   M=D:\FACULTAD\PROYECTO\25-9-2002DEFINITIVO\V2\LEGEND.OBJ ACBP=A9
 0002:0000E290 000000D0 C=DATA    S=_DATA    G=DGROUP   M=D:\FACULTAD\PROYECTO\25-9-2002DEFINITIVO\V2\TCL.LIB|list_remove ACBP=A9
 0002:0000E360 000000A0 C=DATA    S=_DATA    G=DGROUP   M=D:\FACULTAD\PROYECTO\25-9-2002DEFINITIVO\V2\TCL.LIB|list_init ACBP=A9
 0002:0000E400 000003CC C=DATA    S=_DATA    G=DGROUP   M=D:\FACULTAD\PROYECTO\25-9-2002DEFINITIVO\V2\TCL.LIB|tclmini ACBP=A9
 0002:0000E7CC 000000E8 C=DATA    S=_DATA    G=DGROUP   M=D:\FACULTAD\PROYECTO\25-9-2002DEFINITIVO\V2\TCL.LIB|list_insert ACBP=A9
 0002:0000E8B4 000003F0 C=DATA    S=_DATA    G=DGROUP   M=D:\BC4\CBUILDER4\LIB\BCBSMP40.LIB|CCALENDR.CPP ACBP=A9
 0002:0000ECA4 000002AC C=DATA    S=_DATA    G=DGROUP   M=D:\BC4\CBUILDER4\LIB\BCBSMP40.LIB|CGRID.CPP ACBP=A9
 0002:0000EF50 00000540 C=DATA    S=_DATA    G=DGROUP   M=D:\BC4\CBUILDER4\LIB\BCBSMP40.LIB|CGAUGES.CPP ACBP=A9
 0002:0000F490 00000640 C=DATA    S=_DATA    G=DGROUP   M=D:\BC4\CBUILDER4\LIB\BCBSMP40.LIB|CSPIN.CPP ACBP=A9
 0002:0000FAD0 0000040C C=DATA    S=_DATA    G=DGROUP   M=D:\BC4\CBUILDER4\LIB\BCBSMP40.LIB|PERFGRAP.CPP ACBP=A9
 0002:0000FEDC 000008F8 C=DATA    S=_DATA    G=DGROUP   M=D:\BC4\CBUILDER4\LIB\VCLJPG40.LIB|jpeg ACBP=A9
 0002:000107D4 00000240 C=DATA    S=_DATA    G=DGROUP   M=D:\BC4\CBUILDER4\PROJECTS\LIB\DCLUSR40.LIB|D:\comp\CTListBox.cpp ACBP=A9
 0002:00010A14 0000009C C=DATA    S=_DATA    G=DGROUP   M=D:\BC4\CBUILDER4\LIB\CP32MT.LIB|setnew ACBP=A9
 0002:00010AB0 00000054 C=DATA    S=_DATA    G=DGROUP   M=D:\BC4\CBUILDER4\LIB\CP32MT.LIB|vdelldtc ACBP=A9
 0002:00010B04 00000074 C=DATA    S=_DATA    G=DGROUP   M=D:\BC4\CBUILDER4\LIB\CP32MT.LIB|vnewldtc ACBP=A9
 0002:00010B78 00000160 C=DATA    S=_DATA    G=DGROUP   M=D:\BC4\CBUILDER4\LIB\CP32MT.LIB|hrdir_b ACBP=A9
 0002:00010CD8 00000020 C=DATA    S=_DATA    G=DGROUP   M=D:\BC4\CBUILDER4\LIB\CP32MT.LIB|hrdir_s ACBP=A9
 0002:00010CF8 00000038 C=DATA    S=_DATA    G=DGROUP   M=D:\BC4\CBUILDER4\LIB\CP32MT.LIB|predecl ACBP=A9
 0002:00010D30 000000D0 C=DATA    S=_DATA    G=DGROUP   M=D:\BC4\CBUILDER4\LIB\CP32MT.LIB|stdexcpt ACBP=A9
 0002:00010DFC 00000014 C=DATA    S=_DATA    G=DGROUP   M=D:\BC4\CBUILDER4\LIB\CP32MT.LIB|strerror ACBP=A9
 0002:00010E10 00000340 C=DATA    S=_DATA    G=DGROUP   M=D:\BC4\CBUILDER4\LIB\CP32MT.LIB|xxtype ACBP=A9
 0002:00011150 00000120 C=DATA    S=_DATA    G=DGROUP   M=D:\BC4\CBUILDER4\LIB\CP32MT.LIB|xxv ACBP=A9
 0002:00011270 00000014 C=DATA    S=_DATA    G=DGROUP   M=D:\BC4\CBUILDER4\LIB\CP32MT.LIB|except ACBP=A9
 0002:00011284 0000000C C=DATA    S=_DATA    G=DGROUP   M=D:\BC4\CBUILDER4\LIB\CP32MT.LIB|__dup2 ACBP=A9
 0002:00011290 00000004 C=DATA    S=_DATA    G=DGROUP   M=D:\BC4\CBUILDER4\LIB\CP32MT.LIB|_cfinfo ACBP=A9
 0002:00011294 00000004 C=DATA    S=_DATA    G=DGROUP   M=D:\BC4\CBUILDER4\LIB\CP32MT.LIB|_umask ACBP=A9
 0002:00011298 000004B0 C=DATA    S=_DATA    G=DGROUP   M=D:\BC4\CBUILDER4\LIB\CP32MT.LIB|files ACBP=A9
 0002:00011748 000000CC C=DATA    S=_DATA    G=DGROUP   M=D:\BC4\CBUILDER4\LIB\CP32MT.LIB|files2 ACBP=A9
 0002:00011814 00000004 C=DATA    S=_DATA    G=DGROUP   M=D:\BC4\CBUILDER4\LIB\CP32MT.LIB|fmode ACBP=A9
 0002:00011818 00000004 C=DATA    S=_DATA    G=DGROUP   M=D:\BC4\CBUILDER4\LIB\CP32MT.LIB|fmodeptr ACBP=A9
 0002:0001181C 00000054 C=DATA    S=_DATA    G=DGROUP   M=D:\BC4\CBUILDER4\LIB\CP32MT.LIB|handles ACBP=A9
 0002:00011870 0000012B C=DATA    S=_DATA    G=DGROUP   M=D:\BC4\CBUILDER4\LIB\CP32MT.LIB|ioerror ACBP=A9
 0002:0001199C 0000000C C=DATA    S=_DATA    G=DGROUP   M=D:\BC4\CBUILDER4\LIB\CP32MT.LIB|mkname ACBP=A9
 0002:000119A8 0000047C C=DATA    S=_DATA    G=DGROUP   M=D:\BC4\CBUILDER4\LIB\CP32MT.LIB|perror ACBP=A9
 0002:00011E24 00000082 C=DATA    S=_DATA    G=DGROUP   M=D:\BC4\CBUILDER4\LIB\CP32MT.LIB|scanner ACBP=A9
 0002:00011EA8 00000054 C=DATA    S=_DATA    G=DGROUP   M=D:\BC4\CBUILDER4\LIB\CP32MT.LIB|streams ACBP=A9
 0002:00011EFC 00000076 C=DATA    S=_DATA    G=DGROUP   M=D:\BC4\CBUILDER4\LIB\CP32MT.LIB|vprinter ACBP=A9
 0002:00011F74 00000202 C=DATA    S=_DATA    G=DGROUP   M=D:\BC4\CBUILDER4\LIB\CP32MT.LIB|bigctype ACBP=A9
 0002:00012178 0000003C C=DATA    S=_DATA    G=DGROUP   M=D:\BC4\CBUILDER4\LIB\CP32MT.LIB|cconv ACBP=A9
 0002:000121B4 00000050 C=DATA    S=_DATA    G=DGROUP   M=D:\BC4\CBUILDER4\LIB\CP32MT.LIB|convt ACBP=A9
 0002:00012204 00000118 C=DATA    S=_DATA    G=DGROUP   M=D:\BC4\CBUILDER4\LIB\CP32MT.LIB|locale ACBP=A9
 0002:0001231C 00000260 C=DATA    S=_DATA    G=DGROUP   M=D:\BC4\CBUILDER4\LIB\CP32MT.LIB|clocale ACBP=A9
 0002:0001257C 00000068 C=DATA    S=_DATA    G=DGROUP   M=D:\BC4\CBUILDER4\LIB\CP32MT.LIB|initcat ACBP=A9
 0002:000125E4 00000010 C=DATA    S=_DATA    G=DGROUP   M=D:\BC4\CBUILDER4\LIB\CP32MT.LIB|_matherr ACBP=A9
 0002:000125F4 000000C0 C=DATA    S=_DATA    G=DGROUP   M=D:\BC4\CBUILDER4\LIB\CP32MT.LIB|_pow10 ACBP=A9
 0002:000126B4 0000000C C=DATA    S=_DATA    G=DGROUP   M=D:\BC4\CBUILDER4\LIB\CP32MT.LIB|cos ACBP=A9
 0002:000126C0 00000068 C=DATA    S=_DATA    G=DGROUP   M=D:\BC4\CBUILDER4\LIB\CP32MT.LIB|cvtfak ACBP=A9
 0002:00012728 00000068 C=DATA    S=_DATA    G=DGROUP   M=D:\BC4\CBUILDER4\LIB\CP32MT.LIB|cvtfakw ACBP=A9
 0002:00012790 00000004 C=DATA    S=_DATA    G=DGROUP   M=D:\BC4\CBUILDER4\LIB\CP32MT.LIB|deflt87 ACBP=A9
 0002:00012794 0000000C C=DATA    S=_DATA    G=DGROUP   M=D:\BC4\CBUILDER4\LIB\CP32MT.LIB|exp ACBP=A9
 0002:000127A0 00000014 C=DATA    S=_DATA    G=DGROUP   M=D:\BC4\CBUILDER4\LIB\CP32MT.LIB|f87atan ACBP=A9
 0002:000127B4 00000012 C=DATA    S=_DATA    G=DGROUP   M=D:\BC4\CBUILDER4\LIB\CP32MT.LIB|f87exp ACBP=A9
 0002:000127C8 00000016 C=DATA    S=_DATA    G=DGROUP   M=D:\BC4\CBUILDER4\LIB\CP32MT.LIB|f87log ACBP=A9
 0002:000127E0 0000001C C=DATA    S=_DATA    G=DGROUP   M=D:\BC4\CBUILDER4\LIB\CP32MT.LIB|f87sine ACBP=A9
 0002:000127FC 0000007C C=DATA    S=_DATA    G=DGROUP   M=D:\BC4\CBUILDER4\LIB\CP32MT.LIB|hugeval ACBP=A9
 0002:00012878 00000008 C=DATA    S=_DATA    G=DGROUP   M=D:\BC4\CBUILDER4\LIB\CP32MT.LIB|initcvt ACBP=A9
 0002:00012880 0000000C C=DATA    S=_DATA    G=DGROUP   M=D:\BC4\CBUILDER4\LIB\CP32MT.LIB|log ACBP=A9
 0002:0001288C 00000008 C=DATA    S=_DATA    G=DGROUP   M=D:\BC4\CBUILDER4\LIB\CP32MT.LIB|mathptr ACBP=A9
 0002:00012894 00000044 C=DATA    S=_DATA    G=DGROUP   M=D:\BC4\CBUILDER4\LIB\CP32MT.LIB|mathwhy ACBP=A9
 0002:000128D8 0000001C C=DATA    S=_DATA    G=DGROUP   M=D:\BC4\CBUILDER4\LIB\CP32MT.LIB|pow ACBP=A9
 0002:000128F4 00000014 C=DATA    S=_DATA    G=DGROUP   M=D:\BC4\CBUILDER4\LIB\CP32MT.LIB|realcvt ACBP=A9
 0002:00012908 00000028 C=DATA    S=_DATA    G=DGROUP   M=D:\BC4\CBUILDER4\LIB\CP32MT.LIB|realcvtw ACBP=A9
 0002:00012930 00000028 C=DATA    S=_DATA    G=DGROUP   M=D:\BC4\CBUILDER4\LIB\CP32MT.LIB|scantod ACBP=A9
 0002:00012958 00000028 C=DATA    S=_DATA    G=DGROUP   M=D:\BC4\CBUILDER4\LIB\CP32MT.LIB|scanwtod ACBP=A9
 0002:00012980 0000000C C=DATA    S=_DATA    G=DGROUP   M=D:\BC4\CBUILDER4\LIB\CP32MT.LIB|sin ACBP=A9
 0002:0001298C 00000010 C=DATA    S=_DATA    G=DGROUP   M=D:\BC4\CBUILDER4\LIB\CP32MT.LIB|sqrt ACBP=A9
 0002:0001299C 0000000C C=DATA    S=_DATA    G=DGROUP   M=D:\BC4\CBUILDER4\LIB\CP32MT.LIB|tan ACBP=A9
 0002:000129A8 00000048 C=DATA    S=_DATA    G=DGROUP   M=D:\BC4\CBUILDER4\LIB\CP32MT.LIB|mbctype ACBP=A9
 0002:000129F0 0000000C C=DATA    S=_DATA    G=DGROUP   M=D:\BC4\CBUILDER4\LIB\CP32MT.LIB|errormsg ACBP=A9
 0002:000129FC 00000024 C=DATA    S=_DATA    G=DGROUP   M=D:\BC4\CBUILDER4\LIB\CP32MT.LIB|ermsghlp ACBP=A9
 0002:00012A20 00000024 C=DATA    S=_DATA    G=DGROUP   M=D:\BC4\CBUILDER4\LIB\CP32MT.LIB|assert ACBP=A9
 0002:00012A44 00000020 C=DATA    S=_DATA    G=DGROUP   M=D:\BC4\CBUILDER4\LIB\CP32MT.LIB|abort ACBP=A9
 0002:00012A64 00000004 C=DATA    S=_DATA    G=DGROUP   M=D:\BC4\CBUILDER4\LIB\CP32MT.LIB|patexit ACBP=A9
 0002:00012A68 0000000C C=DATA    S=_DATA    G=DGROUP   M=D:\BC4\CBUILDER4\LIB\CP32MT.LIB|exit ACBP=A9
 0002:00012A74 0000007C C=DATA    S=_DATA    G=DGROUP   M=D:\BC4\CBUILDER4\LIB\CP32MT.LIB|setargv ACBP=A9
 0002:00012AF0 00000020 C=DATA    S=_DATA    G=DGROUP   M=D:\BC4\CBUILDER4\LIB\CP32MT.LIB|setargv0 ACBP=A9
 0002:00012B10 0000006C C=DATA    S=_DATA    G=DGROUP   M=D:\BC4\CBUILDER4\LIB\CP32MT.LIB|setenvp ACBP=A9
 0002:00012B7C 0000005E C=DATA    S=_DATA    G=DGROUP   M=D:\BC4\CBUILDER4\LIB\CP32MT.LIB|signal ACBP=A9
 0002:00012BDC 00000018 C=DATA    S=_DATA    G=DGROUP   M=D:\BC4\CBUILDER4\LIB\CP32MT.LIB|initexit ACBP=A9
 0002:00012BF4 0000001C C=DATA    S=_DATA    G=DGROUP   M=D:\BC4\CBUILDER4\LIB\CP32MT.LIB|thrddata ACBP=A9
 0002:00012C10 00000014 C=DATA    S=_DATA    G=DGROUP   M=D:\BC4\CBUILDER4\LIB\CP32MT.LIB|_lock ACBP=A9
 0002:00012C24 000013A8 C=DATA    S=_DATA    G=DGROUP   M=D:\BC4\CBUILDER4\LIB\CP32MT.LIB|xx ACBP=A9
 0002:00013FCC 00000420 C=DATA    S=_DATA    G=DGROUP   M=D:\BC4\CBUILDER4\LIB\RELEASE\VCLE40.LIB|dstring ACBP=A9
 0002:000143D8 00000078 C=DATA    S=_DATA    G=DGROUP   M=D:\BC4\CBUILDER4\LIB\RELEASE\VCLE40.LIB|syssupp ACBP=A9
 0002:00014450 0000006C C=DATA    S=_DATA    G=DGROUP   M=D:\BC4\CBUILDER4\LIB\RELEASE\VCLE40.LIB|vclinit ACBP=A9
 0002:000144BC 00000484 C=DATA    S=_DATA    G=DGROUP   M=<internal> ACBP=A9
 0003:00000000 0000001C C=BSS     S=_BSS     G=DGROUP   M=D:\BC4\CBUILDER4\LIB\OBJ\SYSINIT.OBJ ACBP=A9
 0003:0000001C 00011254 C=BSS     S=_BSS     G=DGROUP   M=D:\FACULTAD\PROYECTO\25-9-2002DEFINITIVO\V2\UNIT1.OBJ ACBP=A9
 0003:00011270 00000008 C=BSS     S=_BSS     G=DGROUP   M=D:\FACULTAD\PROYECTO\25-9-2002DEFINITIVO\V2\UNIT2.OBJ ACBP=A9
 0003:00011278 00000008 C=BSS     S=_BSS     G=DGROUP   M=D:\FACULTAD\PROYECTO\25-9-2002DEFINITIVO\V2\UNIT3.OBJ ACBP=A9
 0003:00011280 000000DC C=BSS     S=_BSS     G=DGROUP   M=D:\FACULTAD\PROYECTO\25-9-2002DEFINITIVO\V2\ASM.OBJ ACBP=A9
 0003:0001135C 0000033C C=BSS     S=_BSS     G=DGROUP   M=D:\FACULTAD\PROYECTO\25-9-2002DEFINITIVO\V2\GETPUT.OBJ ACBP=A9
 0003:00011698 0000000C C=BSS     S=_BSS     G=DGROUP   M=D:\FACULTAD\PROYECTO\25-9-2002DEFINITIVO\V2\INSPECT.OBJ ACBP=A9
 0003:000116A4 0000000C C=BSS     S=_BSS     G=DGROUP   M=D:\FACULTAD\PROYECTO\25-9-2002DEFINITIVO\V2\MALLTRAP.OBJ ACBP=A9
 0003:000116B0 0000000C C=BSS     S=_BSS     G=DGROUP   M=D:\FACULTAD\PROYECTO\25-9-2002DEFINITIVO\V2\READ.OBJ ACBP=A9
 0003:000116BC 0000000C C=BSS     S=_BSS     G=DGROUP   M=D:\FACULTAD\PROYECTO\25-9-2002DEFINITIVO\V2\SIM.OBJ ACBP=A9
 0003:000116C8 00000004 C=BSS     S=_BSS     G=DGROUP   M=D:\FACULTAD\PROYECTO\25-9-2002DEFINITIVO\V2\STRTRAP.OBJ ACBP=A9
 0003:000116C8 00000004 C=BSS     S=_BSS     G=DGROUP   M=D:\FACULTAD\PROYECTO\25-9-2002DEFINITIVO\V2\SUPERCALC.OBJ ACBP=A9
 0003:000116C8 00000010 C=BSS     S=_BSS     G=DGROUP   M=D:\FACULTAD\PROYECTO\25-9-2002DEFINITIVO\V2\SUPERDECODE.OBJ ACBP=A9
 0003:000116D8 00000010 C=BSS     S=_BSS     G=DGROUP   M=D:\FACULTAD\PROYECTO\25-9-2002DEFINITIVO\V2\SUPERFETCH.OBJ ACBP=A9
 0003:000116E8 00000004 C=BSS     S=_BSS     G=DGROUP   M=D:\FACULTAD\PROYECTO\25-9-2002DEFINITIVO\V2\SUPERSIM.OBJ ACBP=A9
 0003:000116E8 00000068 C=BSS     S=_BSS     G=DGROUP   M=D:\FACULTAD\PROYECTO\25-9-2002DEFINITIVO\V2\SYM.OBJ ACBP=A9
 0003:00011750 00000008 C=BSS     S=_BSS     G=DGROUP   M=D:\FACULTAD\PROYECTO\25-9-2002DEFINITIVO\V2\TRAP.OBJ ACBP=A9
 0003:00011758 00000014 C=BSS     S=_BSS     G=DGROUP   M=D:\FACULTAD\PROYECTO\25-9-2002DEFINITIVO\V2\UNIT4.OBJ ACBP=A9
 0003:0001176C 00000014 C=BSS     S=_BSS     G=DGROUP   M=D:\FACULTAD\PROYECTO\25-9-2002DEFINITIVO\V2\CONFIGURACION.OBJ ACBP=A9
 0003:00011780 00000008 C=BSS     S=_BSS     G=DGROUP   M=D:\FACULTAD\PROYECTO\25-9-2002DEFINITIVO\V2\UNIT5.OBJ ACBP=A9
 0003:00011788 00000008 C=BSS     S=_BSS     G=DGROUP   M=D:\FACULTAD\PROYECTO\25-9-2002DEFINITIVO\V2\FLOATINSTRUCTIONWINDOW.OBJ ACBP=A9
 0003:00011790 00000008 C=BSS     S=_BSS     G=DGROUP   M=D:\FACULTAD\PROYECTO\25-9-2002DEFINITIVO\V2\INTINSTRUCTIONWINDOW.OBJ ACBP=A9
 0003:00011798 00000008 C=BSS     S=_BSS     G=DGROUP   M=D:\FACULTAD\PROYECTO\25-9-2002DEFINITIVO\V2\RBINT.OBJ ACBP=A9
 0003:000117A0 00000008 C=BSS     S=_BSS     G=DGROUP   M=D:\FACULTAD\PROYECTO\25-9-2002DEFINITIVO\V2\LOADBUFFER.OBJ ACBP=A9
 0003:000117A8 00000008 C=BSS     S=_BSS     G=DGROUP   M=D:\FACULTAD\PROYECTO\25-9-2002DEFINITIVO\V2\STOREBUFFER.OBJ ACBP=A9
 0003:000117B0 00000008 C=BSS     S=_BSS     G=DGROUP   M=D:\FACULTAD\PROYECTO\25-9-2002DEFINITIVO\V2\INSTRUCTIONQUEUE.OBJ ACBP=A9
 0003:000117B8 00000014 C=BSS     S=_BSS     G=DGROUP   M=D:\FACULTAD\PROYECTO\25-9-2002DEFINITIVO\V2\GOTOADDRESS.OBJ ACBP=A9
 0003:000117CC 00000014 C=BSS     S=_BSS     G=DGROUP   M=D:\FACULTAD\PROYECTO\25-9-2002DEFINITIVO\V2\NEXT.OBJ ACBP=A9
 0003:000117E0 00000004 C=BSS     S=_BSS     G=DGROUP   M=D:\BC4\CBUILDER4\LIB\RELEASE\VCL40.LIB|UrlMon ACBP=A9
 0003:000117E4 00000004 C=BSS     S=_BSS     G=DGROUP   M=D:\BC4\CBUILDER4\LIB\RELEASE\VCL40.LIB|StdActns ACBP=A9
 0003:000117E8 00000004 C=BSS     S=_BSS     G=DGROUP   M=D:\BC4\CBUILDER4\LIB\RELEASE\VCL40.LIB|ImgList ACBP=A9
 0003:000117EC 00000004 C=BSS     S=_BSS     G=DGROUP   M=D:\BC4\CBUILDER4\LIB\RELEASE\VCL40.LIB|ActnList ACBP=A9
 0003:000117F0 00000004 C=BSS     S=_BSS     G=DGROUP   M=D:\BC4\CBUILDER4\LIB\RELEASE\VCL40.LIB|ToolWin ACBP=A9
 0003:000117F4 00000004 C=BSS     S=_BSS     G=DGROUP   M=D:\BC4\CBUILDER4\LIB\RELEASE\VCL40.LIB|TypInfo ACBP=A9
 0003:000117F8 00000004 C=BSS     S=_BSS     G=DGROUP   M=D:\BC4\CBUILDER4\LIB\RELEASE\VCL40.LIB|StdCtrls ACBP=A9
 0003:000117FC 00000004 C=BSS     S=_BSS     G=DGROUP   M=D:\BC4\CBUILDER4\LIB\RELEASE\VCL40.LIB|Printers ACBP=A9
 0003:00011800 0000000C C=BSS     S=_BSS     G=DGROUP   M=D:\BC4\CBUILDER4\LIB\RELEASE\VCL40.LIB|Menus ACBP=A9
 0003:0001180C 00000004 C=BSS     S=_BSS     G=DGROUP   M=D:\BC4\CBUILDER4\LIB\RELEASE\VCL40.LIB|Mask ACBP=A9
 0003:00011810 00000004 C=BSS     S=_BSS     G=DGROUP   M=D:\BC4\CBUILDER4\LIB\RELEASE\VCL40.LIB|Grids ACBP=A9
 0003:00011814 00000060 C=BSS     S=_BSS     G=DGROUP   M=D:\BC4\CBUILDER4\LIB\RELEASE\VCL40.LIB|Graphics ACBP=A9
 0003:00011874 0000004C C=BSS     S=_BSS     G=DGROUP   M=D:\BC4\CBUILDER4\LIB\RELEASE\VCL40.LIB|Forms ACBP=A9
 0003:000118C0 00000004 C=BSS     S=_BSS     G=DGROUP   M=D:\BC4\CBUILDER4\LIB\RELEASE\VCL40.LIB|ExtCtrls ACBP=A9
 0003:000118C4 00000040 C=BSS     S=_BSS     G=DGROUP   M=D:\BC4\CBUILDER4\LIB\RELEASE\VCL40.LIB|Dialogs ACBP=A9
 0003:00011904 00000070 C=BSS     S=_BSS     G=DGROUP   M=D:\BC4\CBUILDER4\LIB\RELEASE\VCL40.LIB|Controls ACBP=A9
 0003:00011974 00000004 C=BSS     S=_BSS     G=DGROUP   M=D:\BC4\CBUILDER4\LIB\RELEASE\VCL40.LIB|Consts ACBP=A9
 0003:00011978 00000004 C=BSS     S=_BSS     G=DGROUP   M=D:\BC4\CBUILDER4\LIB\RELEASE\VCL40.LIB|ComStrs ACBP=A9
 0003:0001197C 00000034 C=BSS     S=_BSS     G=DGROUP   M=D:\BC4\CBUILDER4\LIB\RELEASE\VCL40.LIB|ComCtrls ACBP=A9
 0003:000119B0 0000000C C=BSS     S=_BSS     G=DGROUP   M=D:\BC4\CBUILDER4\LIB\RELEASE\VCL40.LIB|ClipBrd ACBP=A9
 0003:000119BC 00000024 C=BSS     S=_BSS     G=DGROUP   M=D:\BC4\CBUILDER4\LIB\RELEASE\VCL40.LIB|Classes ACBP=A9
 0003:000119E0 00000030 C=BSS     S=_BSS     G=DGROUP   M=D:\BC4\CBUILDER4\LIB\RELEASE\VCL40.LIB|Buttons ACBP=A9
 0003:00011A10 00000031 C=BSS     S=_BSS     G=DGROUP   M=D:\BC4\CBUILDER4\LIB\RELEASE\VCL40.LIB|MultiMon ACBP=A9
 0003:00011A44 00000034 C=BSS     S=_BSS     G=DGROUP   M=D:\BC4\CBUILDER4\LIB\RELEASE\VCL40.LIB|FlatSB ACBP=A9
 0003:00011A78 00000004 C=BSS     S=_BSS     G=DGROUP   M=D:\BC4\CBUILDER4\LIB\RELEASE\VCL40.LIB|Winspool ACBP=A9
 0003:00011A7C 00000004 C=BSS     S=_BSS     G=DGROUP   M=D:\BC4\CBUILDER4\LIB\RELEASE\VCL40.LIB|Windows ACBP=A9
 0003:00011A80 00000004 C=BSS     S=_BSS     G=DGROUP   M=D:\BC4\CBUILDER4\LIB\RELEASE\VCL40.LIB|RichEdit ACBP=A9
 0003:00011A84 00000004 C=BSS     S=_BSS     G=DGROUP   M=D:\BC4\CBUILDER4\LIB\RELEASE\VCL40.LIB|ActiveX ACBP=A9
 0003:00011A88 00000004 C=BSS     S=_BSS     G=DGROUP   M=D:\BC4\CBUILDER4\LIB\RELEASE\VCL40.LIB|Messages ACBP=A9
 0003:00011A8C 00000004 C=BSS     S=_BSS     G=DGROUP   M=D:\BC4\CBUILDER4\LIB\RELEASE\VCL40.LIB|Imm ACBP=A9
 0003:00011A90 00000004 C=BSS     S=_BSS     G=DGROUP   M=D:\BC4\CBUILDER4\LIB\RELEASE\VCL40.LIB|Dlgs ACBP=A9
 0003:00011A94 00000004 C=BSS     S=_BSS     G=DGROUP   M=D:\BC4\CBUILDER4\LIB\RELEASE\VCL40.LIB|CommDlg ACBP=A9
 0003:00011A98 0000000C C=BSS     S=_BSS     G=DGROUP   M=D:\BC4\CBUILDER4\LIB\RELEASE\VCL40.LIB|CommCtrl ACBP=A9
 0003:00011AA4 00000004 C=BSS     S=_BSS     G=DGROUP   M=D:\BC4\CBUILDER4\LIB\RELEASE\VCL40.LIB|Math ACBP=A9
 0003:00011AA8 00000004 C=BSS     S=_BSS     G=DGROUP   M=D:\BC4\CBUILDER4\LIB\RELEASE\VCL40.LIB|SysConst ACBP=A9
 0003:00011AAC 00000118 C=BSS     S=_BSS     G=DGROUP   M=D:\BC4\CBUILDER4\LIB\RELEASE\VCL40.LIB|SysUtils ACBP=A9
 0003:00011BC4 000004D4 C=BSS     S=_BSS     G=DGROUP   M=D:\BC4\CBUILDER4\LIB\RELEASE\VCL40.LIB|System ACBP=A9
 0003:00012098 00000014 C=BSS     S=_BSS     G=DGROUP   M=D:\FACULTAD\PROYECTO\25-9-2002DEFINITIVO\V2\FICHREG.OBJ ACBP=A9
 0003:000120AC 00000008 C=BSS     S=_BSS     G=DGROUP   M=D:\FACULTAD\PROYECTO\25-9-2002DEFINITIVO\V2\ESTADISTICAS.OBJ ACBP=A9
 0003:000120B4 00000014 C=BSS     S=_BSS     G=DGROUP   M=D:\FACULTAD\PROYECTO\25-9-2002DEFINITIVO\V2\HISTORIA.OBJ ACBP=A9
 0003:000120C8 00000014 C=BSS     S=_BSS     G=DGROUP   M=D:\FACULTAD\PROYECTO\25-9-2002DEFINITIVO\V2\BRANCHFORM.OBJ ACBP=A9
 0003:000120DC 00000004 C=BSS     S=_BSS     G=DGROUP   M=D:\FACULTAD\PROYECTO\25-9-2002DEFINITIVO\V2\BRANCHPRED.OBJ ACBP=A9
 0003:000120DC 00000008 C=BSS     S=_BSS     G=DGROUP   M=D:\FACULTAD\PROYECTO\25-9-2002DEFINITIVO\V2\LEGEND.OBJ ACBP=A9
 0003:000120E4 00000004 C=BSS     S=_BSS     G=DGROUP   M=D:\BC4\CBUILDER4\LIB\BCBSMP40.LIB|CCALENDR.CPP ACBP=A9
 0003:000120E8 00000004 C=BSS     S=_BSS     G=DGROUP   M=D:\BC4\CBUILDER4\LIB\BCBSMP40.LIB|CGRID.CPP ACBP=A9
 0003:000120EC 00000004 C=BSS     S=_BSS     G=DGROUP   M=D:\BC4\CBUILDER4\LIB\BCBSMP40.LIB|CGAUGES.CPP ACBP=A9
 0003:000120F0 00000004 C=BSS     S=_BSS     G=DGROUP   M=D:\BC4\CBUILDER4\LIB\BCBSMP40.LIB|CSPIN.CPP ACBP=A9
 0003:000120F4 00000004 C=BSS     S=_BSS     G=DGROUP   M=D:\BC4\CBUILDER4\LIB\BCBSMP40.LIB|PERFGRAP.CPP ACBP=A9
 0003:000120F8 00000004 C=BSS     S=_BSS     G=DGROUP   M=D:\BC4\CBUILDER4\LIB\VCLJPG40.LIB|jconsts ACBP=A9
 0003:000120FC 00000004 C=BSS     S=_BSS     G=DGROUP   M=D:\BC4\CBUILDER4\LIB\VCLJPG40.LIB|jpeg ACBP=A9
 0003:00012100 00000004 C=BSS     S=_BSS     G=DGROUP   M=D:\BC4\CBUILDER4\PROJECTS\LIB\DCLUSR40.LIB|D:\comp\CTListBox.cpp ACBP=A9
 0003:00012104 00000008 C=BSS     S=_BSS     G=DGROUP   M=D:\BC4\CBUILDER4\LIB\CP32MT.LIB|setnew ACBP=A9
 0003:0001210C 00000018 C=BSS     S=_BSS     G=DGROUP   M=D:\BC4\CBUILDER4\LIB\CP32MT.LIB|hrdir_b ACBP=A9
 0003:00012124 0000002C C=BSS     S=_BSS     G=DGROUP   M=D:\BC4\CBUILDER4\LIB\CP32MT.LIB|predecl ACBP=A9
 0003:00012150 0000001C C=BSS     S=_BSS     G=DGROUP   M=D:\BC4\CBUILDER4\LIB\CP32MT.LIB|stdexcpt ACBP=A9
 0003:0001216C 00000410 C=BSS     S=_BSS     G=DGROUP   M=D:\BC4\CBUILDER4\LIB\CP32MT.LIB|xxtype ACBP=A9
 0003:0001257C 00000008 C=BSS     S=_BSS     G=DGROUP   M=D:\BC4\CBUILDER4\LIB\CP32MT.LIB|xxv ACBP=A9
 0003:00012584 00000008 C=BSS     S=_BSS     G=DGROUP   M=D:\BC4\CBUILDER4\LIB\CP32MT.LIB|except ACBP=A9
 0003:0001258C 00000190 C=BSS     S=_BSS     G=DGROUP   M=D:\BC4\CBUILDER4\LIB\CP32MT.LIB|files2 ACBP=A9
 0003:0001271C 00000008 C=BSS     S=_BSS     G=DGROUP   M=D:\BC4\CBUILDER4\LIB\CP32MT.LIB|handles ACBP=A9
 0003:00012724 00000001 C=BSS     S=_BSS     G=DGROUP   M=D:\BC4\CBUILDER4\LIB\CP32MT.LIB|lgetc ACBP=A9
 0003:00012725 00000002 C=BSS     S=_BSS     G=DGROUP   M=D:\BC4\CBUILDER4\LIB\CP32MT.LIB|mkname ACBP=A9
 0003:00012728 00000008 C=BSS     S=_BSS     G=DGROUP   M=D:\BC4\CBUILDER4\LIB\CP32MT.LIB|streams ACBP=A9
 0003:00012730 00000108 C=BSS     S=_BSS     G=DGROUP   M=D:\BC4\CBUILDER4\LIB\CP32MT.LIB|mbctype ACBP=A9
 0003:00012838 00000019 C=BSS     S=_BSS     G=DGROUP   M=D:\BC4\CBUILDER4\LIB\CP32MT.LIB|ermsghlp ACBP=A9
 0003:00012854 00000100 C=BSS     S=_BSS     G=DGROUP   M=D:\BC4\CBUILDER4\LIB\CP32MT.LIB|assert ACBP=A9
 0003:00012954 0000000C C=BSS     S=_BSS     G=DGROUP   M=D:\BC4\CBUILDER4\LIB\CP32MT.LIB|setargv ACBP=A9
 0003:00012960 00000010 C=BSS     S=_BSS     G=DGROUP   M=D:\BC4\CBUILDER4\LIB\CP32MT.LIB|setenvp ACBP=A9
 0003:00012970 00000048 C=BSS     S=_BSS     G=DGROUP   M=D:\BC4\CBUILDER4\LIB\CP32MT.LIB|globals ACBP=A9
 0003:000129B8 00000008 C=BSS     S=_BSS     G=DGROUP   M=D:\BC4\CBUILDER4\LIB\CP32MT.LIB|thrddata ACBP=A9
 0003:000129C0 00003004 C=BSS     S=_BSS     G=DGROUP   M=D:\BC4\CBUILDER4\LIB\CP32MT.LIB|_lock ACBP=A9
 0003:000159C4 00000010 C=BSS     S=_BSS     G=DGROUP   M=D:\BC4\CBUILDER4\LIB\CP32MT.LIB|xx ACBP=A9
 0004:00000000 00000008 C=TLS     S=_TLS     G=DGROUP   M=D:\BC4\CBUILDER4\LIB\RELEASE\VCL40.LIB|Classes ACBP=A9
 0004:00000008 00000008 C=TLS     S=_TLS     G=DGROUP   M=D:\BC4\CBUILDER4\LIB\RELEASE\VCL40.LIB|System ACBP=A9
 0004:00000010 000000A4 C=TLS     S=_TLS     G=DGROUP   M=D:\BC4\CBUILDER4\LIB\CP32MT.LIB|xxv ACBP=A9
 0004:000000B4 00000008 C=TLS     S=_TLS     G=DGROUP   M=D:\BC4\CBUILDER4\LIB\CP32MT.LIB|tls ACBP=A9

  Address         Publics by Name

 0001:000A37A0      @$bdele$qpv
 0001:000A37B0      @$bdla$qpv
 0001:000A37D4      @$bnew$qui
 0001:000A3808      @$bnwa$qui
 0001:0008B140      @$xp$10TBltBitmap
 0001:000875F8      @$xp$10TCCalendar
 0001:00008754      @$xp$10TFormAbout
 0001:0001886C      @$xp$10TFormRBInt
 0001:0008F828      @$xp$10TGraphKind
 0001:0003E468      @$xp$11Forms@TForm
 0001:00025C5C      @$xp$11Menus@TMenu
 0001:0007E64C      @$xp$11System@Byte
 0001:0007E608      @$xp$11System@Char
 0001:0007D5C1      @$xp$11System@Text
 0001:0007E660      @$xp$11System@Word
 0001:0007D5C1      @$xp$11System@file
 0001:000893EC      @$xp$11TCColorGrid
 0001:0008B5A4      @$xp$11TCGaugeKind
 0001:00017E38      @$xp$11TFormCodigo
 0001:000853E0      @$xp$11TFormLegend
 0001:0007D5C1      @$xp$12System@PChar
 0001:0007D5E6      @$xp$12System@PGUID
 0001:0007D5E6      @$xp$12System@TGUID
 0001:00082984      @$xp$12TFormFichReg
 0001:00040804      @$xp$13Forms@TScreen
 0001:00035988      @$xp$13Graphics@TPen
 0001:0007D5A0      @$xp$13System@Double
 0001:0007D612      @$xp$13System@PInt64
 0001:0007D5AD      @$xp$13System@Real48
 0001:0007D5C4      @$xp$13System@String
 0001:00008410      @$xp$13TFormFloatROB
 0001:00089AB4      @$xp$13TGridOrdering
 0001:0003FD54      @$xp$14Forms@IOleForm
 0001:0003EFA4      @$xp$14Forms@TMonitor
 0001:00035824      @$xp$14Graphics@TFont
 0001:000361F0      @$xp$14Graphics@TIcon
 0001:0001F540      @$xp$14Stdctrls@TEdit
 0001:0001FF30      @$xp$14Stdctrls@TMemo
 0001:0007E5E0      @$xp$14System@Boolean
 0001:0007E634      @$xp$14System@Integer
 0001:0007D624      @$xp$14System@PVarRec
 0001:0007D587      @$xp$14System@Pointer
 0001:0007E6C8      @$xp$14System@TObject
 0001:0007D624      @$xp$14System@TVarRec
 0001:00006DA0      @$xp$14TFormPrincipal
 0001:00075414      @$xp$15Buttons@TBitBtn
 0001:000079C4      @$xp$15Controls@TAlign
 0001:0004B4FC      @$xp$15Extctrls@TBevel
 0001:0004AF44      @$xp$15Extctrls@TImage
 0001:0004B93C      @$xp$15Extctrls@TPanel
 0001:0004ADCC      @$xp$15Extctrls@TTimer
 0001:0003FD28      @$xp$15Forms@IDesigner
 0001:0003EFEF      @$xp$15Forms@PHintInfo
 0001:0003EFF0      @$xp$15Forms@THintInfo
 0001:0003FE68      @$xp$15Forms@TPosition
 0001:00035A88      @$xp$15Graphics@TBrush
 0001:00007BE4      @$xp$15Graphics@TColor
 0001:0002CD9C      @$xp$15Grids@TDrawGrid
 0001:0008F958      @$xp$15Jpeg@TJPEGImage
 0001:00025D30      @$xp$15Menus@TMainMenu
 0001:00025934      @$xp$15Menus@TMenuItem
 0001:0001ECF4      @$xp$15Stdctrls@TLabel
 0001:0007D588      @$xp$15System@Cardinal
 0001:0007D578      @$xp$15System@Extended
 0001:0007D612      @$xp$15System@PVarData
 0001:0007D612      @$xp$15System@PVariant
 0001:0007E61C      @$xp$15System@Smallint
 0001:0007D612      @$xp$15System@TVarData
 0001:00018BB0      @$xp$15TFormLoadBuffer
 0001:0006D7D4      @$xp$16Classes@TStrings
 0001:000501D7      @$xp$16Controls@TCMDrag
 0001:00007A40      @$xp$16Controls@TCursor
 0001:0001A4D8      @$xp$16Cspin@TCSpinEdit
 0001:0008CF8C      @$xp$16Cspin@TCSpinEdit
 0001:00006F4C      @$xp$16Cspin@TCSpinEdit
 0001:000843A0      @$xp$16Cspin@TCSpinEdit
 0001:000171CC      @$xp$16Cspin@TCSpinEdit
 0001:0003EFC4      @$xp$16Forms@PCursorRec
 0001:0003EFC4      @$xp$16Forms@TCursorRec
 0001:0003EFA1      @$xp$16Forms@TFormClass
 0001:0003FDC0      @$xp$16Forms@TFormStyle
 0001:0003F62C      @$xp$16Forms@TScrollBox
 0001:0003EFC4      @$xp$16Forms@TTimerMode
 0001:000360BC      @$xp$16Graphics@TBitmap
 0001:00035B58      @$xp$16Graphics@TCanvas
 0001:00025660      @$xp$16Menus@TMenuBreak
 0001:00025F00      @$xp$16Menus@TPopupMenu
 0001:00020A80      @$xp$16Stdctrls@TButton
 0001:0007D612      @$xp$16System@PCurrency
 0001:0007D624      @$xp$16System@PDateTime
 0001:0007D612      @$xp$16System@PExtended
 0001:0007D612      @$xp$16System@PVarArray
 0001:0007D5C1      @$xp$16System@PWideChar
 0001:0007D614      @$xp$16System@TDateTime
 0001:0007D612      @$xp$16System@TVarArray
 0001:0007903A      @$xp$16Sysutils@LongRec
 0001:0007903A      @$xp$16Sysutils@TMethod
 0001:0007903A      @$xp$16Sysutils@WordRec
 0001:00019830      @$xp$16TFormGoToAddress
 0001:00018F00      @$xp$16TFormStoreBuffer
 0001:00082D28      @$xp$16TfrmEstadisticas
 0001:0006CDF4      @$xp$17Classes@TBiDiMode
 0001:0006CE78      @$xp$17Classes@TShortCut
 0001:0005F884      @$xp$17Comctrls@TAddMode
 0001:00062DD8      @$xp$17Comctrls@TToolBar
 0001:000501D7      @$xp$17Controls@PDragRec
 0001:00050754      @$xp$17Controls@TAnchors
 0001:000501D7      @$xp$17Controls@TCMFloat
 0001:00050744      @$xp$17Controls@TCaption
 0001:00050208      @$xp$17Controls@TControl
 0001:000501D7      @$xp$17Controls@TDragRec
 0001:00051200      @$xp$17Controls@TImeMode
 0001:00051288      @$xp$17Controls@TImeName
 0001:0003FE08      @$xp$17Forms@TBorderIcon
 0001:0003FF8C      @$xp$17Forms@TCloseEvent
 0001:000402EC      @$xp$17Forms@TCustomForm
 0001:00040680      @$xp$17Forms@TDataModule
 0001:0003FF2C      @$xp$17Forms@TPrintScale
 0001:00035D34      @$xp$17Graphics@TGraphic
 0001:00035441      @$xp$17Graphics@TPenData
 0001:00035390      @$xp$17Graphics@TPenMode
 0001:00035DDC      @$xp$17Graphics@TPicture
 0001:00035373      @$xp$17Graphics@TResData
 0001:0002CB18      @$xp$17Grids@TCustomGrid
 0001:0002C708      @$xp$17Grids@TGridOption
 0001:0002CC00      @$xp$17Grids@TMovedEvent
 0001:0002D8DC      @$xp$17Grids@TStringGrid
 0001:000219BC      @$xp$17Stdctrls@TListBox
 0001:0007D5B0      @$xp$17System@Openstring
 0001:0007903A      @$xp$17Sysutils@Int64Rec
 0001:0007905C      @$xp$17Sysutils@PTextBuf
 0001:0007905C      @$xp$17Sysutils@TFileRec
 0001:0007905C      @$xp$17Sysutils@TTextBuf
 0001:0007905C      @$xp$17Sysutils@TTextRec
 0001:00083DC8      @$xp$17TFormColaHistoria
 0001:0008F4DC      @$xp$17TPerformanceGraph
 0001:00074CF4      @$xp$18Buttons@TNumGlyphs
 0001:0006CD90      @$xp$18Classes@TAlignment
 0001:0006CCA0      @$xp$18Classes@TComponent
 0001:0006CEB4      @$xp$18Classes@THelpEvent
 0001:0006CDD4      @$xp$18Classes@TLeftRight
 0001:0006C5B0      @$xp$18Clipbrd@TClipboard
 0001:0005F8B9      @$xp$18Comctrls@PNodeInfo
 0001:0005F8B9      @$xp$18Comctrls@TNodeInfo
 0001:00060470      @$xp$18Comctrls@TTabSheet
 0001:000600C8      @$xp$18Comctrls@TTabStyle
 0001:00061C74      @$xp$18Comctrls@TTickMark
 0001:0005F8E0      @$xp$18Comctrls@TTrackBar
 0001:0005F8BC      @$xp$18Comctrls@TTreeNode
 0001:000512B4      @$xp$18Controls@TBevelCut
 0001:00050700      @$xp$18Controls@TDragKind
 0001:00007A58      @$xp$18Controls@TDragMode
 0001:00050970      @$xp$18Controls@TKeyEvent
 0001:0005072C      @$xp$18Controls@TTabOrder
 0001:0001AAD8      @$xp$18Cspin@TCSpinButton
 0001:000177D4      @$xp$18Cspin@TCSpinButton
 0001:0000754C      @$xp$18Cspin@TCSpinButton
 0001:0008D5C8      @$xp$18Cspin@TCSpinButton
 0001:000849A8      @$xp$18Cspin@TCSpinButton
 0001:000408D0      @$xp$18Forms@TApplication
 0001:0003FE50      @$xp$18Forms@TBorderIcons
 0001:0003F4E4      @$xp$18Forms@TBorderStyle
 0001:0003FF70      @$xp$18Forms@TModalResult
 0001:0003FD80      @$xp$18Forms@TWindowState
 0001:000354B6      @$xp$18Graphics@PResource
 0001:000354B8      @$xp$18Graphics@TFillMode
 0001:0003538E      @$xp$18Graphics@TFontData
 0001:000355EC      @$xp$18Graphics@TFontName
 0001:00035F78      @$xp$18Graphics@TMetafile
 0001:00035678      @$xp$18Graphics@TPenStyle
 0001:000354B6      @$xp$18Graphics@TResource
 0001:0002C7F0      @$xp$18Grids@TGridOptions
 0001:0002C6E4      @$xp$18Grids@TInplaceEdit
 0001:0001B244      @$xp$18Imglist@TImageType
 0001:0008F979      @$xp$18Jpeg@TJPEGDefaults
 0001:0007D612      @$xp$18System@PAnsiString
 0001:0007D612      @$xp$18System@POleVariant
 0001:0007D612      @$xp$18System@PWideString
 0001:0007D624      @$xp$18System@PackageInfo
 0001:0007D624      @$xp$18System@THeapStatus
 0001:000790F0      @$xp$18Sysutils@Exception
 0001:00079A04      @$xp$18Sysutils@TFileName
 0001:000790AC      @$xp$18Sysutils@TFloatRec
 0001:00079114      @$xp$18Sysutils@TNameType
 0001:00017028      @$xp$18TFormConfiguracion
 0001:0001D9C4      @$xp$18Toolwin@TEdgeStyle
 0001:00075258      @$xp$19Buttons@TBitBtnKind
 0001:0006CC7B      @$xp$19Classes@PStringItem
 0001:0006D6A0      @$xp$19Classes@TCollection
 0001:0006CC40      @$xp$19Classes@TDuplicates
 0001:0006CD7C      @$xp$19Classes@TIdentToInt
 0001:0006CD7C      @$xp$19Classes@TIntToIdent
 0001:0006CBEC      @$xp$19Classes@TPersistent
 0001:0006CC7C      @$xp$19Classes@TStringItem
 0001:0006D8D0      @$xp$19Classes@TStringList
 0001:0005F8E0      @$xp$19Comctrls@PNodeCache
 0001:0005F8E0      @$xp$19Comctrls@TNodeCache
 0001:000615BC      @$xp$19Comctrls@TStatusBar
 0001:00061CB0      @$xp$19Comctrls@TTickStyle
 0001:00051C38      @$xp$19Controls@TImageList
 0001:0004E760      @$xp$19Dialogs@TOpenDialog
 0001:0004E4F8      @$xp$19Dialogs@TOpenOption
 0001:0004E9C8      @$xp$19Dialogs@TSaveDialog
 0001:0003F010      @$xp$19Forms@TScrollBarInc
 0001:000354B6      @$xp$19Graphics@TBrushData
 0001:000355B0      @$xp$19Graphics@TFontPitch
 0001:00035618      @$xp$19Graphics@TFontStyle
 0001:0002CB60      @$xp$19Grids@TGetEditEvent
 0001:0002CBB0      @$xp$19Grids@TSetEditEvent
 0001:0007D612      @$xp$19System@PShortString
 0001:0007903A      @$xp$19Sysutils@PByteArray
 0001:0007903A      @$xp$19Sysutils@PWordArray
 0001:0007903A      @$xp$19Sysutils@TByteArray
 0001:0007903A      @$xp$19Sysutils@TProcedure
 0001:0007903C      @$xp$19Sysutils@TSearchRec
 0001:000790F0      @$xp$19Sysutils@TSysLocale
 0001:000790AC      @$xp$19Sysutils@TTimeStamp
 0001:0007903A      @$xp$19Sysutils@TWordArray
 0001:0001D970      @$xp$19Toolwin@TEdgeBorder
 0001:0001DB28      @$xp$19Toolwin@TToolWindow
 0001:0001CB7C      @$xp$20Actnlist@TActionLink
 0001:00074CB8      @$xp$20Buttons@TButtonStyle
 0001:00074E54      @$xp$20Buttons@TSpeedButton
 0001:0006CBEB      @$xp$20Classes@PPointerList
 0001:0006CD30      @$xp$20Classes@TBasicAction
 0001:0006CE5C      @$xp$20Classes@THelpContext
 0001:0006CE90      @$xp$20Classes@TNotifyEvent
 0001:0006CBEB      @$xp$20Classes@TPointerList
 0001:0005FEB4      @$xp$20Comctrls@TConversion
 0001:00062740      @$xp$20Comctrls@TToolButton
 0001:0008DB24      @$xp$20Controls@TAnchorKind
 0001:0001AFA8      @$xp$20Controls@TAnchorKind
 0001:00017CAC      @$xp$20Controls@TAnchorKind
 0001:00084E7C      @$xp$20Controls@TAnchorKind
 0001:0008B6F4      @$xp$20Controls@TAnchorKind
 0001:0008F854      @$xp$20Controls@TAnchorKind
 0001:00087DB0      @$xp$20Controls@TAnchorKind
 0001:00089AF4      @$xp$20Controls@TAnchorKind
 0001:00007FD0      @$xp$20Controls@TAnchorKind
 0001:000512F4      @$xp$20Controls@TBevelWidth
 0001:0005031C      @$xp$20Controls@THintWindow
 0001:000508BC      @$xp$20Controls@TMouseEvent
 0001:000516F4      @$xp$20Controls@TWinControl
 0001:0004E660      @$xp$20Dialogs@TOpenOptions
 0001:0004B3B8      @$xp$20Extctrls@TBevelShape
 0001:0004B384      @$xp$20Extctrls@TBevelStyle
 0001:0004C364      @$xp$20Extctrls@TRadioGroup
 0001:00040000      @$xp$20Forms@TShortCutEvent
 0001:00035444      @$xp$20Graphics@TBrushStyle
 0001:00035660      @$xp$20Graphics@TFontStyles
 0001:0002C860      @$xp$20Grids@TDrawCellEvent
 0001:00029D38      @$xp$20Mask@TCustomMaskEdit
 0001:0001B0DC      @$xp$20Stdactns@THintAction
 0001:0001F3CC      @$xp$20Stdctrls@TCustomEdit
 0001:0001FDD8      @$xp$20Stdctrls@TCustomMemo
 0001:0001EA9C      @$xp$20Stdctrls@TTextLayout
 0001:00079114      @$xp$20Sysutils@ExceptClass
 0001:00079024      @$xp$20Sysutils@TSysCharSet
 0001:0001D9AC      @$xp$20Toolwin@TEdgeBorders
 0001:00074C64      @$xp$21Buttons@TButtonLayout
 0001:0005FF04      @$xp$21Comctrls@TIconOptions
 0001:00060A2C      @$xp$21Comctrls@TPageControl
 0001:00061F58      @$xp$21Comctrls@TProgressBar
 0001:00061240      @$xp$21Comctrls@TStatusPanel
 0001:00060088      @$xp$21Comctrls@TTabPosition
 0001:00051310      @$xp$21Controls@IDockManager
 0001:00051298      @$xp$21Controls@TBorderWidth
 0001:00050170      @$xp$21Controls@TDragMessage
 0001:00050BF4      @$xp$21Controls@TUnDockEvent
 0001:0004E448      @$xp$21Dialogs@TCommonDialog
 0001:0004B804      @$xp$21Extctrls@TCustomPanel
 0001:000405A0      @$xp$21Forms@TCustomDockForm
 0001:0003FEDC      @$xp$21Forms@TDefaultMonitor
 0001:0003F02C      @$xp$21Forms@TScrollBarStyle
 0001:000355FC      @$xp$21Graphics@TFontCharset
 0001:0001B1F8      @$xp$21Imglist@TDrawingStyle
 0001:00025E2C      @$xp$21Menus@TPopupAlignment
 0001:0001EBE4      @$xp$21Stdctrls@TCustomLabel
 0001:000210E4      @$xp$21Stdctrls@TRadioButton
 0001:0001FC40      @$xp$21Stdctrls@TScrollStyle
 0001:0007D624      @$xp$21System@PMemoryManager
 0001:0007D624      @$xp$21System@TMemoryManager
 0001:0007D612      @$xp$21System@TVarArrayBound
 0001:0007D624      @$xp$21System@UnitEntryTable
 0001:0007905C      @$xp$21Sysutils@TFloatFormat
 0001:0001925C      @$xp$21TFormInstructionQueue
 0001:0001DCA4      @$xp$21Toolwin@TToolDockForm
 0001:0001CE14      @$xp$22Actnlist@TCustomAction
 0001:0006DE04      @$xp$22Classes@TComponentName
 0001:0006CD58      @$xp$22Classes@TIdentMapEntry
 0001:00060104      @$xp$22Comctrls@TDrawTabEvent
 0001:000613D8      @$xp$22Comctrls@TStatusPanels
 0001:000501D7      @$xp$22Controls@TCMDockClient
 0001:000502E9      @$xp$22Controls@TControlClass
 0001:000502E9      @$xp$22Controls@TCreateParams
 0001:00050ADC      @$xp$22Controls@TEndDragEvent
 0001:0003FFC4      @$xp$22Forms@TCloseQueryEvent
 0001:0003F480      @$xp$22Forms@TFormBorderStyle
 0001:0002C808      @$xp$22Grids@TSelectCellEvent
 0001:00025698      @$xp$22Menus@TMenuChangeEvent
 0001:0001F22C      @$xp$22Stdctrls@TEditCharCase
 0001:000216A0      @$xp$22Stdctrls@TListBoxStyle
 0001:0007D5E6      @$xp$22System@PInterfaceEntry
 0001:0007D5E6      @$xp$22System@PInterfaceTable
 0001:0007D624      @$xp$22System@PUnitEntryTable
 0001:0007D5E6      @$xp$22System@TInterfaceEntry
 0001:0007D5E6      @$xp$22System@TInterfaceTable
 0001:000790AC      @$xp$22Sysutils@TMbcsByteType
 0001:0006DE18      @$xp$23Classes@IDesignerNotify
 0001:0006D6C8      @$xp$23Classes@IStringsAdapter
 0001:0006CC9D      @$xp$23Classes@PStringItemList
 0001:0006CC14      @$xp$23Classes@TCollectionItem
 0001:0006CD01      @$xp$23Classes@TComponentClass
 0001:000501D7      @$xp$23Controls@PDockNotifyRec
 0001:00050614      @$xp$23Controls@TControlCanvas
 0001:0005197C      @$xp$23Controls@TCustomControl
 0001:00050B28      @$xp$23Controls@TDockDropEvent
 0001:000501D7      @$xp$23Controls@TDockNotifyRec
 0001:00050B7C      @$xp$23Controls@TDockOverEvent
 0001:00050A50      @$xp$23Controls@TDragDropEvent
 0001:00051B78      @$xp$23Controls@TDragImageList
 0001:000509E0      @$xp$23Controls@TDragOverEvent
 0001:000509B0      @$xp$23Controls@TKeyPressEvent
 0001:0008CE98      @$xp$23Cspin@TTimerSpeedButton
 0001:0003F0D8      @$xp$23Forms@TControlScrollBar
 0001:00035BFC      @$xp$23Graphics@TProgressEvent
 0001:00020910      @$xp$23Stdctrls@TButtonControl
 0001:00021858      @$xp$23Stdctrls@TCustomListBox
 0001:00020674      @$xp$23Stdctrls@TDrawItemEvent
 0001:0007D624      @$xp$23System@PackageInfoTable
 0001:0007D624      @$xp$23System@PackageUnitEntry
 0001:0007D612      @$xp$23System@TInterfacedClass
 0001:00079151      @$xp$23Sysutils@TTerminateProc
 0001:0006CD04      @$xp$24Classes@TBasicActionLink
 0001:0006CBEB      @$xp$24Classes@TListSortCompare
 0001:0006CC11      @$xp$24Classes@TPersistentClass
 0001:00061400      @$xp$24Comctrls@TDrawPanelEvent
 0001:000501D7      @$xp$24Controls@TCMUnDockClient
 0001:00050D0C      @$xp$24Controls@TCanResizeEvent
 0001:00050768      @$xp$24Controls@TConstraintSize
 0001:00051830      @$xp$24Controls@TGraphicControl
 0001:00050920      @$xp$24Controls@TMouseMoveEvent
 0001:00050C50      @$xp$24Controls@TStartDockEvent
 0001:00050A9C      @$xp$24Controls@TStartDragEvent
 0001:0004E38C      @$xp$24Dialogs@TFindReplaceFunc
 0001:00035774      @$xp$24Graphics@IChangeNotifier
 0001:00035374      @$xp$24Graphics@TFontStylesBase
 0001:00035748      @$xp$24Graphics@TGraphicsObject
 0001:0002D764      @$xp$24Grids@TStringGridStrings
 0001:0001B314      @$xp$24Imglist@TCustomImageList
 0001:000256E4      @$xp$24Menus@TMenuDrawItemEvent
 0001:0001EA70      @$xp$24Stdctrls@TCustomGroupBox
 0001:0007D5E8      @$xp$24System@TInterfacedObject
 0001:0001CBA4      @$xp$25Actnlist@TActionLinkClass
 0001:0001CB2C      @$xp$25Actnlist@TContainedAction
 0001:0006CBC0      @$xp$25Classes@EInvalidOperation
 0001:0006CD56      @$xp$25Classes@TBasicActionClass
 0001:0005FEDA      @$xp$25Comctrls@TConversionClass
 0001:00062448      @$xp$25Comctrls@TIconArrangement
 0001:000624E0      @$xp$25Comctrls@TToolButtonStyle
 0001:00050342      @$xp$25Controls@THintWindowClass
 0001:00050DE4      @$xp$25Controls@TMouseWheelEvent
 0001:00050800      @$xp$25Controls@TSizeConstraints
 0001:00079151      @$xp$25Sysutils@TPackageInfoProc
 0001:0001850C      @$xp$25TFormIntInstructionWindow
 0001:0001CD24      @$xp$26Actnlist@TCustomActionList
 0001:0005FEDA      @$xp$26Comctrls@PConversionFormat
 0001:0005FEDC      @$xp$26Comctrls@TConversionFormat
 0001:0006031C      @$xp$26Comctrls@TCustomTabControl
 0001:00061178      @$xp$26Comctrls@TStatusPanelBevel
 0001:00061140      @$xp$26Comctrls@TStatusPanelStyle
 0001:00060048      @$xp$26Comctrls@TTabChangingEvent
 0001:00060164      @$xp$26Comctrls@TTabGetImageEvent
 0001:00050C94      @$xp$26Controls@TGetSiteInfoEvent
 0001:0004C220      @$xp$26Extctrls@TCustomRadioGroup
 0001:0003F404      @$xp$26Forms@TScrollingWinControl
 0001:00025608      @$xp$26Menus@TMenuActionLinkClass
 0001:000206D4      @$xp$26Stdctrls@TMeasureItemEvent
 0001:0007D624      @$xp$26System@GetPackageInfoTable
 0001:0005FFCC      @$xp$27Comctrls@TDTParseInputEvent
 0001:000501D8      @$xp$27Controls@TControlActionLink
 0001:00025740      @$xp$27Menus@TMenuMeasureItemEvent
 0001:0007A40C      @$xp$27Sysutils@TActiveThreadArray
 0001:00018194      @$xp$27TFormFloatInstructionWindow
 0001:0006CC3D      @$xp$28Classes@TCollectionItemClass
 0001:0006CD7C      @$xp$28Classes@TFindGlobalComponent
 0001:0005FF03      @$xp$28Comctrls@PRichEditStreamInfo
 0001:0005FF03      @$xp$28Comctrls@TRichEditStreamInfo
 0001:000501D7      @$xp$28Controls@TCMDockNotification
 0001:0006CD2E      @$xp$29Classes@TBasicActionLinkClass
 0001:00061C34      @$xp$29Comctrls@TTrackBarOrientation
 0001:0001CB7A      @$xp$30Actnlist@TContainedActionClass
 0001:0005FF9C      @$xp$30Comctrls@TToolButtonActionLink
 0001:000502EC      @$xp$30Controls@TWinControlActionLink
 0001:00050E58      @$xp$31Controls@TMouseWheelUpDownEvent
 0001:0001E93C      @$xp$31Stdctrls@TButtonActionLinkClass
 0001:00061E00      @$xp$32Comctrls@TProgressBarOrientation
 0001:00050D68      @$xp$32Controls@TConstrainedResizeEvent
 0001:00050205      @$xp$32Controls@TControlActionLinkClass
 0001:00035340      @$xp$33Graphics@EInvalidGraphicOperation
 0001:0005FFCC      @$xp$35Comctrls@TToolButtonActionLinkClass
 0001:0005031C      @$xp$35Controls@TWinControlActionLinkClass
 0001:00007A0C      @$xp$48System@%Set$t20Controls@TAnchorKind$iuc$0$iuc$3%
 0001:00007A1C      @$xp$4bool
 0001:00015CB8      @$xp$6TDMGen
 0001:0007D5D0      @$xp$7HRESULT
 0001:0008B1B0      @$xp$7TCGauge
 0001:0007E6E8      @$xp$8IUnknown
 0001:000A3568      @$xp$9CTListBox
 0001:0001A348      @$xp$9TFormNext
 0001:00084208      @$xp$9TFormPred
 0001:00087CF0      @$xp$i
 0001:00007BFC      @$xp$l
 0001:00007A8C      @$xp$s
 0001:00007AA0      @$xp$ynpqqrp14System@TObject$v
[...]
 0002:000145EC      __indStub:5234
 0002:000145F0      __indStub:5235
 0002:000145F4      __indStub:5236
 0002:000145F8      __indStub:5237
 0002:000145FC      __indStub:5238
 0002:00014600      __indStub:5239
 0002:00014604      __indStub:4136
 0002:00014608      __indStub:6304
 0002:0001460C      __indStub:4135
 0002:00014610      __indStub:6897
 0002:00014614      __indStub:8091
 0002:00014618      __indStub:8092
 0002:0001461C      __indStub:8093
 0002:00014620      __indStub:8094
 0002:00014624      __indStub:8190
 0002:00014628      __indStub:8258
 0002:0001462C      __indStub:8188
 0002:00014630      __indStub:8424
 0002:00014634      __indStub:8154
 0002:00014638      __indStub:6980
 0002:0001463C      __indStub:6994
 0002:00014640      __indStub:8170
 0002:00014644      __indStub:8196
 0002:00014648      __indStub:8278
 0002:0001464C      __indStub:8178
 0002:00014650      __indStub:8180
 0002:00014654      __indStub:8481
 0002:00014658      __indStub:8357
 0002:0001465C      __indStub:8184
 0002:00014660      __indStub:8182
 0002:00014664      __indStub:8160
 0002:00014668      __indStub:8162
 0002:0001466C      __indStub:8172
 0002:00014670      __indStub:8156
 0002:00014674      __indStub:8158
 0002:00014678      __indStub:8164
 0002:0001467C      __indStub:8166
 0002:00014680      __indStub:8204
 0002:00014684      __indStub:8208
 0002:00014688      __indStub:8212
 0002:0001468C      __indStub:8206
 0002:00014690      __indStub:8210
 0002:00014694      __indStub:8214
 0002:00014698      __indStub:8192
 0002:0001469C      __indStub:8194
 0002:000146A0      __indStub:8300
 0002:000146A4      __indStub:8294
 0002:000146A8      __indStub:8296
 0002:000146AC      __indStub:8298
 0002:000146B0      __indStub:8292
 0002:000146B4      __indStub:8288
 0002:000146B8      __indStub:8286
 0002:000146BC      __indStub:8290
 0002:000146C0      __indStub:8284
 0002:000146C4      __indStub:8282
 0002:000146C8      __indStub:6905
 0002:000146CC      __indStub:6906
 0002:000146D0      __indStub:6907
 0002:000146D4      __indStub:6908
 0002:000146D8      __indStub:6888
 0002:000146DC      __indStub:6889
 0002:000146E0      __indStub:6890
 0002:000146E4      __indStub:6892
 0002:000146E8      __indStub:12277
 0002:000146EC      __indStub:4336
 0002:000146F0      __indStub:8108
 0002:000146F4      __indStub:8109
 0002:000146F8      __indStub:5300
 0002:000146FC      __indStub:10978
 0002:00014700      __indStub:4335
 0002:00014704      __indStub:12497
 0002:00014708      __indStub:12509
 0002:0001470C      __indStub:12556
 0002:00014710      __indStub:12558
 0002:00014714      __indStub:12513
 0002:00014718      __indStub:12586
 0002:0001471C      __indStub:12590
 0002:00014720      __indStub:12592
 0002:00014724      __indStub:12570
 0002:00014728      __indStub:12572
 0002:0001472C      __indStub:12594
 0002:00014730      __indStub:12546
 0002:00014734      __indStub:12584
 0002:00014738      __indStub:12511
 0002:0001473C      __indStub:12542
 0002:00014740      __indStub:12606
 0002:00014744      __indStub:12608
 0002:00014748      __indStub:12588
 0002:0001474C      __indStub:12582
 0002:00014750      __indStub:12580
 0002:00014754      __indStub:12578
 0002:00014758      __indStub:12568
 0002:0001475C      __indStub:12566
 0002:00014760      __indStub:12564
 0002:00014764      __indStub:12548
 0002:00014768      __indStub:12550
 0002:0001476C      __indStub:12552
 0002:00014770      __indStub:12544
 0002:00014774      __indStub:12540
 0002:00014778      __indStub:12538
 0002:0001477C      __indStub:12536
 0002:00014780      __indStub:12534
 0002:00014784      __indStub:12531
 0002:00014788      __indStub:12529
 0002:0001478C      __indStub:12527
 0002:00014790      __indStub:12525
 0002:00014794      __indStub:12523
 0002:00014798      __indStub:12521
 0002:0001479C      __indStub:12519
 0002:000147A0      __indStub:12517
 0002:000147A4      __indStub:12515
 0002:000147A8      __indStub:12562
 0002:000147AC      __indStub:12560
 0002:000147B0      __indStub:12686
 0002:000147B4      __indStub:12684
 0002:000147B8      __indStub:12682
 0002:000147BC      __indStub:12680
 0002:000147C0      __indStub:12678
 0002:000147C4      __indStub:12676
 0002:000147C8      __indStub:12674
 0002:000147CC      __indStub:12672
 0002:000147D0      __indStub:12670
 0002:000147D4      __indStub:12668
 0002:000147D8      __indStub:12666
 0002:000147DC      __indStub:12664
 0002:000147E0      __indStub:12662
 0002:000147E4      __indStub:12660
 0002:000147E8      __indStub:12658
 0002:000147EC      __indStub:12656
 0002:000147F0      __indStub:12654
 0002:000147F4      __indStub:12652
 0002:000147F8      __indStub:12650
 0002:000147FC      __indStub:12648
 0002:00014800      __indStub:12646
 0002:00014804      __indStub:12644
 0002:00014808      __indStub:12642
 0002:0001480C      __indStub:12640
 0002:00014810      __indStub:12638
 0002:00014814      __indStub:12636
 0002:00014818      __indStub:12634
 0002:0001481C      __indStub:12632
 0002:00014820      __indStub:12630
 0002:00014824      __indStub:12628
 0002:00014828      __indStub:12626
 0002:0001482C      __indStub:12624
 0002:00014830      __indStub:12622
 0002:00014834      __indStub:12620
 0002:00014838      __indStub:12618
 0002:0001483C      __indStub:12616
 0002:00014840      __indStub:12614
 0002:00014844      __indStub:12612
 0002:00014848      __indStub:7626
 0002:0001484C      __indStub:10988
 0002:00014850      __indStub:13108
 0002:00014854      __indStub:13107
 0002:00014858      __indStub:13110
 0002:0001485C      __indStub:13111
 0002:00014860      __indStub:13109
 0002:00014864      __indStub:13112
 0002:00014868      __indStub:13113
 0002:0001486C      __indStub:7103
 0002:00014870      __indStub:70
 0002:00014874      __indStub:7106
 0002:00014878      __indStub:72
 0002:0001487C      __indStub:7105
 0002:00014880      __indStub:74
 0002:00014884      __indStub:73
 0002:00014888      __indStub:13101
 0002:0001488C      __indStub:7099
 0002:00014890      __indStub:122
 0002:00014894      __indStub:123
 0002:00014898      __indStub:124
 0002:0001489C      __indStub:125
 0002:000148A0      __indStub:126
 0002:000148A4      __indStub:92
 0002:000148A8      __indStub:13609
 0002:000148AC      __indStub:8230
 0002:000148B0      __indStub:8236
 0002:000148B4      __indStub:8238
 0002:000148B8      __indStub:8240
 0002:000148BC      __indStub:8242
 0002:000148C0      __indStub:8244
 0002:000148C4      __indStub:3721
 0002:000148C8      __indStub:3723
 0002:000148CC      __indStub:8333
 0002:000148D0      __indStub:8331
 0002:000148D4      __indStub:8329
 0002:000148D8      __indStub:8335
 0002:000148DC      __indStub:8337
 0002:000148E0      __indStub:8303
 0002:000148E4      __indStub:8339
 0002:000148E8      __indStub:8688
 0002:000148EC      __indStub:8690
 0002:000148F0      __indStub:8692
 0002:000148F4      __indStub:8694
 0002:000148F8      __indStub:8696
 0002:000148FC      __indStub:8698
 0002:00014900      __indStub:8700
 0002:00014904      __indStub:8708
 0002:00014908      __indStub:8734
 0002:0001490C      __indStub:8469
 0002:00014910      __indStub:8466
 0002:00014914      __indStub:8319
 0002:00014918      __indStub:8317
 0002:0001491C      __indStub:8321
 0002:00014920      __indStub:14471
 0002:00014924      __indStub:14473
 0002:00014928      __indStub:14475
 0002:0001492C      __indStub:13027
 0002:00014930      __indStub:13024
 0002:00014934      __indStub:8367
 0002:00014938      __indStub:8369
 0002:0001493C      __indStub:13034
 0002:00014944      __TLS_index
 0003:00000000      @Sysinit@B2_2
 0003:00000000      @Sysinit@ModuleIsLib
 0003:00000001      @Sysinit@ModuleIsPackage
 0003:00000002      @Sysinit@ModuleIsCpp
 0003:00000004      @Sysinit@TlsIndex
 0003:00000008      @Sysinit@TlsLast
 0003:0000000C      @Sysinit@HInstance
 0003:00000010      @Sysinit@DllProc
 0003:0000001C      _machPtr
 0003:0000001C      @Unit1@B4_2
 0003:00000020      _memArg
 0003:00000024      _mem_size
 0003:00000028      _contenidoQueue
 0003:00002738      _contenidoWindowInt
 0003:00004E48      _contenidoWindowFloat
 0003:00007558      _contenidoRBufferInt
 0003:00009C68      _contenidoRBufferFloat
 0003:0000C378      _contenidoDataLoad
 0003:0000D700      _contenidoDataStore
 0003:0000EA88      _contenidoUnitsInt
 0003:0000FE10      _contenidoUnitsFloat
 0003:00011198      _dispData
 0003:0001119C      _dispWindow
 0003:000111A0      _dispRBuffer
 0003:000111A4      _StatsGeneral
 0003:00011244      _StatsBranch
 0003:0001125C      _StatsBlkStores
 0003:00011268      _FormPrincipal
 0003:0001126C      @Unit1@B4_3
 0003:00011270      _FormFloatROB
 0003:00011270      @Unit2@B5_2
 0003:00011274      @Unit2@B5_3
 0003:00011278      @Unit3@B6_2
 0003:00011278      _FormAbout
 0003:0001127C      @Unit3@B6_3
 0003:00011280      @B7_2
 0003:0001134C      _machPtr
 0003:00011354      _num_asm_files
 0003:00011358      _asmHashTbl
 0003:0001135C      @B8_2
 0003:00011690      _machPtr
 0003:00011694      _curr_LocalTbl
 0003:00011698      @B10_2
 0003:00011698      _machPtr
 0003:0001169C      _memArg
 0003:000116A0      _mem_size
 0003:000116A4      @B11_2
 0003:000116A4      _machPtr
 0003:000116B0      @B12_2
 0003:000116B0      _machPtr
 0003:000116B4      _memArg
 0003:000116B8      _mem_size
 0003:000116BC      @B13_2
 0003:000116BC      _machPtr
 0003:000116C0      _memArg
 0003:000116C4      _mem_size
 0003:000116C8      _machPtr
 0003:000116C8      @B16_2
 0003:000116CC      _memArg
 0003:000116D0      _mem_size
 0003:000116D4      _resultType
 0003:000116D8      @B17_2
 0003:000116DC      _machPtr
 0003:000116E0      _memArg
 0003:000116E4      _mem_size
 0003:000116E8      @B21_2
 0003:0001174C      _machPtr
 0003:00011750      @B22_2
 0003:00011754      _machPtr
 0003:00011758      @Unit4@B23_2
 0003:00011758      _machPtr
 0003:0001175C      _memArg
 0003:00011760      _mem_size
 0003:00011764      _DMGen
 0003:00011768      @Unit4@B23_3
 0003:0001176C      _machPtr
 0003:0001176C      @Configuracion@B24_2
 0003:00011770      _memArg
 0003:00011774      _mem_size
 0003:00011778      _FormConfiguracion
 0003:0001177C      @Configuracion@B24_3
 0003:00011780      _FormCodigo
 0003:00011780      @Unit5@B25_2
 0003:00011784      @Unit5@B25_3
 0003:00011788      _FormFloatInstructionWindow
 0003:00011788      @Floatinstructionwindow@B26_2
 0003:0001178C      @Floatinstructionwindow@B26_3
 0003:00011790      @Intinstructionwindow@B27_2
 0003:00011790      _FormIntInstructionWindow
 0003:00011794      @Intinstructionwindow@B27_3
 0003:00011798      _FormRBInt
 0003:00011798      @Rbint@B28_2
 0003:0001179C      @Rbint@B28_3
 0003:000117A0      @Loadbuffer@B29_2
 0003:000117A0      _FormLoadBuffer
 0003:000117A4      @Loadbuffer@B29_3
 0003:000117A8      @Storebuffer@B30_2
 0003:000117A8      _FormStoreBuffer
 0003:000117AC      @Storebuffer@B30_3
 0003:000117B0      @Instructionqueue@B31_2
 0003:000117B0      _FormInstructionQueue
 0003:000117B4      @Instructionqueue@B31_3
 0003:000117B8      @Gotoaddress@B32_2
 0003:000117B8      _machPtr
 0003:000117BC      _memArg
 0003:000117C0      _mem_size
 0003:000117C4      _FormGoToAddress
 0003:000117C8      @Gotoaddress@B32_3
 0003:000117CC      @Next@B33_2
 0003:000117CC      _machPtr
 0003:000117D0      _memArg
 0003:000117D4      _mem_size
 0003:000117D8      _FormNext
 0003:000117DC      @Next@B33_3
 0003:000117E0      @Urlmon@B108_2
 0003:000117E4      @Stdactns@B112_2
 0003:000117E8      @Imglist@B114_2
 0003:000117EC      @Actnlist@B116_2
 0003:000117F0      @Toolwin@B150_2
 0003:000117F4      @Typinfo@B156_2
 0003:000117F8      @Stdctrls@B158_2
 0003:000117FC      @Printers@B182_2
 0003:00011800      @Menus@B189_2
 0003:0001180C      @Mask@B192_2
 0003:00011810      @Grids@B196_2
 0003:00011814      @Graphics@SystemPalette16
 0003:00011814      @Graphics@B197_2
 0003:00011874      @Forms@B198_2
 0003:00011874      @Forms@Application
 0003:00011878      @Forms@Screen
 0003:0001187C      @Forms@GetDataModuleProviderNames
 0003:00011880      @Forms@UpdateDataModuleRegistry
 0003:000118C0      @Extctrls@B214_2
 0003:000118C4      @Dialogs@B217_2
 0003:00011904      @Controls@B223_2
 0003:00011904      @Controls@Mouse
 0003:00011908      @Controls@NewStyleControls
 0003:00011974      @Consts@B225_1
 0003:00011978      @Comstrs@B227_1
 0003:0001197C      @Comctrls@B229_2
 0003:000119B0      @Clipbrd@CF_PICTURE
 0003:000119B0      @Clipbrd@B236_1
 0003:000119B2      @Clipbrd@CF_COMPONENT
 0003:000119BC      @Classes@B237_2
 0003:000119BC      @Classes@GlobalNameSpace
 0003:000119C0      @Classes@FindGlobalComponent
 0003:000119E0      @Buttons@B240_2
 0003:00011A10      @Multimon@GetSystemMetrics
 0003:00011A10      @Multimon@B243_1
 0003:00011A14      @Multimon@MonitorFromWindow
 0003:00011A18      @Multimon@MonitorFromRect
 0003:00011A1C      @Multimon@MonitorFromPoint
 0003:00011A20      @Multimon@GetMonitorInfoA
 0003:00011A24      @Multimon@GetMonitorInfoW
 0003:00011A28      @Multimon@GetMonitorInfo
 0003:00011A2C      @Multimon@EnumDisplayMonitors
 0003:00011A44      @Flatsb@FlatSB_EnableScrollBar
 0003:00011A44      @Flatsb@B244_1
 0003:00011A48      @Flatsb@FlatSB_ShowScrollBar
 0003:00011A4C      @Flatsb@FlatSB_GetScrollRange
 0003:00011A50      @Flatsb@FlatSB_GetScrollInfo
 0003:00011A54      @Flatsb@FlatSB_GetScrollPos
 0003:00011A58      @Flatsb@FlatSB_SetScrollPos
 0003:00011A5C      @Flatsb@FlatSB_SetScrollInfo
 0003:00011A60      @Flatsb@FlatSB_SetScrollRange
 0003:00011A78      @Winspool@B248_1
 0003:00011A7C      @Windows@B253_2
 0003:00011A80      @Richedit@B260_1
 0003:00011A84      @Activex@B267_2
 0003:00011A88      @Messages@B272_1
 0003:00011A8C      @Imm@B281_1
 0003:00011A90      @Dlgs@B282_1
 0003:00011A94      @Commdlg@B285_1
 0003:00011A98      @Commctrl@B286_1
 0003:00011AA4      @Math@B287_2
 0003:00011AA8      @Sysconst@B294_1
 0003:00011AAC      @Sysutils@CurrencyString
 0003:00011AAC      @Sysutils@B295_2
 0003:00011AB0      @Sysutils@CurrencyFormat
 0003:00011AB1      @Sysutils@NegCurrFormat
 0003:00011AB2      @Sysutils@ThousandSeparator
 0003:00011AB3      @Sysutils@DecimalSeparator
 0003:00011AB4      @Sysutils@CurrencyDecimals
 0003:00011AB5      @Sysutils@DateSeparator
 0003:00011AB8      @Sysutils@ShortDateFormat
 0003:00011ABC      @Sysutils@LongDateFormat
 0003:00011AC0      @Sysutils@TimeSeparator
 0003:00011AC4      @Sysutils@TimeAMString
 0003:00011AC8      @Sysutils@TimePMString
 0003:00011ACC      @Sysutils@ShortTimeFormat
 0003:00011AD0      @Sysutils@LongTimeFormat
 0003:00011AD4      @Sysutils@ShortMonthNames
 0003:00011B04      @Sysutils@LongMonthNames
 0003:00011B34      @Sysutils@ShortDayNames
 0003:00011B50      @Sysutils@LongDayNames
 0003:00011B6C      @Sysutils@SysLocale
 0003:00011B78      @Sysutils@EraNames
 0003:00011B94      @Sysutils@EraYearOffsets
 0003:00011BB0      @Sysutils@ListSeparator
 0003:00011BC4      @System@ExceptProc
 0003:00011BC4      @System@B297_2
 0003:00011BC8      @System@ErrorProc
 0003:00011BCC      @System@ExceptClsProc
 0003:00011BD0      @System@ExceptObjProc
 0003:00011BD4      @System@ExceptionClass
 0003:00011BD8      @System@SafeCallErrorProc
 0003:00011BDC      @System@AssertErrorProc
 0003:00011BE0      @System@AbstractErrorProc
 0003:00011BE4      @System@HPrevInst
 0003:00011BE8      @System@MainInstance
 0003:00011BEC      @System@MainThreadID
 0003:00011BF0      @System@IsLibrary
 0003:00011BF4      @System@CmdShow
 0003:00011BF8      @System@CmdLine
 0003:00011BFC      @System@InitProc
 0003:00011C00      @System@ExitCode
 0003:00011C04      @System@ExitProc
 0003:00011C08      @System@ErrorAddr
 0003:00011C0C      @System@RandSeed
 0003:00011C10      @System@IsConsole
 0003:00011C11      @System@IsMultiThread
 0003:00011C12      @System@FileMode
 0003:00011C13      @System@Test8086
 0003:00011C14      @System@Test8087
 0003:00011C15      @System@TestFDIV
 0003:00011C18      @System@Input
 0003:00011DE4      @System@Output
 0003:00011FB0      @System@ClearAnyProc
 0003:00011FB4      @System@ChangeAnyProc
 0003:00011FB8      @System@RefAnyProc
 0003:00011FBC      @System@Unassigned
 0003:00011FCC      @System@Null
 0003:00011FDC      @System@EmptyParam
 0003:00011FEC      @System@AllocMemCount
 0003:00011FF0      @System@AllocMemSize
 0003:00012098      _machPtr
 0003:00012098      @Fichreg@B35_2
 0003:0001209C      _memArg
 0003:000120A0      _mem_size
 0003:000120A4      _FormFichReg
 0003:000120A8      @Fichreg@B35_3
 0003:000120AC      @Estadisticas@B36_2
 0003:000120AC      _frmEstadisticas
 0003:000120B0      @Estadisticas@B36_3
 0003:000120B4      _machPtr
 0003:000120B4      @Historia@B38_2
 0003:000120B8      _memArg
 0003:000120BC      _mem_size
 0003:000120C0      _FormColaHistoria
 0003:000120C4      @Historia@B38_3
 0003:000120C8      _machPtr
 0003:000120C8      @Branchform@B39_2
 0003:000120CC      _memArg
 0003:000120D0      _mem_size
 0003:000120D4      _FormPred
 0003:000120D8      @Branchform@B39_3
 0003:000120DC      _FormLegend
 0003:000120DC      @Legend@B41_2
 0003:000120E0      @Legend@B41_3
 0003:000120E4      @Ccalendr@B319_2
 0003:000120E8      @Cgrid@B321_2
 0003:000120EC      @Cgauges@B325_2
 0003:000120F0      @Cspin@B326_2
 0003:000120F4      @Perfgrap@B332_2
 0003:000120F8      @Jconsts@B336_1
 0003:000120FC      @Jpeg@B337_2
 0003:00012100      @Ctlistbox@B343_2
 0003:00012104      @B739_2
 0003:00012104      __new_handler
 0003:00012108      ___bad_alloc
 0003:0001210C      @B761_2
 0003:0001210C      __bormm_pfn_FreeMem
 0003:00012110      __bormm_pfn_GetMem
 0003:00012114      __bormm_pfn_ReallocMem
 0003:00012118      __bormm_pfn_HeapAddRef
 0003:0001211C      __bormm_pfn_HeapRelease
 0003:00012124      @B785_2
 0003:00012150      @B846_2
 0003:00012150      @__rwstd@__rw_error_msg_mutex
 0003:0001216C      @B1052_2
 0003:0001257C      @B1054_2
 0003:0001257C      __DestructorCountPtr
 0003:00012584      __HandlerPtr
 0003:00012584      @B1060_2
 0003:00012588      __UserHandlerPtr
 0003:0001258C      __pidtab
 0003:0001258C      @B1248_1
 0003:00012654      __handles
 0003:0001271C      @B1322_2
 0003:00012724      @B1330_1
 0003:00012728      @B1424_2
 0003:00012730      __mbctype
 0003:00012730      @B1954_2
 0003:00012834      __mbcsCodePage
 0003:00012838      @B2092_2
 0003:00012854      @B2100_2
 0003:00012954      __argv
 0003:00012954      @B2186_2
 0003:00012960      @B2254_2
 0003:00012960      __environ
 0003:00012968      __envsize
 0003:0001296C      __env_lock
 0003:00012970      __dll_table
 0003:00012970      @B2275_0
 0003:00012978      __ExcRegPtr
 0003:0001297C      __osenv
 0003:00012980      __wosenv
 0003:00012984      __oscmd
 0003:00012988      __woscmd
 0003:0001298C      ___exit_lock
 0003:00012990      __argc
 0003:00012994      __C0argc
 0003:00012998      __C0argv
 0003:0001299C      __C0environ
 0003:000129A0      __wC0argv
 0003:000129A4      __wC0environ
 0003:000129A8      __exe_table
 0003:000129B0      __stkbase
 0003:000129B4      __isWindows
 0003:000129B8      @B2297_2
 0003:000129C0      @B2303_2
 0003:000159C4      @B2379_2
 0003:000159C8      ___pCPPdebugHook
 0004:00000000      @Classes@T237_3
 0004:00000008      @System@T297_3
 0004:00000010      ___xxInfo
 0004:00000010      @T1054_3
 0004:000000B4      @T2289_1
 0004:000000B4      __stkindex
 0004:000000B8      __tlsindex
